[
  {
    "m": 40,
    "x": 78,
    "rows": [
      {
        "p": 80,
        "selectors": [
          1,
          1
        ],
        "T_i_j": "1276384236266955407404589199530667958725386358334",
        "margins": [
          "-591374503393435019823683990776142983238584830740",
          "6152364126501330251950934541782040442847646940",
          "722724455446538076746556482596023354496120951540",
          "1265742321518536493786656532254489069191833626180"
        ]
      },
      {
        "p": 81,
        "selectors": [
          1,
          1
        ],
        "T_i_j": "1230184954928138425525897766694034775418495605598",
        "margins": [
          "-37490443068911734492940702310639265577961789360",
          "558196907421765106880744122703262130150437272640",
          "1253932479011063659307509494459010751946623931000",
          "1766671821733335423815971200804234232817715208680"
        ]
      }
    ]
  },
  {
    "m": 150,
    "x": 292,
    "rows": [
      {
        "p": 294,
        "selectors": [
          1,
          1
        ],
        "T_i_j": "1478797014093316116967631871241362814377730494789509902505543645847304171625678431415339280453591887923277134909558922624411716389588334987747935051346521103699478685241486423560628706",
        "margins": [
          "-4885737169728493883724210625572251970292537472462901066303673293437051469177720019114317337403054639106106289055741757466580042540656861212328345729751274650858011657363427039740736",
          "-1992434459804493133683449280663090648375832641894929314836922665540110908756585400518927572217382126526146373493172425976608303662576973971665397244302736714052884548170155154176656",
          "11965835996495498162917897326029615883683906795914633889409386647191165002476443192787287688631882022752142756237460863896714698597020589053753348541601790201083619461806520864052672",
          "56277388420578314066816116206488210902189371257218568219406216930878438699329901090938233966443303903329158406451996826559788968556663662509504415840415956977832799179002351668609552"
        ]
      },
      {
        "p": 295,
        "selectors": [
          1,
          1
        ],
        "T_i_j": "1459716341638082663389658265261975880807032343085093841368816527929214155857290700936808218052111255353369188449862849326631184578535719191909420952395123637571848982029867634282330362",
        "margins": [
          "-4379557862226454600649240562132322555094158643740960282412224281768519714551468332869972945134248440142854179575509752955366047644273909878621311313486307884386716580535526622253384",
          "-1369732865309650455830220995713044620770731398872082635779664457600859143672842164862426500357153941561278484477511383304182402992089410149982835772145436373976854758885449372282472",
          "13056690897352487830318622155130587209332475230606772698436227442361202829626509593676979131959862513117402323083540920198597367369624149740632172858536916827794258605492297315022680",
          "58553996988991460109023080057815084105521737159286887074546577322539798546285239617116959975266866779310243307766384669127567181219456862530439176845590826528369302666435553075316040"
        ]
      },
      {
        "p": 296,
        "selectors": [
          1,
          1
        ],
        "T_i_j": "1431292796115300799113923598303751484285242527225582952348769822383930999001525262266418815428599237561260015688912671586106154478018472279004704858367410790736002928228657471973993054",
        "margins": [
          "-3793704626751969698382155124702490357026170739802978414069742218601338421297698643022010912367569421642409335496146974193440125488034151777828070495974410156589993880291854056482472",
          "-683620565101515134988215163002930987681766225289328641835164308318389037062966676623701068920360069091882588594374181749194277815257410802949134845949702508327372769337399112176072",
          "14126203059519055802262460055465831428806750581286400214162727120975787263026594543559146584982402216764741522917056573903459647925895371155879718418452882221643556218416455346326888",
          "60524155493815359430952919344086008543583532096408037636637026323841666298799421963784294877400766744524670664012626552866950005452148635189464423512274775189009832627878313187439048"
        ]
      },
      {
        "p": 297,
        "selectors": [
          1,
          1
        ],
        "T_i_j": "1394089585866080467710627964562351971466272304484906446564138921521532328871382336375978361447722455920250959821227157688327478480834671513055601004961261140199963553078069014592667160",
        "margins": [
          "-3137102513982180101744924919707791785053312450882932512549726190397808909579026986519000865441866464839469533580101017062701944681915432612046094447042874385481769046694630349087272",
          "55073676386284529970819085237206552355967713309990717582435169309859116879158974706378885166481542582247494697475449718362192626505365751631278724519210980868324993318944350713272",
          "15156065912277705444515978879522891408222757482546150755508331156501637437482123356317112708501555811746750103736551430516377759990191199643492013037802156344208736974941212164080232",
          "62151598071349407220214182095512204939757614879767220408420178137540998828656513004364212153713468706525084535555641278765524217269075744637829034702947580868454445643538384460559432"
        ]
      },
      {
        "p": 298,
        "selectors": [
          1,
          1
        ],
        "T_i_j": "1348829500798970892630686581855165512454178329224734427100387641608869244477111910961310106604829175096869140939753339393243921139544464176711953488496381739507689944673232268088708112",
        "margins": [
          "-2420881107484478491269430518775535940537295888328605152237766736829465829573191417735421404474550015298934631511514738565039862093721230105211450248740642312470640577813409521485668",
          "833629486820630147054227498978652478239094678946205581084904648741151762784581243814669937113761014390175367630436932758419009208088363955768034506723714843254748038303167753882780",
          "16127791375849359171137874166885981671655000957098526782064035829996890833310681899488912475257312803806467994971364513564737262423115612959598812054136802397753527678807834767187500",
          "63405790901825650090199085000009640191065068794031873659501526256639652200033035492964712632278674301845803675090397347511018563611689784866939392934458263721203865686170267543848460"
        ]
      },
      {
        "p": 299,
        "selectors": [
          1,
          1
        ],
        "T_i_j": "1296371634926106107888796451144387516875218607491933795972075484175160682039376381674343037112954056936513223043228689453670883987193048720675970478932993519299776735438474427946072772",
        "margins": [
          "-1658067469718114873612050140903510226588743624285823851155190398120101761276008692611529761744720305972574846115027147354468003494097774743620012559989916735057264208078745785922544",
          "1637793129870577003105223202346628100596100322469144109403088701544417781752638229004689461943256328242010832432113457269021721460211132090248586101948167879735362506956827666709856",
          "17023257875840752620298827054094463685127364716997122585601412968457726236848029632079279398965554154478787351731595601078216307425572405510312520248667882883721700332438106589237376",
          "64262883551088913676497156095957873540360968626234391940350250565539615018941169793590792455662206097817219230981252970524875522579457880178490342197409299044846148977343338230907616"
        ]
      },
      {
        "p": 300,
        "selectors": [
          1,
          1
        ],
        "T_i_j": "1237684385588655802182993047555278175322565463280319494845317211076235861064667293618248505410511454062162744198424780870310989365904311989631225512267363666025940024565918741869955044",
        "margins": [
          "-863194750740792834625399291973316483279181332794449324829482142785856913238299336290492870939712756391513533751884073855752034323708480677837121982249103311109390004164734050751056",
          "2452208993085816449164999527390252319620471652666245526113764183852745960484977696018097336861809433601011852914564747070595952461609071445531419714832358929737091157517419878109024",
          "17825270476409684117535617117853669192722752581987664489056858025778234318565261602648721965578518961520855676491740750289431540732963471922295528309358868898120862010953811890997424",
          "64706462101514788889378352534724591056443674151303535105032767029322900689062372133989229637490319578659896656081609943515565398646887495377740736667326880443902481751890408841170224"
        ]
      },
      {
        "p": 301,
        "selectors": [
          1,
          1
        ],
        "T_i_j": "1173815909425322926360945816549462349804806769506210589130986438957264792200574438689772791459366417243513237815130987433973603220646316466593159660229564264675535123350209137507780740",
        "margins": [
          "-51842760479508139392370067151287140560720732186612087274587695081714784381513553937404898312483627980304783744907966292443655891065251423805808803896216064813330734899725976129824",
          "3260906190177910464456938038239099317956232725287166813216216209363120903990538919500804595213449815323954913296686132639069945686026527690633087888788449539396896867921764976596976",
          "18518109032224136077422610732887508103403428683079594232211702699223194793912188261058737859616185378841125998105515701435022518698145312485281289711457029883247861922126978258938336",
          "64728070900207400951078910198446840689954755742187567661364830669291719307235012569577935565610479231391041007234497685539203959382320761392175500532504205366132402209285505836634256"
        ]
      }
    ]
  }
]
