{
  "profile": [
    0,
    12,
    10
  ],
  "m": 22,
  "n": 101,
  "N": 76,
  "q": 77,
  "alpha": 78,
  "x": 37,
  "p": 39,
  "j": 37,
  "delta": 40,
  "D_j": 176733862787006701400,
  "guards": [
    true,
    true,
    true
  ],
  "Delta_p_A0": -11319302108154726892710,
  "C_j": 157478041951335331301454,
  "C_j1": 156199033032808625559120,
  "Delta_p_A3": -10424062636794201349994,
  "d_3": -895239471360525542716,
  "threshold_margin_3": 10424062636794201349994,
  "T_3_j": 52490861809690993350452,
  "Delta_p_A4": -10078464575583477845814,
  "d_4": -1240837532571249046896,
  "threshold_margin_4": 10078464575583477845814,
  "T_4_j": 64566367527362107996110,
  "e0": 1,
  "e3": 1,
  "e4": 1,
  "b": 77,
  "A": 4472325726243360080460672,
  "MASS_margin": 3927985428859379440148672,
  "payment_margin": 841657089276596927110510442162384388444656818560
}
