{
  "entries": [
    {
      "index": 1,
      "kind": "definition",
      "name": "e993BlockProduct",
      "path": "LeanProject/LeanProof/Snippets/0001-definition-e993BlockProduct.lean.fragment",
      "source_bytes": 226,
      "source_sha256": "39a4eb242309917b4cea453273a0d7af6df82205f9ee93706af053180f28a3be"
    }
  ],
  "files": [
    {
      "bytes": 749,
      "path": "DEPENDENCIES.yaml",
      "sha256": "f2d29a42fe90c3a2507f3036ce6bb2e6cdf88f979f4c3d6c0becadc179944f32"
    },
    {
      "bytes": 1569,
      "path": "FORMALIZATION-STATE.json",
      "sha256": "e9e5efb81c14e3a380f91144830426084dd415a3edd305860f3fc66164e87a1b"
    },
    {
      "bytes": 22,
      "path": "LeanProject/LeanProof.lean",
      "sha256": "f4dfdef8320a735eab53d24f4b47d3b60bcb474ffd2c84c77f24ae2fc75fcf31"
    },
    {
      "bytes": 536,
      "path": "LeanProject/LeanProof/Main.lean",
      "sha256": "58d7ee9bbe8e88146bfffb2f0753b73fc79afdf09695777aea68e7a09337adda"
    },
    {
      "bytes": 226,
      "path": "LeanProject/LeanProof/Snippets/0001-definition-e993BlockProduct.lean.fragment",
      "sha256": "39a4eb242309917b4cea453273a0d7af6df82205f9ee93706af053180f28a3be"
    },
    {
      "bytes": 237,
      "path": "LeanProject/lakefile.toml",
      "sha256": "45d0ca58145784d5f29322ff21a1335e350c38e72afe8d5396d9c9910b94ff49"
    },
    {
      "bytes": 25,
      "path": "LeanProject/lean-toolchain",
      "sha256": "2bdc48adfa58d0017e538a0ad117c5d73d35deec879978f909406a80c8037273"
    }
  ],
  "limitations": [
    "This receipt records prepared source and pins, not Lean kernel verification.",
    "The formalization may be false, incomplete, or fail to compile until independently verified.",
    "A git_manifest_only Mathlib dependency is pinned but is not fetched by this skill."
  ],
  "mathlib": {
    "identity_sha256": "74b8cf1d7d3bc21648cd94e0fbf596420d3efcd43131a21378beacbdeb7078e3",
    "mode": "git_manifest_only",
    "revision": "905b95818eb32af7874a58b427f50c1711a5e96c",
    "source": null,
    "url": "https://github.com/leanprover-community/mathlib4"
  },
  "network": {
    "allowed": false,
    "used": false
  },
  "operation": "entry_registered",
  "project_root": "/Users/ashtonsperry/VerityOS/experiments/erdos-993-absolute-compensation-dre-2026-09-27/runs/lean-2026-09-28-c4-jensen/LeanProject",
  "project_sha256": "9de41d004a4e5b5921ab13570dcff641692c113fd6b8e87f1d19801fc6dad932",
  "receipt_id": "lean-formalization:9de41d004a4e5b5921ab13570dcff641692c113fd6b8e87f1d19801fc6dad932",
  "receipt_sha256": "66f42cf0b6218bde1f9e8610fd900c5f0fd65c298340c298751b2f9ce25cccf0",
  "run_id": "lean-2026-09-28-c4-jensen",
  "run_root": "/Users/ashtonsperry/VerityOS/experiments/erdos-993-absolute-compensation-dre-2026-09-27/runs/lean-2026-09-28-c4-jensen",
  "schema_version": "verityos.lean-formalization-receipt.v1",
  "state_revision": 1,
  "state_sha256": "e9e5efb81c14e3a380f91144830426084dd415a3edd305860f3fc66164e87a1b",
  "status": "prepared_not_verified",
  "toolchain": {
    "bin_dir": "/Users/ashtonsperry/.elan/toolchains/leanprover--lean4---v4.32.2/bin",
    "lake_path": "/Users/ashtonsperry/.elan/toolchains/leanprover--lean4---v4.32.2/bin/lake",
    "lake_sha256": "58261a1a2fa1a362376c71e02ca854a093e71cc5e6ea64b287a931cb2565273d",
    "lake_version": "Lake version 5.0.0-src+f3b06c7 (Lean version 4.32.2)",
    "lean_path": "/Users/ashtonsperry/.elan/toolchains/leanprover--lean4---v4.32.2/bin/lean",
    "lean_sha256": "1b370cfcbf44e80d1b004ab1b1ab9a4c73951f9f7c242140bcff9bc577576554",
    "lean_version": "Lean (version 4.32.2, arm64-apple-darwin24.6.0, commit f3b06c705e6c85f5314019d5d3baab0fec5b580c, Release)",
    "pin": "leanprover/lean4:v4.32.2"
  },
  "verdict": "FORMALIZATION_PREPARED_NOT_KERNEL_VERIFIED"
}
