{
  "entries": [
    {
      "index": 1,
      "kind": "definition",
      "name": "e993BlockProduct",
      "path": "LeanProject/LeanProof/Snippets/0001-definition-e993BlockProduct.lean.fragment",
      "source_bytes": 226,
      "source_sha256": "39a4eb242309917b4cea453273a0d7af6df82205f9ee93706af053180f28a3be"
    },
    {
      "index": 2,
      "kind": "definition",
      "name": "e993BlockMass",
      "path": "LeanProject/LeanProof/Snippets/0002-definition-e993BlockMass.lean.fragment",
      "source_bytes": 130,
      "source_sha256": "03b5ac26ac84d45d313e280e700eab748de756da49239900c04dab557dfa650d"
    },
    {
      "index": 3,
      "kind": "definition",
      "name": "e993BlockCount",
      "path": "LeanProject/LeanProof/Snippets/0003-definition-e993BlockCount.lean.fragment",
      "source_bytes": 225,
      "source_sha256": "a36ecd60e8394e595db5164ecd8ad3041886a3f761a97cc4dc1f446c50dc1607"
    },
    {
      "index": 4,
      "kind": "definition",
      "name": "e993SubsetAverage",
      "path": "LeanProject/LeanProof/Snippets/0004-definition-e993SubsetAverage.lean.fragment",
      "source_bytes": 382,
      "source_sha256": "f5e3c55955d99a975188d41dc798a971837e255fa7b201ed9423ee0265ff7fb0"
    },
    {
      "index": 5,
      "kind": "definition",
      "name": "e993BlockExponent",
      "path": "LeanProject/LeanProof/Snippets/0005-definition-e993BlockExponent.lean.fragment",
      "source_bytes": 392,
      "source_sha256": "faceb6209677defc332399b3a244e4ba6b903d27036e54a98615517d013b57e1"
    },
    {
      "index": 6,
      "kind": "definition",
      "name": "e993ExpTaylor",
      "path": "LeanProject/LeanProof/Snippets/0006-definition-e993ExpTaylor.lean.fragment",
      "source_bytes": 127,
      "source_sha256": "df1cf11775b48b32dca39f92d846d6e57e9f4718648cfcfd0131812c72134a37"
    },
    {
      "index": 7,
      "kind": "definition",
      "name": "e993Fiber",
      "path": "LeanProject/LeanProof/Snippets/0007-definition-e993Fiber.lean.fragment",
      "source_bytes": 205,
      "source_sha256": "043c84b335b136423b2f5e69c81953526e7697700ef093d77f2613070222016c"
    },
    {
      "index": 8,
      "kind": "definition",
      "name": "e993FiberEquiv",
      "path": "LeanProject/LeanProof/Snippets/0008-definition-e993FiberEquiv.lean.fragment",
      "source_bytes": 376,
      "source_sha256": "96653fd262a49d271dab14e59126379c801b60fc3228b3f8f0011cffa63fb28e"
    },
    {
      "index": 9,
      "kind": "definition",
      "name": "e993CountVec",
      "path": "LeanProject/LeanProof/Snippets/0009-definition-e993CountVec.lean.fragment",
      "source_bytes": 475,
      "source_sha256": "52b46c179b2f1c98015c0c9d8bdb5f47cec3790e2223a2174aae7fdbfca8a30d"
    },
    {
      "index": 10,
      "kind": "definition",
      "name": "e993CountFiberEquiv",
      "path": "LeanProject/LeanProof/Snippets/0010-definition-e993CountFiberEquiv.lean.fragment",
      "source_bytes": 876,
      "source_sha256": "a1a167c0fb8854cf85f11a2575f5a4668b7cf92191410931d8ffaeee38251f53"
    },
    {
      "index": 11,
      "kind": "definition",
      "name": "e993BlockSet",
      "path": "LeanProject/LeanProof/Snippets/0011-definition-e993BlockSet.lean.fragment",
      "source_bytes": 190,
      "source_sha256": "fef18d07b024a6726479c9d9140f966e5744d95564b9319435e2f809a15b207f"
    },
    {
      "index": 12,
      "kind": "lemma",
      "name": "e993_card_ambient",
      "path": "LeanProject/LeanProof/Snippets/0012-lemma-e993_card_ambient.lean.fragment",
      "source_bytes": 151,
      "source_sha256": "d708ee04400e30935a78f0cba408a971a68080af5f69dd6c271afb19580f6d25"
    },
    {
      "index": 13,
      "kind": "lemma",
      "name": "e993_card_subsets",
      "path": "LeanProject/LeanProof/Snippets/0013-lemma-e993_card_subsets.lean.fragment",
      "source_bytes": 272,
      "source_sha256": "f0539cc57b797b0638d5c9442163444386837d709526c0395f4dc0bad4c4205f"
    },
    {
      "index": 14,
      "kind": "lemma",
      "name": "e993_mass_pos",
      "path": "LeanProject/LeanProof/Snippets/0014-lemma-e993_mass_pos.lean.fragment",
      "source_bytes": 193,
      "source_sha256": "6b3d90955167199ee7653df0e967d4c2f244ffbfad6e42b986811a9868693faf"
    },
    {
      "index": 15,
      "kind": "lemma",
      "name": "e993_taylor_le",
      "path": "LeanProject/LeanProof/Snippets/0015-lemma-e993_taylor_le.lean.fragment",
      "source_bytes": 168,
      "source_sha256": "d33282ff8ec332f896e150a9458f5a8abefa017c790483e30eedf9f2d1ceee83"
    },
    {
      "index": 16,
      "kind": "lemma",
      "name": "e993_scalar_log",
      "path": "LeanProject/LeanProof/Snippets/0016-lemma-e993_scalar_log.lean.fragment",
      "source_bytes": 322,
      "source_sha256": "07e90e165093497955abe6dd85665533e82faeeffe3a041f1356166373e4ea31"
    },
    {
      "index": 17,
      "kind": "lemma",
      "name": "e993_exponent_nonneg",
      "path": "LeanProject/LeanProof/Snippets/0017-lemma-e993_exponent_nonneg.lean.fragment",
      "source_bytes": 724,
      "source_sha256": "382d32f707d14ffa71fe66ca089b62da9c51207efe16c2078e7ba5a49870101e"
    },
    {
      "index": 18,
      "kind": "lemma",
      "name": "e993_rebuild_fibers",
      "path": "LeanProject/LeanProof/Snippets/0018-lemma-e993_rebuild_fibers.lean.fragment",
      "source_bytes": 221,
      "source_sha256": "012104ad43177c02ae5b475ee9eefed1f7f606360d01fc4b3f07705038ae11e8"
    },
    {
      "index": 19,
      "kind": "lemma",
      "name": "e993_fiber_rebuild",
      "path": "LeanProject/LeanProof/Snippets/0019-lemma-e993_fiber_rebuild.lean.fragment",
      "source_bytes": 225,
      "source_sha256": "e522e8a0a0822903a7ae43188b245996a768b54228fd8bb7af9427422df251f8"
    },
    {
      "index": 20,
      "kind": "lemma",
      "name": "e993_count_eq_fiber_card",
      "path": "LeanProject/LeanProof/Snippets/0020-lemma-e993_count_eq_fiber_card.lean.fragment",
      "source_bytes": 194,
      "source_sha256": "368c51d64851f7f20af77a85f32c11298d612e19a7a7da205e5fb62b6b46c138"
    },
    {
      "index": 21,
      "kind": "lemma",
      "name": "e993_sum_counts",
      "path": "LeanProject/LeanProof/Snippets/0021-lemma-e993_sum_counts.lean.fragment",
      "source_bytes": 391,
      "source_sha256": "d47d582bcc25c153d6e521c62db76b246a951657af47e779123f005b3d2b4eee"
    },
    {
      "index": 22,
      "kind": "lemma",
      "name": "e993_count_le",
      "path": "LeanProject/LeanProof/Snippets/0022-lemma-e993_count_le.lean.fragment",
      "source_bytes": 326,
      "source_sha256": "bf48bbb98d098f6fa5e55f516a19f1b04add684626e075f1978a7c782ffe0167"
    },
    {
      "index": 23,
      "kind": "lemma",
      "name": "e993_prod_monomial",
      "path": "LeanProject/LeanProof/Snippets/0023-lemma-e993_prod_monomial.lean.fragment",
      "source_bytes": 422,
      "source_sha256": "f547d3d2fd7e41c659166de8b5277caea8771076b9b4eec75eaacfad9ae463ec"
    }
  ],
  "files": [
    {
      "bytes": 749,
      "path": "DEPENDENCIES.yaml",
      "sha256": "f2d29a42fe90c3a2507f3036ce6bb2e6cdf88f979f4c3d6c0becadc179944f32"
    },
    {
      "bytes": 8156,
      "path": "FORMALIZATION-STATE.json",
      "sha256": "33cac91252db14264c25fe5a7d9af9af217be612c94981e1680acf378b29db83"
    },
    {
      "bytes": 22,
      "path": "LeanProject/LeanProof.lean",
      "sha256": "f4dfdef8320a735eab53d24f4b47d3b60bcb474ffd2c84c77f24ae2fc75fcf31"
    },
    {
      "bytes": 10650,
      "path": "LeanProject/LeanProof/Main.lean",
      "sha256": "3c039287fdecb5ab58e95d68639acac1f52573ee338fa3b406e2cdefdab0e812"
    },
    {
      "bytes": 226,
      "path": "LeanProject/LeanProof/Snippets/0001-definition-e993BlockProduct.lean.fragment",
      "sha256": "39a4eb242309917b4cea453273a0d7af6df82205f9ee93706af053180f28a3be"
    },
    {
      "bytes": 130,
      "path": "LeanProject/LeanProof/Snippets/0002-definition-e993BlockMass.lean.fragment",
      "sha256": "03b5ac26ac84d45d313e280e700eab748de756da49239900c04dab557dfa650d"
    },
    {
      "bytes": 225,
      "path": "LeanProject/LeanProof/Snippets/0003-definition-e993BlockCount.lean.fragment",
      "sha256": "a36ecd60e8394e595db5164ecd8ad3041886a3f761a97cc4dc1f446c50dc1607"
    },
    {
      "bytes": 382,
      "path": "LeanProject/LeanProof/Snippets/0004-definition-e993SubsetAverage.lean.fragment",
      "sha256": "f5e3c55955d99a975188d41dc798a971837e255fa7b201ed9423ee0265ff7fb0"
    },
    {
      "bytes": 392,
      "path": "LeanProject/LeanProof/Snippets/0005-definition-e993BlockExponent.lean.fragment",
      "sha256": "faceb6209677defc332399b3a244e4ba6b903d27036e54a98615517d013b57e1"
    },
    {
      "bytes": 127,
      "path": "LeanProject/LeanProof/Snippets/0006-definition-e993ExpTaylor.lean.fragment",
      "sha256": "df1cf11775b48b32dca39f92d846d6e57e9f4718648cfcfd0131812c72134a37"
    },
    {
      "bytes": 205,
      "path": "LeanProject/LeanProof/Snippets/0007-definition-e993Fiber.lean.fragment",
      "sha256": "043c84b335b136423b2f5e69c81953526e7697700ef093d77f2613070222016c"
    },
    {
      "bytes": 376,
      "path": "LeanProject/LeanProof/Snippets/0008-definition-e993FiberEquiv.lean.fragment",
      "sha256": "96653fd262a49d271dab14e59126379c801b60fc3228b3f8f0011cffa63fb28e"
    },
    {
      "bytes": 475,
      "path": "LeanProject/LeanProof/Snippets/0009-definition-e993CountVec.lean.fragment",
      "sha256": "52b46c179b2f1c98015c0c9d8bdb5f47cec3790e2223a2174aae7fdbfca8a30d"
    },
    {
      "bytes": 876,
      "path": "LeanProject/LeanProof/Snippets/0010-definition-e993CountFiberEquiv.lean.fragment",
      "sha256": "a1a167c0fb8854cf85f11a2575f5a4668b7cf92191410931d8ffaeee38251f53"
    },
    {
      "bytes": 190,
      "path": "LeanProject/LeanProof/Snippets/0011-definition-e993BlockSet.lean.fragment",
      "sha256": "fef18d07b024a6726479c9d9140f966e5744d95564b9319435e2f809a15b207f"
    },
    {
      "bytes": 151,
      "path": "LeanProject/LeanProof/Snippets/0012-lemma-e993_card_ambient.lean.fragment",
      "sha256": "d708ee04400e30935a78f0cba408a971a68080af5f69dd6c271afb19580f6d25"
    },
    {
      "bytes": 272,
      "path": "LeanProject/LeanProof/Snippets/0013-lemma-e993_card_subsets.lean.fragment",
      "sha256": "f0539cc57b797b0638d5c9442163444386837d709526c0395f4dc0bad4c4205f"
    },
    {
      "bytes": 193,
      "path": "LeanProject/LeanProof/Snippets/0014-lemma-e993_mass_pos.lean.fragment",
      "sha256": "6b3d90955167199ee7653df0e967d4c2f244ffbfad6e42b986811a9868693faf"
    },
    {
      "bytes": 168,
      "path": "LeanProject/LeanProof/Snippets/0015-lemma-e993_taylor_le.lean.fragment",
      "sha256": "d33282ff8ec332f896e150a9458f5a8abefa017c790483e30eedf9f2d1ceee83"
    },
    {
      "bytes": 322,
      "path": "LeanProject/LeanProof/Snippets/0016-lemma-e993_scalar_log.lean.fragment",
      "sha256": "07e90e165093497955abe6dd85665533e82faeeffe3a041f1356166373e4ea31"
    },
    {
      "bytes": 724,
      "path": "LeanProject/LeanProof/Snippets/0017-lemma-e993_exponent_nonneg.lean.fragment",
      "sha256": "382d32f707d14ffa71fe66ca089b62da9c51207efe16c2078e7ba5a49870101e"
    },
    {
      "bytes": 221,
      "path": "LeanProject/LeanProof/Snippets/0018-lemma-e993_rebuild_fibers.lean.fragment",
      "sha256": "012104ad43177c02ae5b475ee9eefed1f7f606360d01fc4b3f07705038ae11e8"
    },
    {
      "bytes": 225,
      "path": "LeanProject/LeanProof/Snippets/0019-lemma-e993_fiber_rebuild.lean.fragment",
      "sha256": "e522e8a0a0822903a7ae43188b245996a768b54228fd8bb7af9427422df251f8"
    },
    {
      "bytes": 194,
      "path": "LeanProject/LeanProof/Snippets/0020-lemma-e993_count_eq_fiber_card.lean.fragment",
      "sha256": "368c51d64851f7f20af77a85f32c11298d612e19a7a7da205e5fb62b6b46c138"
    },
    {
      "bytes": 391,
      "path": "LeanProject/LeanProof/Snippets/0021-lemma-e993_sum_counts.lean.fragment",
      "sha256": "d47d582bcc25c153d6e521c62db76b246a951657af47e779123f005b3d2b4eee"
    },
    {
      "bytes": 326,
      "path": "LeanProject/LeanProof/Snippets/0022-lemma-e993_count_le.lean.fragment",
      "sha256": "bf48bbb98d098f6fa5e55f516a19f1b04add684626e075f1978a7c782ffe0167"
    },
    {
      "bytes": 422,
      "path": "LeanProject/LeanProof/Snippets/0023-lemma-e993_prod_monomial.lean.fragment",
      "sha256": "f547d3d2fd7e41c659166de8b5277caea8771076b9b4eec75eaacfad9ae463ec"
    },
    {
      "bytes": 237,
      "path": "LeanProject/lakefile.toml",
      "sha256": "45d0ca58145784d5f29322ff21a1335e350c38e72afe8d5396d9c9910b94ff49"
    },
    {
      "bytes": 25,
      "path": "LeanProject/lean-toolchain",
      "sha256": "2bdc48adfa58d0017e538a0ad117c5d73d35deec879978f909406a80c8037273"
    }
  ],
  "limitations": [
    "This receipt records prepared source and pins, not Lean kernel verification.",
    "The formalization may be false, incomplete, or fail to compile until independently verified.",
    "A git_manifest_only Mathlib dependency is pinned but is not fetched by this skill."
  ],
  "mathlib": {
    "identity_sha256": "74b8cf1d7d3bc21648cd94e0fbf596420d3efcd43131a21378beacbdeb7078e3",
    "mode": "git_manifest_only",
    "revision": "905b95818eb32af7874a58b427f50c1711a5e96c",
    "source": null,
    "url": "https://github.com/leanprover-community/mathlib4"
  },
  "network": {
    "allowed": false,
    "used": false
  },
  "operation": "entry_registered",
  "project_root": "/Users/ashtonsperry/VerityOS/experiments/erdos-993-absolute-compensation-dre-2026-09-27/runs/lean-2026-09-28-c4-jensen/LeanProject",
  "project_sha256": "cd3312af6900892a2372d4a8bb5034e88fd0dd364da9750fa7d93c713ecbe027",
  "receipt_id": "lean-formalization:cd3312af6900892a2372d4a8bb5034e88fd0dd364da9750fa7d93c713ecbe027",
  "receipt_sha256": "a73cee30f7864b6bdbc752b8f873405d3b3960bb6509037f10c7a5a3a5330161",
  "run_id": "lean-2026-09-28-c4-jensen",
  "run_root": "/Users/ashtonsperry/VerityOS/experiments/erdos-993-absolute-compensation-dre-2026-09-27/runs/lean-2026-09-28-c4-jensen",
  "schema_version": "verityos.lean-formalization-receipt.v1",
  "state_revision": 23,
  "state_sha256": "33cac91252db14264c25fe5a7d9af9af217be612c94981e1680acf378b29db83",
  "status": "prepared_not_verified",
  "toolchain": {
    "bin_dir": "/Users/ashtonsperry/.elan/toolchains/leanprover--lean4---v4.32.2/bin",
    "lake_path": "/Users/ashtonsperry/.elan/toolchains/leanprover--lean4---v4.32.2/bin/lake",
    "lake_sha256": "58261a1a2fa1a362376c71e02ca854a093e71cc5e6ea64b287a931cb2565273d",
    "lake_version": "Lake version 5.0.0-src+f3b06c7 (Lean version 4.32.2)",
    "lean_path": "/Users/ashtonsperry/.elan/toolchains/leanprover--lean4---v4.32.2/bin/lean",
    "lean_sha256": "1b370cfcbf44e80d1b004ab1b1ab9a4c73951f9f7c242140bcff9bc577576554",
    "lean_version": "Lean (version 4.32.2, arm64-apple-darwin24.6.0, commit f3b06c705e6c85f5314019d5d3baab0fec5b580c, Release)",
    "pin": "leanprover/lean4:v4.32.2"
  },
  "verdict": "FORMALIZATION_PREPARED_NOT_KERNEL_VERIFIED"
}
