{
  "recipe": {
    "parent": "t_family(60)",
    "operation": "delete one entire root-adjacent K_1,3 arm",
    "remaining_K_1_3_arms": 59,
    "edges": [
      [
        0,
        1
      ],
      [
        1,
        2
      ]
    ],
    "rank_p": 90,
    "order": 239
  },
  "guards": {
    "alpha": 179,
    "first_strict_descent_x": 86,
    "x_plus_2_le_p": true,
    "3p": 270,
    "2alpha_plus_1": 359,
    "strict_lower_region": true
  },
  "favorable_leaf_count": 178,
  "aggregate_S": -171264854442676707009763817014456168190942415840549034149
}
