{
  "recipe": {
    "root": 0,
    "distinguished_path_edges": [
      [
        0,
        1
      ],
      [
        1,
        2
      ]
    ],
    "two_leaf_star_arms": 1,
    "three_leaf_star_arms": 64,
    "arm_centers_adjacent_to_root": true,
    "vertex_count": 262,
    "edge_count": 261,
    "rank_p": 96
  },
  "guards": {
    "alpha": 196,
    "first_strict_descent_x": 94,
    "x_plus_2_le_p": true,
    "3p": 288,
    "2alpha_plus_1": 393,
    "strict_lower_region": true
  },
  "favorable_leaf_count": 195,
  "aggregate_S": -23225611359279601736317404622011866341585648844974127116783136,
  "positive_summand_total": 68936685941554851752273316418217317715692442678170969440,
  "negative_summand_total": -23225680295965543291169156895328284558903364537416805287752576
}
