{
  "entries": [
    {
      "index": 1,
      "kind": "definition",
      "name": "e993TailB",
      "path": "LeanProject/LeanProof/Snippets/0001-definition-e993TailB.lean.fragment",
      "source_bytes": 120,
      "source_sha256": "0675aca6ddf94dfc3037b1f49627fd51e03d4b9e744d97ebb62edacced1625a7"
    },
    {
      "index": 2,
      "kind": "definition",
      "name": "e993TailN",
      "path": "LeanProject/LeanProof/Snippets/0002-definition-e993TailN.lean.fragment",
      "source_bytes": 64,
      "source_sha256": "238a93d24068682724bce84b4c4e3487067949ce27c0d5b72afcb8894425cfd4"
    },
    {
      "index": 3,
      "kind": "definition",
      "name": "e993TailH",
      "path": "LeanProject/LeanProof/Snippets/0003-definition-e993TailH.lean.fragment",
      "source_bytes": 114,
      "source_sha256": "0e4136253e6f6a2aac35a4d8e25c36d0458f1193bfa247b866efc540b0c13b62"
    },
    {
      "index": 4,
      "kind": "definition",
      "name": "e993TailC",
      "path": "LeanProject/LeanProof/Snippets/0004-definition-e993TailC.lean.fragment",
      "source_bytes": 117,
      "source_sha256": "f4881f3de4f298ab3fce9276a9bdfd452d7251463577c60d3e0ad0d0dc1ccab2"
    },
    {
      "index": 5,
      "kind": "definition",
      "name": "e993TailU",
      "path": "LeanProject/LeanProof/Snippets/0005-definition-e993TailU.lean.fragment",
      "source_bytes": 198,
      "source_sha256": "0d088074fbafb752e85c9de891b6bffc2e1ff1dfecac8c6ef8cfd63c1155c73a"
    },
    {
      "index": 6,
      "kind": "definition",
      "name": "e993TailE",
      "path": "LeanProject/LeanProof/Snippets/0006-definition-e993TailE.lean.fragment",
      "source_bytes": 126,
      "source_sha256": "3d9abc81727e01e78c3b080e598197e7a69ec5f967c539243431bc139d264261"
    },
    {
      "index": 7,
      "kind": "definition",
      "name": "e993TailNN",
      "path": "LeanProject/LeanProof/Snippets/0007-definition-e993TailNN.lean.fragment",
      "source_bytes": 69,
      "source_sha256": "cf4a322153ff70d541225e4e67c2eaa79ce8abe06f86e2f3f78a215bd1e2870d"
    }
  ],
  "files": [
    {
      "bytes": 749,
      "path": "DEPENDENCIES.yaml",
      "sha256": "f2d29a42fe90c3a2507f3036ce6bb2e6cdf88f979f4c3d6c0becadc179944f32"
    },
    {
      "bytes": 3307,
      "path": "FORMALIZATION-STATE.json",
      "sha256": "dd2333ff2d7efa945284df55a4c7bfa7f1e774afae15ce1983c6a87732e1a4fd"
    },
    {
      "bytes": 22,
      "path": "LeanProject/LeanProof.lean",
      "sha256": "f4dfdef8320a735eab53d24f4b47d3b60bcb474ffd2c84c77f24ae2fc75fcf31"
    },
    {
      "bytes": 1934,
      "path": "LeanProject/LeanProof/Main.lean",
      "sha256": "a7ea0bce5ca3fb00fc0df5730d136d8a654b19f0c060ecf53db1b6bb7563838b"
    },
    {
      "bytes": 120,
      "path": "LeanProject/LeanProof/Snippets/0001-definition-e993TailB.lean.fragment",
      "sha256": "0675aca6ddf94dfc3037b1f49627fd51e03d4b9e744d97ebb62edacced1625a7"
    },
    {
      "bytes": 64,
      "path": "LeanProject/LeanProof/Snippets/0002-definition-e993TailN.lean.fragment",
      "sha256": "238a93d24068682724bce84b4c4e3487067949ce27c0d5b72afcb8894425cfd4"
    },
    {
      "bytes": 114,
      "path": "LeanProject/LeanProof/Snippets/0003-definition-e993TailH.lean.fragment",
      "sha256": "0e4136253e6f6a2aac35a4d8e25c36d0458f1193bfa247b866efc540b0c13b62"
    },
    {
      "bytes": 117,
      "path": "LeanProject/LeanProof/Snippets/0004-definition-e993TailC.lean.fragment",
      "sha256": "f4881f3de4f298ab3fce9276a9bdfd452d7251463577c60d3e0ad0d0dc1ccab2"
    },
    {
      "bytes": 198,
      "path": "LeanProject/LeanProof/Snippets/0005-definition-e993TailU.lean.fragment",
      "sha256": "0d088074fbafb752e85c9de891b6bffc2e1ff1dfecac8c6ef8cfd63c1155c73a"
    },
    {
      "bytes": 126,
      "path": "LeanProject/LeanProof/Snippets/0006-definition-e993TailE.lean.fragment",
      "sha256": "3d9abc81727e01e78c3b080e598197e7a69ec5f967c539243431bc139d264261"
    },
    {
      "bytes": 69,
      "path": "LeanProject/LeanProof/Snippets/0007-definition-e993TailNN.lean.fragment",
      "sha256": "cf4a322153ff70d541225e4e67c2eaa79ce8abe06f86e2f3f78a215bd1e2870d"
    },
    {
      "bytes": 237,
      "path": "LeanProject/lakefile.toml",
      "sha256": "45d0ca58145784d5f29322ff21a1335e350c38e72afe8d5396d9c9910b94ff49"
    },
    {
      "bytes": 25,
      "path": "LeanProject/lean-toolchain",
      "sha256": "2bdc48adfa58d0017e538a0ad117c5d73d35deec879978f909406a80c8037273"
    }
  ],
  "limitations": [
    "This receipt records prepared source and pins, not Lean kernel verification.",
    "The formalization may be false, incomplete, or fail to compile until independently verified.",
    "A git_manifest_only Mathlib dependency is pinned but is not fetched by this skill."
  ],
  "mathlib": {
    "identity_sha256": "74b8cf1d7d3bc21648cd94e0fbf596420d3efcd43131a21378beacbdeb7078e3",
    "mode": "git_manifest_only",
    "revision": "905b95818eb32af7874a58b427f50c1711a5e96c",
    "source": null,
    "url": "https://github.com/leanprover-community/mathlib4"
  },
  "network": {
    "allowed": false,
    "used": false
  },
  "operation": "entry_registered",
  "project_root": "/Users/ashtonsperry/VerityOS/experiments/erdos-993-absolute-compensation-dre-2026-09-27/runs/lean-2026-09-28-c6-surplus-tail/LeanProject",
  "project_sha256": "f1360e1999a609593fda74ec608c661a9911c1386f024a096ecb1f5120d8fbbf",
  "receipt_id": "lean-formalization:f1360e1999a609593fda74ec608c661a9911c1386f024a096ecb1f5120d8fbbf",
  "receipt_sha256": "df23745098060e0867c3b31f7902aa470ffa5480713effa9e29fc7bf39a025c7",
  "run_id": "lean-2026-09-28-c6-surplus-tail",
  "run_root": "/Users/ashtonsperry/VerityOS/experiments/erdos-993-absolute-compensation-dre-2026-09-27/runs/lean-2026-09-28-c6-surplus-tail",
  "schema_version": "verityos.lean-formalization-receipt.v1",
  "state_revision": 7,
  "state_sha256": "dd2333ff2d7efa945284df55a4c7bfa7f1e774afae15ce1983c6a87732e1a4fd",
  "status": "prepared_not_verified",
  "toolchain": {
    "bin_dir": "/Users/ashtonsperry/.elan/toolchains/leanprover--lean4---v4.32.2/bin",
    "lake_path": "/Users/ashtonsperry/.elan/toolchains/leanprover--lean4---v4.32.2/bin/lake",
    "lake_sha256": "58261a1a2fa1a362376c71e02ca854a093e71cc5e6ea64b287a931cb2565273d",
    "lake_version": "Lake version 5.0.0-src+f3b06c7 (Lean version 4.32.2)",
    "lean_path": "/Users/ashtonsperry/.elan/toolchains/leanprover--lean4---v4.32.2/bin/lean",
    "lean_sha256": "1b370cfcbf44e80d1b004ab1b1ab9a4c73951f9f7c242140bcff9bc577576554",
    "lean_version": "Lean (version 4.32.2, arm64-apple-darwin24.6.0, commit f3b06c705e6c85f5314019d5d3baab0fec5b580c, Release)",
    "pin": "leanprover/lean4:v4.32.2"
  },
  "verdict": "FORMALIZATION_PREPARED_NOT_KERNEL_VERIFIED"
}
