{
  "entries": [
    {
      "index": 1,
      "kind": "definition",
      "name": "e993TailB",
      "path": "LeanProject/LeanProof/Snippets/0001-definition-e993TailB.lean.fragment",
      "source_bytes": 120,
      "source_sha256": "0675aca6ddf94dfc3037b1f49627fd51e03d4b9e744d97ebb62edacced1625a7"
    },
    {
      "index": 2,
      "kind": "definition",
      "name": "e993TailN",
      "path": "LeanProject/LeanProof/Snippets/0002-definition-e993TailN.lean.fragment",
      "source_bytes": 64,
      "source_sha256": "238a93d24068682724bce84b4c4e3487067949ce27c0d5b72afcb8894425cfd4"
    },
    {
      "index": 3,
      "kind": "definition",
      "name": "e993TailH",
      "path": "LeanProject/LeanProof/Snippets/0003-definition-e993TailH.lean.fragment",
      "source_bytes": 114,
      "source_sha256": "0e4136253e6f6a2aac35a4d8e25c36d0458f1193bfa247b866efc540b0c13b62"
    },
    {
      "index": 4,
      "kind": "definition",
      "name": "e993TailC",
      "path": "LeanProject/LeanProof/Snippets/0004-definition-e993TailC.lean.fragment",
      "source_bytes": 117,
      "source_sha256": "f4881f3de4f298ab3fce9276a9bdfd452d7251463577c60d3e0ad0d0dc1ccab2"
    },
    {
      "index": 5,
      "kind": "definition",
      "name": "e993TailU",
      "path": "LeanProject/LeanProof/Snippets/0005-definition-e993TailU.lean.fragment",
      "source_bytes": 198,
      "source_sha256": "0d088074fbafb752e85c9de891b6bffc2e1ff1dfecac8c6ef8cfd63c1155c73a"
    },
    {
      "index": 6,
      "kind": "definition",
      "name": "e993TailE",
      "path": "LeanProject/LeanProof/Snippets/0006-definition-e993TailE.lean.fragment",
      "source_bytes": 126,
      "source_sha256": "3d9abc81727e01e78c3b080e598197e7a69ec5f967c539243431bc139d264261"
    },
    {
      "index": 7,
      "kind": "definition",
      "name": "e993TailNN",
      "path": "LeanProject/LeanProof/Snippets/0007-definition-e993TailNN.lean.fragment",
      "source_bytes": 69,
      "source_sha256": "cf4a322153ff70d541225e4e67c2eaa79ce8abe06f86e2f3f78a215bd1e2870d"
    },
    {
      "index": 8,
      "kind": "definition",
      "name": "e993TailD",
      "path": "LeanProject/LeanProof/Snippets/0008-definition-e993TailD.lean.fragment",
      "source_bytes": 152,
      "source_sha256": "93be2ca33f6eb0713431594817899e78f061e2c240b27553d92c1fb6ac71b7ff"
    },
    {
      "index": 9,
      "kind": "definition",
      "name": "e993TailLE",
      "path": "LeanProject/LeanProof/Snippets/0009-definition-e993TailLE.lean.fragment",
      "source_bytes": 79,
      "source_sha256": "755c59a4419280bc69298c779c00237959ffbfd6f21a6d4e3440c91074b05bc0"
    },
    {
      "index": 10,
      "kind": "definition",
      "name": "e993BlockProduct",
      "path": "LeanProject/LeanProof/Snippets/0010-definition-e993BlockProduct.lean.fragment",
      "source_bytes": 200,
      "source_sha256": "a06825ae137ff6103e14e2ec4120fdb1651b587bd8a90055a613ba41fbc26045"
    },
    {
      "index": 11,
      "kind": "definition",
      "name": "e993BlockMass",
      "path": "LeanProject/LeanProof/Snippets/0011-definition-e993BlockMass.lean.fragment",
      "source_bytes": 130,
      "source_sha256": "03b5ac26ac84d45d313e280e700eab748de756da49239900c04dab557dfa650d"
    }
  ],
  "files": [
    {
      "bytes": 749,
      "path": "DEPENDENCIES.yaml",
      "sha256": "f2d29a42fe90c3a2507f3036ce6bb2e6cdf88f979f4c3d6c0becadc179944f32"
    },
    {
      "bytes": 4497,
      "path": "FORMALIZATION-STATE.json",
      "sha256": "d268e23dc01423b0e0af6517fa4cfe5ec9b0b4fadbd5e0b422c6f19e25eed3ef"
    },
    {
      "bytes": 22,
      "path": "LeanProject/LeanProof.lean",
      "sha256": "f4dfdef8320a735eab53d24f4b47d3b60bcb474ffd2c84c77f24ae2fc75fcf31"
    },
    {
      "bytes": 3059,
      "path": "LeanProject/LeanProof/Main.lean",
      "sha256": "b8a41332c06ae704f8fe52e226bd2173da75a7b0292c56dce954814190ed3852"
    },
    {
      "bytes": 120,
      "path": "LeanProject/LeanProof/Snippets/0001-definition-e993TailB.lean.fragment",
      "sha256": "0675aca6ddf94dfc3037b1f49627fd51e03d4b9e744d97ebb62edacced1625a7"
    },
    {
      "bytes": 64,
      "path": "LeanProject/LeanProof/Snippets/0002-definition-e993TailN.lean.fragment",
      "sha256": "238a93d24068682724bce84b4c4e3487067949ce27c0d5b72afcb8894425cfd4"
    },
    {
      "bytes": 114,
      "path": "LeanProject/LeanProof/Snippets/0003-definition-e993TailH.lean.fragment",
      "sha256": "0e4136253e6f6a2aac35a4d8e25c36d0458f1193bfa247b866efc540b0c13b62"
    },
    {
      "bytes": 117,
      "path": "LeanProject/LeanProof/Snippets/0004-definition-e993TailC.lean.fragment",
      "sha256": "f4881f3de4f298ab3fce9276a9bdfd452d7251463577c60d3e0ad0d0dc1ccab2"
    },
    {
      "bytes": 198,
      "path": "LeanProject/LeanProof/Snippets/0005-definition-e993TailU.lean.fragment",
      "sha256": "0d088074fbafb752e85c9de891b6bffc2e1ff1dfecac8c6ef8cfd63c1155c73a"
    },
    {
      "bytes": 126,
      "path": "LeanProject/LeanProof/Snippets/0006-definition-e993TailE.lean.fragment",
      "sha256": "3d9abc81727e01e78c3b080e598197e7a69ec5f967c539243431bc139d264261"
    },
    {
      "bytes": 69,
      "path": "LeanProject/LeanProof/Snippets/0007-definition-e993TailNN.lean.fragment",
      "sha256": "cf4a322153ff70d541225e4e67c2eaa79ce8abe06f86e2f3f78a215bd1e2870d"
    },
    {
      "bytes": 152,
      "path": "LeanProject/LeanProof/Snippets/0008-definition-e993TailD.lean.fragment",
      "sha256": "93be2ca33f6eb0713431594817899e78f061e2c240b27553d92c1fb6ac71b7ff"
    },
    {
      "bytes": 79,
      "path": "LeanProject/LeanProof/Snippets/0009-definition-e993TailLE.lean.fragment",
      "sha256": "755c59a4419280bc69298c779c00237959ffbfd6f21a6d4e3440c91074b05bc0"
    },
    {
      "bytes": 200,
      "path": "LeanProject/LeanProof/Snippets/0010-definition-e993BlockProduct.lean.fragment",
      "sha256": "a06825ae137ff6103e14e2ec4120fdb1651b587bd8a90055a613ba41fbc26045"
    },
    {
      "bytes": 130,
      "path": "LeanProject/LeanProof/Snippets/0011-definition-e993BlockMass.lean.fragment",
      "sha256": "03b5ac26ac84d45d313e280e700eab748de756da49239900c04dab557dfa650d"
    },
    {
      "bytes": 237,
      "path": "LeanProject/lakefile.toml",
      "sha256": "45d0ca58145784d5f29322ff21a1335e350c38e72afe8d5396d9c9910b94ff49"
    },
    {
      "bytes": 25,
      "path": "LeanProject/lean-toolchain",
      "sha256": "2bdc48adfa58d0017e538a0ad117c5d73d35deec879978f909406a80c8037273"
    }
  ],
  "limitations": [
    "This receipt records prepared source and pins, not Lean kernel verification.",
    "The formalization may be false, incomplete, or fail to compile until independently verified.",
    "A git_manifest_only Mathlib dependency is pinned but is not fetched by this skill."
  ],
  "mathlib": {
    "identity_sha256": "74b8cf1d7d3bc21648cd94e0fbf596420d3efcd43131a21378beacbdeb7078e3",
    "mode": "git_manifest_only",
    "revision": "905b95818eb32af7874a58b427f50c1711a5e96c",
    "source": null,
    "url": "https://github.com/leanprover-community/mathlib4"
  },
  "network": {
    "allowed": false,
    "used": false
  },
  "operation": "entry_registered",
  "project_root": "/Users/ashtonsperry/VerityOS/experiments/erdos-993-absolute-compensation-dre-2026-09-27/runs/lean-2026-09-28-c6-surplus-tail/LeanProject",
  "project_sha256": "de9e0cecae322c11ea8942a166b6585f0aae3be23aea680a8e1dcc9c5547ae96",
  "receipt_id": "lean-formalization:de9e0cecae322c11ea8942a166b6585f0aae3be23aea680a8e1dcc9c5547ae96",
  "receipt_sha256": "ff3527b02d7afe2d3756519ac608ef23b0308d39db58270af0d67538e65757e6",
  "run_id": "lean-2026-09-28-c6-surplus-tail",
  "run_root": "/Users/ashtonsperry/VerityOS/experiments/erdos-993-absolute-compensation-dre-2026-09-27/runs/lean-2026-09-28-c6-surplus-tail",
  "schema_version": "verityos.lean-formalization-receipt.v1",
  "state_revision": 11,
  "state_sha256": "d268e23dc01423b0e0af6517fa4cfe5ec9b0b4fadbd5e0b422c6f19e25eed3ef",
  "status": "prepared_not_verified",
  "toolchain": {
    "bin_dir": "/Users/ashtonsperry/.elan/toolchains/leanprover--lean4---v4.32.2/bin",
    "lake_path": "/Users/ashtonsperry/.elan/toolchains/leanprover--lean4---v4.32.2/bin/lake",
    "lake_sha256": "58261a1a2fa1a362376c71e02ca854a093e71cc5e6ea64b287a931cb2565273d",
    "lake_version": "Lake version 5.0.0-src+f3b06c7 (Lean version 4.32.2)",
    "lean_path": "/Users/ashtonsperry/.elan/toolchains/leanprover--lean4---v4.32.2/bin/lean",
    "lean_sha256": "1b370cfcbf44e80d1b004ab1b1ab9a4c73951f9f7c242140bcff9bc577576554",
    "lean_version": "Lean (version 4.32.2, arm64-apple-darwin24.6.0, commit f3b06c705e6c85f5314019d5d3baab0fec5b580c, Release)",
    "pin": "leanprover/lean4:v4.32.2"
  },
  "verdict": "FORMALIZATION_PREPARED_NOT_KERNEL_VERIFIED"
}
