{
  "entries": [
    {
      "index": 1,
      "kind": "definition",
      "name": "e993TailB",
      "path": "LeanProject/LeanProof/Snippets/0001-definition-e993TailB.lean.fragment",
      "source_bytes": 120,
      "source_sha256": "0675aca6ddf94dfc3037b1f49627fd51e03d4b9e744d97ebb62edacced1625a7"
    },
    {
      "index": 2,
      "kind": "definition",
      "name": "e993TailN",
      "path": "LeanProject/LeanProof/Snippets/0002-definition-e993TailN.lean.fragment",
      "source_bytes": 64,
      "source_sha256": "238a93d24068682724bce84b4c4e3487067949ce27c0d5b72afcb8894425cfd4"
    },
    {
      "index": 3,
      "kind": "definition",
      "name": "e993TailH",
      "path": "LeanProject/LeanProof/Snippets/0003-definition-e993TailH.lean.fragment",
      "source_bytes": 114,
      "source_sha256": "0e4136253e6f6a2aac35a4d8e25c36d0458f1193bfa247b866efc540b0c13b62"
    },
    {
      "index": 4,
      "kind": "definition",
      "name": "e993TailC",
      "path": "LeanProject/LeanProof/Snippets/0004-definition-e993TailC.lean.fragment",
      "source_bytes": 117,
      "source_sha256": "f4881f3de4f298ab3fce9276a9bdfd452d7251463577c60d3e0ad0d0dc1ccab2"
    },
    {
      "index": 5,
      "kind": "definition",
      "name": "e993TailU",
      "path": "LeanProject/LeanProof/Snippets/0005-definition-e993TailU.lean.fragment",
      "source_bytes": 198,
      "source_sha256": "0d088074fbafb752e85c9de891b6bffc2e1ff1dfecac8c6ef8cfd63c1155c73a"
    },
    {
      "index": 6,
      "kind": "definition",
      "name": "e993TailE",
      "path": "LeanProject/LeanProof/Snippets/0006-definition-e993TailE.lean.fragment",
      "source_bytes": 126,
      "source_sha256": "3d9abc81727e01e78c3b080e598197e7a69ec5f967c539243431bc139d264261"
    },
    {
      "index": 7,
      "kind": "definition",
      "name": "e993TailNN",
      "path": "LeanProject/LeanProof/Snippets/0007-definition-e993TailNN.lean.fragment",
      "source_bytes": 69,
      "source_sha256": "cf4a322153ff70d541225e4e67c2eaa79ce8abe06f86e2f3f78a215bd1e2870d"
    },
    {
      "index": 8,
      "kind": "definition",
      "name": "e993TailD",
      "path": "LeanProject/LeanProof/Snippets/0008-definition-e993TailD.lean.fragment",
      "source_bytes": 152,
      "source_sha256": "93be2ca33f6eb0713431594817899e78f061e2c240b27553d92c1fb6ac71b7ff"
    },
    {
      "index": 9,
      "kind": "definition",
      "name": "e993TailLE",
      "path": "LeanProject/LeanProof/Snippets/0009-definition-e993TailLE.lean.fragment",
      "source_bytes": 79,
      "source_sha256": "755c59a4419280bc69298c779c00237959ffbfd6f21a6d4e3440c91074b05bc0"
    },
    {
      "index": 10,
      "kind": "definition",
      "name": "e993BlockProduct",
      "path": "LeanProject/LeanProof/Snippets/0010-definition-e993BlockProduct.lean.fragment",
      "source_bytes": 200,
      "source_sha256": "a06825ae137ff6103e14e2ec4120fdb1651b587bd8a90055a613ba41fbc26045"
    },
    {
      "index": 11,
      "kind": "definition",
      "name": "e993BlockMass",
      "path": "LeanProject/LeanProof/Snippets/0011-definition-e993BlockMass.lean.fragment",
      "source_bytes": 130,
      "source_sha256": "03b5ac26ac84d45d313e280e700eab748de756da49239900c04dab557dfa650d"
    },
    {
      "index": 12,
      "kind": "definition",
      "name": "e993BlockCount",
      "path": "LeanProject/LeanProof/Snippets/0012-definition-e993BlockCount.lean.fragment",
      "source_bytes": 225,
      "source_sha256": "a36ecd60e8394e595db5164ecd8ad3041886a3f761a97cc4dc1f446c50dc1607"
    },
    {
      "index": 13,
      "kind": "definition",
      "name": "e993SubsetAverage",
      "path": "LeanProject/LeanProof/Snippets/0013-definition-e993SubsetAverage.lean.fragment",
      "source_bytes": 382,
      "source_sha256": "f5e3c55955d99a975188d41dc798a971837e255fa7b201ed9423ee0265ff7fb0"
    },
    {
      "index": 14,
      "kind": "definition",
      "name": "e993BlockExponent",
      "path": "LeanProject/LeanProof/Snippets/0014-definition-e993BlockExponent.lean.fragment",
      "source_bytes": 392,
      "source_sha256": "faceb6209677defc332399b3a244e4ba6b903d27036e54a98615517d013b57e1"
    },
    {
      "index": 15,
      "kind": "definition",
      "name": "e993ExpTaylor",
      "path": "LeanProject/LeanProof/Snippets/0015-definition-e993ExpTaylor.lean.fragment",
      "source_bytes": 127,
      "source_sha256": "df1cf11775b48b32dca39f92d846d6e57e9f4718648cfcfd0131812c72134a37"
    },
    {
      "index": 16,
      "kind": "definition",
      "name": "e993Fiber",
      "path": "LeanProject/LeanProof/Snippets/0016-definition-e993Fiber.lean.fragment",
      "source_bytes": 205,
      "source_sha256": "043c84b335b136423b2f5e69c81953526e7697700ef093d77f2613070222016c"
    },
    {
      "index": 17,
      "kind": "definition",
      "name": "e993CountVec",
      "path": "LeanProject/LeanProof/Snippets/0017-definition-e993CountVec.lean.fragment",
      "source_bytes": 475,
      "source_sha256": "52b46c179b2f1c98015c0c9d8bdb5f47cec3790e2223a2174aae7fdbfca8a30d"
    },
    {
      "index": 18,
      "kind": "definition",
      "name": "e993CountFiberEquiv",
      "path": "LeanProject/LeanProof/Snippets/0018-definition-e993CountFiberEquiv.lean.fragment",
      "source_bytes": 876,
      "source_sha256": "a1a167c0fb8854cf85f11a2575f5a4668b7cf92191410931d8ffaeee38251f53"
    },
    {
      "index": 19,
      "kind": "definition",
      "name": "e993BlockSet",
      "path": "LeanProject/LeanProof/Snippets/0019-definition-e993BlockSet.lean.fragment",
      "source_bytes": 190,
      "source_sha256": "fef18d07b024a6726479c9d9140f966e5744d95564b9319435e2f809a15b207f"
    },
    {
      "index": 20,
      "kind": "definition",
      "name": "e993TailBlockSize",
      "path": "LeanProject/LeanProof/Snippets/0020-definition-e993TailBlockSize.lean.fragment",
      "source_bytes": 148,
      "source_sha256": "91385076f738c912d2a061404c079805a9f5b1fb02cf64aef34d0faa49dfcfc2"
    },
    {
      "index": 21,
      "kind": "definition",
      "name": "e993TailG",
      "path": "LeanProject/LeanProof/Snippets/0021-definition-e993TailG.lean.fragment",
      "source_bytes": 149,
      "source_sha256": "f846f061b9eb0bf20f06b656b447c16bb16c91d6bce236cc1268d8967a0e4e88"
    },
    {
      "index": 22,
      "kind": "definition",
      "name": "e993TailQ",
      "path": "LeanProject/LeanProof/Snippets/0022-definition-e993TailQ.lean.fragment",
      "source_bytes": 103,
      "source_sha256": "9cfeb603fc563b6de4b4b738e9018154bc2883277daf6742597ed4a69d1982c5"
    },
    {
      "index": 23,
      "kind": "lemma",
      "name": "e993_tail_arity_lower",
      "path": "LeanProject/LeanProof/Snippets/0023-lemma-e993_tail_arity_lower.lean.fragment",
      "source_bytes": 322,
      "source_sha256": "b350a81941bebd3d953b0341e60f8acb58b518dc3118ecb143fe1e8828f7d01a"
    },
    {
      "index": 24,
      "kind": "lemma",
      "name": "e993_tail_arity_upper",
      "path": "LeanProject/LeanProof/Snippets/0024-lemma-e993_tail_arity_upper.lean.fragment",
      "source_bytes": 322,
      "source_sha256": "9f87fa08c16945ae2f299db9896fc1404b2e4bd3dc2569b21c0e58bebdde8fa8"
    },
    {
      "index": 25,
      "kind": "lemma",
      "name": "e993_tail_order_lower",
      "path": "LeanProject/LeanProof/Snippets/0025-lemma-e993_tail_order_lower.lean.fragment",
      "source_bytes": 410,
      "source_sha256": "3fd719bae24abc8f90d6c69a697bbaf829a281f2be138bfa7a96e8b37a6d29f1"
    },
    {
      "index": 26,
      "kind": "lemma",
      "name": "e993_tail_E_coeff",
      "path": "LeanProject/LeanProof/Snippets/0026-lemma-e993_tail_E_coeff.lean.fragment",
      "source_bytes": 293,
      "source_sha256": "26921fa5f8812488624f0449bb189e6edfd739a4bd7784ef67eec737fcb45e4d"
    },
    {
      "index": 27,
      "kind": "lemma",
      "name": "e993_tail_E_coeff_succ",
      "path": "LeanProject/LeanProof/Snippets/0027-lemma-e993_tail_E_coeff_succ.lean.fragment",
      "source_bytes": 217,
      "source_sha256": "17d627fce89908de80309c7ac4a1fe975a74ab0f92b5e5e31e8a101f8ba6c371"
    },
    {
      "index": 28,
      "kind": "lemma",
      "name": "e993_tail_NN_add",
      "path": "LeanProject/LeanProof/Snippets/0028-lemma-e993_tail_NN_add.lean.fragment",
      "source_bytes": 188,
      "source_sha256": "8dadf84b4109739dca6fcb353440d49de441eeef50c1ab7af644f6fe07508880"
    }
  ],
  "files": [
    {
      "bytes": 749,
      "path": "DEPENDENCIES.yaml",
      "sha256": "f2d29a42fe90c3a2507f3036ce6bb2e6cdf88f979f4c3d6c0becadc179944f32"
    },
    {
      "bytes": 9627,
      "path": "FORMALIZATION-STATE.json",
      "sha256": "79f0902529491acdd5415e0d1c96b9e2cb7579a0b7f849ac63434f1a40adde08"
    },
    {
      "bytes": 22,
      "path": "LeanProject/LeanProof.lean",
      "sha256": "f4dfdef8320a735eab53d24f4b47d3b60bcb474ffd2c84c77f24ae2fc75fcf31"
    },
    {
      "bytes": 10529,
      "path": "LeanProject/LeanProof/Main.lean",
      "sha256": "9d4763e11c86460fda900b867c4f4d380214aeb14a779724adf8c2a7c639f307"
    },
    {
      "bytes": 120,
      "path": "LeanProject/LeanProof/Snippets/0001-definition-e993TailB.lean.fragment",
      "sha256": "0675aca6ddf94dfc3037b1f49627fd51e03d4b9e744d97ebb62edacced1625a7"
    },
    {
      "bytes": 64,
      "path": "LeanProject/LeanProof/Snippets/0002-definition-e993TailN.lean.fragment",
      "sha256": "238a93d24068682724bce84b4c4e3487067949ce27c0d5b72afcb8894425cfd4"
    },
    {
      "bytes": 114,
      "path": "LeanProject/LeanProof/Snippets/0003-definition-e993TailH.lean.fragment",
      "sha256": "0e4136253e6f6a2aac35a4d8e25c36d0458f1193bfa247b866efc540b0c13b62"
    },
    {
      "bytes": 117,
      "path": "LeanProject/LeanProof/Snippets/0004-definition-e993TailC.lean.fragment",
      "sha256": "f4881f3de4f298ab3fce9276a9bdfd452d7251463577c60d3e0ad0d0dc1ccab2"
    },
    {
      "bytes": 198,
      "path": "LeanProject/LeanProof/Snippets/0005-definition-e993TailU.lean.fragment",
      "sha256": "0d088074fbafb752e85c9de891b6bffc2e1ff1dfecac8c6ef8cfd63c1155c73a"
    },
    {
      "bytes": 126,
      "path": "LeanProject/LeanProof/Snippets/0006-definition-e993TailE.lean.fragment",
      "sha256": "3d9abc81727e01e78c3b080e598197e7a69ec5f967c539243431bc139d264261"
    },
    {
      "bytes": 69,
      "path": "LeanProject/LeanProof/Snippets/0007-definition-e993TailNN.lean.fragment",
      "sha256": "cf4a322153ff70d541225e4e67c2eaa79ce8abe06f86e2f3f78a215bd1e2870d"
    },
    {
      "bytes": 152,
      "path": "LeanProject/LeanProof/Snippets/0008-definition-e993TailD.lean.fragment",
      "sha256": "93be2ca33f6eb0713431594817899e78f061e2c240b27553d92c1fb6ac71b7ff"
    },
    {
      "bytes": 79,
      "path": "LeanProject/LeanProof/Snippets/0009-definition-e993TailLE.lean.fragment",
      "sha256": "755c59a4419280bc69298c779c00237959ffbfd6f21a6d4e3440c91074b05bc0"
    },
    {
      "bytes": 200,
      "path": "LeanProject/LeanProof/Snippets/0010-definition-e993BlockProduct.lean.fragment",
      "sha256": "a06825ae137ff6103e14e2ec4120fdb1651b587bd8a90055a613ba41fbc26045"
    },
    {
      "bytes": 130,
      "path": "LeanProject/LeanProof/Snippets/0011-definition-e993BlockMass.lean.fragment",
      "sha256": "03b5ac26ac84d45d313e280e700eab748de756da49239900c04dab557dfa650d"
    },
    {
      "bytes": 225,
      "path": "LeanProject/LeanProof/Snippets/0012-definition-e993BlockCount.lean.fragment",
      "sha256": "a36ecd60e8394e595db5164ecd8ad3041886a3f761a97cc4dc1f446c50dc1607"
    },
    {
      "bytes": 382,
      "path": "LeanProject/LeanProof/Snippets/0013-definition-e993SubsetAverage.lean.fragment",
      "sha256": "f5e3c55955d99a975188d41dc798a971837e255fa7b201ed9423ee0265ff7fb0"
    },
    {
      "bytes": 392,
      "path": "LeanProject/LeanProof/Snippets/0014-definition-e993BlockExponent.lean.fragment",
      "sha256": "faceb6209677defc332399b3a244e4ba6b903d27036e54a98615517d013b57e1"
    },
    {
      "bytes": 127,
      "path": "LeanProject/LeanProof/Snippets/0015-definition-e993ExpTaylor.lean.fragment",
      "sha256": "df1cf11775b48b32dca39f92d846d6e57e9f4718648cfcfd0131812c72134a37"
    },
    {
      "bytes": 205,
      "path": "LeanProject/LeanProof/Snippets/0016-definition-e993Fiber.lean.fragment",
      "sha256": "043c84b335b136423b2f5e69c81953526e7697700ef093d77f2613070222016c"
    },
    {
      "bytes": 475,
      "path": "LeanProject/LeanProof/Snippets/0017-definition-e993CountVec.lean.fragment",
      "sha256": "52b46c179b2f1c98015c0c9d8bdb5f47cec3790e2223a2174aae7fdbfca8a30d"
    },
    {
      "bytes": 876,
      "path": "LeanProject/LeanProof/Snippets/0018-definition-e993CountFiberEquiv.lean.fragment",
      "sha256": "a1a167c0fb8854cf85f11a2575f5a4668b7cf92191410931d8ffaeee38251f53"
    },
    {
      "bytes": 190,
      "path": "LeanProject/LeanProof/Snippets/0019-definition-e993BlockSet.lean.fragment",
      "sha256": "fef18d07b024a6726479c9d9140f966e5744d95564b9319435e2f809a15b207f"
    },
    {
      "bytes": 148,
      "path": "LeanProject/LeanProof/Snippets/0020-definition-e993TailBlockSize.lean.fragment",
      "sha256": "91385076f738c912d2a061404c079805a9f5b1fb02cf64aef34d0faa49dfcfc2"
    },
    {
      "bytes": 149,
      "path": "LeanProject/LeanProof/Snippets/0021-definition-e993TailG.lean.fragment",
      "sha256": "f846f061b9eb0bf20f06b656b447c16bb16c91d6bce236cc1268d8967a0e4e88"
    },
    {
      "bytes": 103,
      "path": "LeanProject/LeanProof/Snippets/0022-definition-e993TailQ.lean.fragment",
      "sha256": "9cfeb603fc563b6de4b4b738e9018154bc2883277daf6742597ed4a69d1982c5"
    },
    {
      "bytes": 322,
      "path": "LeanProject/LeanProof/Snippets/0023-lemma-e993_tail_arity_lower.lean.fragment",
      "sha256": "b350a81941bebd3d953b0341e60f8acb58b518dc3118ecb143fe1e8828f7d01a"
    },
    {
      "bytes": 322,
      "path": "LeanProject/LeanProof/Snippets/0024-lemma-e993_tail_arity_upper.lean.fragment",
      "sha256": "9f87fa08c16945ae2f299db9896fc1404b2e4bd3dc2569b21c0e58bebdde8fa8"
    },
    {
      "bytes": 410,
      "path": "LeanProject/LeanProof/Snippets/0025-lemma-e993_tail_order_lower.lean.fragment",
      "sha256": "3fd719bae24abc8f90d6c69a697bbaf829a281f2be138bfa7a96e8b37a6d29f1"
    },
    {
      "bytes": 293,
      "path": "LeanProject/LeanProof/Snippets/0026-lemma-e993_tail_E_coeff.lean.fragment",
      "sha256": "26921fa5f8812488624f0449bb189e6edfd739a4bd7784ef67eec737fcb45e4d"
    },
    {
      "bytes": 217,
      "path": "LeanProject/LeanProof/Snippets/0027-lemma-e993_tail_E_coeff_succ.lean.fragment",
      "sha256": "17d627fce89908de80309c7ac4a1fe975a74ab0f92b5e5e31e8a101f8ba6c371"
    },
    {
      "bytes": 188,
      "path": "LeanProject/LeanProof/Snippets/0028-lemma-e993_tail_NN_add.lean.fragment",
      "sha256": "8dadf84b4109739dca6fcb353440d49de441eeef50c1ab7af644f6fe07508880"
    },
    {
      "bytes": 237,
      "path": "LeanProject/lakefile.toml",
      "sha256": "45d0ca58145784d5f29322ff21a1335e350c38e72afe8d5396d9c9910b94ff49"
    },
    {
      "bytes": 25,
      "path": "LeanProject/lean-toolchain",
      "sha256": "2bdc48adfa58d0017e538a0ad117c5d73d35deec879978f909406a80c8037273"
    }
  ],
  "limitations": [
    "This receipt records prepared source and pins, not Lean kernel verification.",
    "The formalization may be false, incomplete, or fail to compile until independently verified.",
    "A git_manifest_only Mathlib dependency is pinned but is not fetched by this skill."
  ],
  "mathlib": {
    "identity_sha256": "74b8cf1d7d3bc21648cd94e0fbf596420d3efcd43131a21378beacbdeb7078e3",
    "mode": "git_manifest_only",
    "revision": "905b95818eb32af7874a58b427f50c1711a5e96c",
    "source": null,
    "url": "https://github.com/leanprover-community/mathlib4"
  },
  "network": {
    "allowed": false,
    "used": false
  },
  "operation": "entry_registered",
  "project_root": "/Users/ashtonsperry/VerityOS/experiments/erdos-993-absolute-compensation-dre-2026-09-27/runs/lean-2026-09-28-c6-surplus-tail/LeanProject",
  "project_sha256": "61db0be6a9164ee504295ffe1af4d9b38479a5df01a7cb395b25b20e50ff1983",
  "receipt_id": "lean-formalization:61db0be6a9164ee504295ffe1af4d9b38479a5df01a7cb395b25b20e50ff1983",
  "receipt_sha256": "1df68e424a431103e3b83b8bbe3870e1f823a103d95e4b6a65edaf690797030a",
  "run_id": "lean-2026-09-28-c6-surplus-tail",
  "run_root": "/Users/ashtonsperry/VerityOS/experiments/erdos-993-absolute-compensation-dre-2026-09-27/runs/lean-2026-09-28-c6-surplus-tail",
  "schema_version": "verityos.lean-formalization-receipt.v1",
  "state_revision": 28,
  "state_sha256": "79f0902529491acdd5415e0d1c96b9e2cb7579a0b7f849ac63434f1a40adde08",
  "status": "prepared_not_verified",
  "toolchain": {
    "bin_dir": "/Users/ashtonsperry/.elan/toolchains/leanprover--lean4---v4.32.2/bin",
    "lake_path": "/Users/ashtonsperry/.elan/toolchains/leanprover--lean4---v4.32.2/bin/lake",
    "lake_sha256": "58261a1a2fa1a362376c71e02ca854a093e71cc5e6ea64b287a931cb2565273d",
    "lake_version": "Lake version 5.0.0-src+f3b06c7 (Lean version 4.32.2)",
    "lean_path": "/Users/ashtonsperry/.elan/toolchains/leanprover--lean4---v4.32.2/bin/lean",
    "lean_sha256": "1b370cfcbf44e80d1b004ab1b1ab9a4c73951f9f7c242140bcff9bc577576554",
    "lean_version": "Lean (version 4.32.2, arm64-apple-darwin24.6.0, commit f3b06c705e6c85f5314019d5d3baab0fec5b580c, Release)",
    "pin": "leanprover/lean4:v4.32.2"
  },
  "verdict": "FORMALIZATION_PREPARED_NOT_KERNEL_VERIFIED"
}
