{
  "entries": [
    {
      "index": 1,
      "kind": "definition",
      "name": "e993TailB",
      "path": "LeanProject/LeanProof/Snippets/0001-definition-e993TailB.lean.fragment",
      "source_bytes": 120,
      "source_sha256": "0675aca6ddf94dfc3037b1f49627fd51e03d4b9e744d97ebb62edacced1625a7"
    },
    {
      "index": 2,
      "kind": "definition",
      "name": "e993TailN",
      "path": "LeanProject/LeanProof/Snippets/0002-definition-e993TailN.lean.fragment",
      "source_bytes": 64,
      "source_sha256": "238a93d24068682724bce84b4c4e3487067949ce27c0d5b72afcb8894425cfd4"
    },
    {
      "index": 3,
      "kind": "definition",
      "name": "e993TailH",
      "path": "LeanProject/LeanProof/Snippets/0003-definition-e993TailH.lean.fragment",
      "source_bytes": 114,
      "source_sha256": "0e4136253e6f6a2aac35a4d8e25c36d0458f1193bfa247b866efc540b0c13b62"
    },
    {
      "index": 4,
      "kind": "definition",
      "name": "e993TailC",
      "path": "LeanProject/LeanProof/Snippets/0004-definition-e993TailC.lean.fragment",
      "source_bytes": 117,
      "source_sha256": "f4881f3de4f298ab3fce9276a9bdfd452d7251463577c60d3e0ad0d0dc1ccab2"
    },
    {
      "index": 5,
      "kind": "definition",
      "name": "e993TailU",
      "path": "LeanProject/LeanProof/Snippets/0005-definition-e993TailU.lean.fragment",
      "source_bytes": 198,
      "source_sha256": "0d088074fbafb752e85c9de891b6bffc2e1ff1dfecac8c6ef8cfd63c1155c73a"
    },
    {
      "index": 6,
      "kind": "definition",
      "name": "e993TailE",
      "path": "LeanProject/LeanProof/Snippets/0006-definition-e993TailE.lean.fragment",
      "source_bytes": 126,
      "source_sha256": "3d9abc81727e01e78c3b080e598197e7a69ec5f967c539243431bc139d264261"
    },
    {
      "index": 7,
      "kind": "definition",
      "name": "e993TailNN",
      "path": "LeanProject/LeanProof/Snippets/0007-definition-e993TailNN.lean.fragment",
      "source_bytes": 69,
      "source_sha256": "cf4a322153ff70d541225e4e67c2eaa79ce8abe06f86e2f3f78a215bd1e2870d"
    },
    {
      "index": 8,
      "kind": "definition",
      "name": "e993TailD",
      "path": "LeanProject/LeanProof/Snippets/0008-definition-e993TailD.lean.fragment",
      "source_bytes": 152,
      "source_sha256": "93be2ca33f6eb0713431594817899e78f061e2c240b27553d92c1fb6ac71b7ff"
    },
    {
      "index": 9,
      "kind": "definition",
      "name": "e993TailLE",
      "path": "LeanProject/LeanProof/Snippets/0009-definition-e993TailLE.lean.fragment",
      "source_bytes": 79,
      "source_sha256": "755c59a4419280bc69298c779c00237959ffbfd6f21a6d4e3440c91074b05bc0"
    },
    {
      "index": 10,
      "kind": "definition",
      "name": "e993BlockProduct",
      "path": "LeanProject/LeanProof/Snippets/0010-definition-e993BlockProduct.lean.fragment",
      "source_bytes": 200,
      "source_sha256": "a06825ae137ff6103e14e2ec4120fdb1651b587bd8a90055a613ba41fbc26045"
    },
    {
      "index": 11,
      "kind": "definition",
      "name": "e993BlockMass",
      "path": "LeanProject/LeanProof/Snippets/0011-definition-e993BlockMass.lean.fragment",
      "source_bytes": 130,
      "source_sha256": "03b5ac26ac84d45d313e280e700eab748de756da49239900c04dab557dfa650d"
    },
    {
      "index": 12,
      "kind": "definition",
      "name": "e993BlockCount",
      "path": "LeanProject/LeanProof/Snippets/0012-definition-e993BlockCount.lean.fragment",
      "source_bytes": 225,
      "source_sha256": "a36ecd60e8394e595db5164ecd8ad3041886a3f761a97cc4dc1f446c50dc1607"
    },
    {
      "index": 13,
      "kind": "definition",
      "name": "e993SubsetAverage",
      "path": "LeanProject/LeanProof/Snippets/0013-definition-e993SubsetAverage.lean.fragment",
      "source_bytes": 382,
      "source_sha256": "f5e3c55955d99a975188d41dc798a971837e255fa7b201ed9423ee0265ff7fb0"
    },
    {
      "index": 14,
      "kind": "definition",
      "name": "e993BlockExponent",
      "path": "LeanProject/LeanProof/Snippets/0014-definition-e993BlockExponent.lean.fragment",
      "source_bytes": 392,
      "source_sha256": "faceb6209677defc332399b3a244e4ba6b903d27036e54a98615517d013b57e1"
    },
    {
      "index": 15,
      "kind": "definition",
      "name": "e993ExpTaylor",
      "path": "LeanProject/LeanProof/Snippets/0015-definition-e993ExpTaylor.lean.fragment",
      "source_bytes": 127,
      "source_sha256": "df1cf11775b48b32dca39f92d846d6e57e9f4718648cfcfd0131812c72134a37"
    },
    {
      "index": 16,
      "kind": "definition",
      "name": "e993Fiber",
      "path": "LeanProject/LeanProof/Snippets/0016-definition-e993Fiber.lean.fragment",
      "source_bytes": 205,
      "source_sha256": "043c84b335b136423b2f5e69c81953526e7697700ef093d77f2613070222016c"
    },
    {
      "index": 17,
      "kind": "definition",
      "name": "e993CountVec",
      "path": "LeanProject/LeanProof/Snippets/0017-definition-e993CountVec.lean.fragment",
      "source_bytes": 475,
      "source_sha256": "52b46c179b2f1c98015c0c9d8bdb5f47cec3790e2223a2174aae7fdbfca8a30d"
    },
    {
      "index": 18,
      "kind": "definition",
      "name": "e993CountFiberEquiv",
      "path": "LeanProject/LeanProof/Snippets/0018-definition-e993CountFiberEquiv.lean.fragment",
      "source_bytes": 876,
      "source_sha256": "a1a167c0fb8854cf85f11a2575f5a4668b7cf92191410931d8ffaeee38251f53"
    },
    {
      "index": 19,
      "kind": "definition",
      "name": "e993BlockSet",
      "path": "LeanProject/LeanProof/Snippets/0019-definition-e993BlockSet.lean.fragment",
      "source_bytes": 190,
      "source_sha256": "fef18d07b024a6726479c9d9140f966e5744d95564b9319435e2f809a15b207f"
    },
    {
      "index": 20,
      "kind": "definition",
      "name": "e993TailBlockSize",
      "path": "LeanProject/LeanProof/Snippets/0020-definition-e993TailBlockSize.lean.fragment",
      "source_bytes": 148,
      "source_sha256": "91385076f738c912d2a061404c079805a9f5b1fb02cf64aef34d0faa49dfcfc2"
    },
    {
      "index": 21,
      "kind": "definition",
      "name": "e993TailG",
      "path": "LeanProject/LeanProof/Snippets/0021-definition-e993TailG.lean.fragment",
      "source_bytes": 149,
      "source_sha256": "f846f061b9eb0bf20f06b656b447c16bb16c91d6bce236cc1268d8967a0e4e88"
    },
    {
      "index": 22,
      "kind": "definition",
      "name": "e993TailQ",
      "path": "LeanProject/LeanProof/Snippets/0022-definition-e993TailQ.lean.fragment",
      "source_bytes": 103,
      "source_sha256": "9cfeb603fc563b6de4b4b738e9018154bc2883277daf6742597ed4a69d1982c5"
    },
    {
      "index": 23,
      "kind": "lemma",
      "name": "e993_tail_arity_lower",
      "path": "LeanProject/LeanProof/Snippets/0023-lemma-e993_tail_arity_lower.lean.fragment",
      "source_bytes": 322,
      "source_sha256": "b350a81941bebd3d953b0341e60f8acb58b518dc3118ecb143fe1e8828f7d01a"
    },
    {
      "index": 24,
      "kind": "lemma",
      "name": "e993_tail_arity_upper",
      "path": "LeanProject/LeanProof/Snippets/0024-lemma-e993_tail_arity_upper.lean.fragment",
      "source_bytes": 322,
      "source_sha256": "9f87fa08c16945ae2f299db9896fc1404b2e4bd3dc2569b21c0e58bebdde8fa8"
    },
    {
      "index": 25,
      "kind": "lemma",
      "name": "e993_tail_order_lower",
      "path": "LeanProject/LeanProof/Snippets/0025-lemma-e993_tail_order_lower.lean.fragment",
      "source_bytes": 410,
      "source_sha256": "3fd719bae24abc8f90d6c69a697bbaf829a281f2be138bfa7a96e8b37a6d29f1"
    },
    {
      "index": 26,
      "kind": "lemma",
      "name": "e993_tail_E_coeff",
      "path": "LeanProject/LeanProof/Snippets/0026-lemma-e993_tail_E_coeff.lean.fragment",
      "source_bytes": 293,
      "source_sha256": "26921fa5f8812488624f0449bb189e6edfd739a4bd7784ef67eec737fcb45e4d"
    },
    {
      "index": 27,
      "kind": "lemma",
      "name": "e993_tail_E_coeff_succ",
      "path": "LeanProject/LeanProof/Snippets/0027-lemma-e993_tail_E_coeff_succ.lean.fragment",
      "source_bytes": 217,
      "source_sha256": "17d627fce89908de80309c7ac4a1fe975a74ab0f92b5e5e31e8a101f8ba6c371"
    },
    {
      "index": 28,
      "kind": "lemma",
      "name": "e993_tail_NN_add",
      "path": "LeanProject/LeanProof/Snippets/0028-lemma-e993_tail_NN_add.lean.fragment",
      "source_bytes": 188,
      "source_sha256": "8dadf84b4109739dca6fcb353440d49de441eeef50c1ab7af644f6fe07508880"
    },
    {
      "index": 29,
      "kind": "lemma",
      "name": "e993_tail_NN_mul",
      "path": "LeanProject/LeanProof/Snippets/0029-lemma-e993_tail_NN_mul.lean.fragment",
      "source_bytes": 231,
      "source_sha256": "66cec8d57cc3b97601cfa1cac68e5a4f298ac31e2d0c38d7d709ac596cc6a7ef"
    },
    {
      "index": 30,
      "kind": "lemma",
      "name": "e993_tail_NN_one",
      "path": "LeanProject/LeanProof/Snippets/0030-lemma-e993_tail_NN_one.lean.fragment",
      "source_bytes": 126,
      "source_sha256": "9e1ce2d926d29571ed1f81a3133a354f65e09cfaca9a634807fcc2de60cf5c70"
    },
    {
      "index": 31,
      "kind": "lemma",
      "name": "e993_tail_NN_X",
      "path": "LeanProject/LeanProof/Snippets/0031-lemma-e993_tail_NN_X.lean.fragment",
      "source_bytes": 133,
      "source_sha256": "c16beb2d512eb335d972b98f52e7b42102576ce5af5dbd6a2a582f3c7be7ba6a"
    },
    {
      "index": 32,
      "kind": "lemma",
      "name": "e993_tail_NN_nat",
      "path": "LeanProject/LeanProof/Snippets/0032-lemma-e993_tail_NN_nat.lean.fragment",
      "source_bytes": 165,
      "source_sha256": "ee7cee2e12b803f1cd479591648c4d09baadc506ad0832d9c039e03e1476e010"
    },
    {
      "index": 33,
      "kind": "lemma",
      "name": "e993_tail_NN_pow",
      "path": "LeanProject/LeanProof/Snippets/0033-lemma-e993_tail_NN_pow.lean.fragment",
      "source_bytes": 228,
      "source_sha256": "5419f31f70c62513bbfb0cdaaa3fc2994c664e751d19b36e3719fa469f27986f"
    },
    {
      "index": 34,
      "kind": "lemma",
      "name": "e993_tail_D_mul",
      "path": "LeanProject/LeanProof/Snippets/0034-lemma-e993_tail_D_mul.lean.fragment",
      "source_bytes": 207,
      "source_sha256": "01915eb5c01675c0e869f04898ce0d04c9a517d9a96e512a5b30745119c3151e"
    },
    {
      "index": 35,
      "kind": "lemma",
      "name": "e993_tail_D_one",
      "path": "LeanProject/LeanProof/Snippets/0035-lemma-e993_tail_D_one.lean.fragment",
      "source_bytes": 86,
      "source_sha256": "f65f08ea8c265538ceb41c7ce4d9ba6db79a75c7d40d73839255214fea08012f"
    },
    {
      "index": 36,
      "kind": "lemma",
      "name": "e993_tail_NN_zero",
      "path": "LeanProject/LeanProof/Snippets/0036-lemma-e993_tail_NN_zero.lean.fragment",
      "source_bytes": 81,
      "source_sha256": "61867aee5f52ee2e1db740e0c65ddbea843ea05ad689f4c10ef51a6739eba884"
    },
    {
      "index": 37,
      "kind": "lemma",
      "name": "e993_tail_NN_L",
      "path": "LeanProject/LeanProof/Snippets/0037-lemma-e993_tail_NN_L.lean.fragment",
      "source_bytes": 124,
      "source_sha256": "a573d9a7581302a44da382f448e8758fa2d43a094971aec3be8420ea94984d69"
    },
    {
      "index": 38,
      "kind": "lemma",
      "name": "e993_tail_NN_B",
      "path": "LeanProject/LeanProof/Snippets/0038-lemma-e993_tail_NN_B.lean.fragment",
      "source_bytes": 131,
      "source_sha256": "2beb6203ad10184e1198ecad3c7be2f822dbe1bc26c7c4f79cb77ba2d25344ed"
    },
    {
      "index": 39,
      "kind": "lemma",
      "name": "e993_tail_C2",
      "path": "LeanProject/LeanProof/Snippets/0039-lemma-e993_tail_C2.lean.fragment",
      "source_bytes": 83,
      "source_sha256": "6367ea4bef9cac0ca0a1fdffac4d49de15817bcb129036c3109ec4f7eef1e371"
    },
    {
      "index": 40,
      "kind": "lemma",
      "name": "e993_tail_C3",
      "path": "LeanProject/LeanProof/Snippets/0040-lemma-e993_tail_C3.lean.fragment",
      "source_bytes": 83,
      "source_sha256": "11a2bfdf3b0c76ad73471c1c5940f34a5d459906ccb902187837eaa7e0e66165"
    },
    {
      "index": 41,
      "kind": "lemma",
      "name": "e993_tail_C4",
      "path": "LeanProject/LeanProof/Snippets/0041-lemma-e993_tail_C4.lean.fragment",
      "source_bytes": 83,
      "source_sha256": "53af182f290da61fb3ed42f2579226c436bfa329daf24ac24c61477145f1ac1a"
    },
    {
      "index": 42,
      "kind": "lemma",
      "name": "e993_tail_D_B1",
      "path": "LeanProject/LeanProof/Snippets/0042-lemma-e993_tail_D_B1.lean.fragment",
      "source_bytes": 173,
      "source_sha256": "f3b03178df9756bb015a2019dee49e129783b59ba4dcf74f23bf340c61b53619"
    },
    {
      "index": 43,
      "kind": "lemma",
      "name": "e993_tail_D_B2",
      "path": "LeanProject/LeanProof/Snippets/0043-lemma-e993_tail_D_B2.lean.fragment",
      "source_bytes": 173,
      "source_sha256": "2315503867f9d5a260b56ca253f38b9813caa14c33b83dc2fefac4007f97cc13"
    }
  ],
  "files": [
    {
      "bytes": 749,
      "path": "DEPENDENCIES.yaml",
      "sha256": "f2d29a42fe90c3a2507f3036ce6bb2e6cdf88f979f4c3d6c0becadc179944f32"
    },
    {
      "bytes": 14016,
      "path": "FORMALIZATION-STATE.json",
      "sha256": "abb2c50cb3ba3bd33c88d0216b71ee5272aea32cdd30bb9ddfc2139d7add3fef"
    },
    {
      "bytes": 22,
      "path": "LeanProject/LeanProof.lean",
      "sha256": "f4dfdef8320a735eab53d24f4b47d3b60bcb474ffd2c84c77f24ae2fc75fcf31"
    },
    {
      "bytes": 14728,
      "path": "LeanProject/LeanProof/Main.lean",
      "sha256": "b7fa275ce17cae5fb6483523713a33efea322de1d382da64bab1b6fd98e81098"
    },
    {
      "bytes": 120,
      "path": "LeanProject/LeanProof/Snippets/0001-definition-e993TailB.lean.fragment",
      "sha256": "0675aca6ddf94dfc3037b1f49627fd51e03d4b9e744d97ebb62edacced1625a7"
    },
    {
      "bytes": 64,
      "path": "LeanProject/LeanProof/Snippets/0002-definition-e993TailN.lean.fragment",
      "sha256": "238a93d24068682724bce84b4c4e3487067949ce27c0d5b72afcb8894425cfd4"
    },
    {
      "bytes": 114,
      "path": "LeanProject/LeanProof/Snippets/0003-definition-e993TailH.lean.fragment",
      "sha256": "0e4136253e6f6a2aac35a4d8e25c36d0458f1193bfa247b866efc540b0c13b62"
    },
    {
      "bytes": 117,
      "path": "LeanProject/LeanProof/Snippets/0004-definition-e993TailC.lean.fragment",
      "sha256": "f4881f3de4f298ab3fce9276a9bdfd452d7251463577c60d3e0ad0d0dc1ccab2"
    },
    {
      "bytes": 198,
      "path": "LeanProject/LeanProof/Snippets/0005-definition-e993TailU.lean.fragment",
      "sha256": "0d088074fbafb752e85c9de891b6bffc2e1ff1dfecac8c6ef8cfd63c1155c73a"
    },
    {
      "bytes": 126,
      "path": "LeanProject/LeanProof/Snippets/0006-definition-e993TailE.lean.fragment",
      "sha256": "3d9abc81727e01e78c3b080e598197e7a69ec5f967c539243431bc139d264261"
    },
    {
      "bytes": 69,
      "path": "LeanProject/LeanProof/Snippets/0007-definition-e993TailNN.lean.fragment",
      "sha256": "cf4a322153ff70d541225e4e67c2eaa79ce8abe06f86e2f3f78a215bd1e2870d"
    },
    {
      "bytes": 152,
      "path": "LeanProject/LeanProof/Snippets/0008-definition-e993TailD.lean.fragment",
      "sha256": "93be2ca33f6eb0713431594817899e78f061e2c240b27553d92c1fb6ac71b7ff"
    },
    {
      "bytes": 79,
      "path": "LeanProject/LeanProof/Snippets/0009-definition-e993TailLE.lean.fragment",
      "sha256": "755c59a4419280bc69298c779c00237959ffbfd6f21a6d4e3440c91074b05bc0"
    },
    {
      "bytes": 200,
      "path": "LeanProject/LeanProof/Snippets/0010-definition-e993BlockProduct.lean.fragment",
      "sha256": "a06825ae137ff6103e14e2ec4120fdb1651b587bd8a90055a613ba41fbc26045"
    },
    {
      "bytes": 130,
      "path": "LeanProject/LeanProof/Snippets/0011-definition-e993BlockMass.lean.fragment",
      "sha256": "03b5ac26ac84d45d313e280e700eab748de756da49239900c04dab557dfa650d"
    },
    {
      "bytes": 225,
      "path": "LeanProject/LeanProof/Snippets/0012-definition-e993BlockCount.lean.fragment",
      "sha256": "a36ecd60e8394e595db5164ecd8ad3041886a3f761a97cc4dc1f446c50dc1607"
    },
    {
      "bytes": 382,
      "path": "LeanProject/LeanProof/Snippets/0013-definition-e993SubsetAverage.lean.fragment",
      "sha256": "f5e3c55955d99a975188d41dc798a971837e255fa7b201ed9423ee0265ff7fb0"
    },
    {
      "bytes": 392,
      "path": "LeanProject/LeanProof/Snippets/0014-definition-e993BlockExponent.lean.fragment",
      "sha256": "faceb6209677defc332399b3a244e4ba6b903d27036e54a98615517d013b57e1"
    },
    {
      "bytes": 127,
      "path": "LeanProject/LeanProof/Snippets/0015-definition-e993ExpTaylor.lean.fragment",
      "sha256": "df1cf11775b48b32dca39f92d846d6e57e9f4718648cfcfd0131812c72134a37"
    },
    {
      "bytes": 205,
      "path": "LeanProject/LeanProof/Snippets/0016-definition-e993Fiber.lean.fragment",
      "sha256": "043c84b335b136423b2f5e69c81953526e7697700ef093d77f2613070222016c"
    },
    {
      "bytes": 475,
      "path": "LeanProject/LeanProof/Snippets/0017-definition-e993CountVec.lean.fragment",
      "sha256": "52b46c179b2f1c98015c0c9d8bdb5f47cec3790e2223a2174aae7fdbfca8a30d"
    },
    {
      "bytes": 876,
      "path": "LeanProject/LeanProof/Snippets/0018-definition-e993CountFiberEquiv.lean.fragment",
      "sha256": "a1a167c0fb8854cf85f11a2575f5a4668b7cf92191410931d8ffaeee38251f53"
    },
    {
      "bytes": 190,
      "path": "LeanProject/LeanProof/Snippets/0019-definition-e993BlockSet.lean.fragment",
      "sha256": "fef18d07b024a6726479c9d9140f966e5744d95564b9319435e2f809a15b207f"
    },
    {
      "bytes": 148,
      "path": "LeanProject/LeanProof/Snippets/0020-definition-e993TailBlockSize.lean.fragment",
      "sha256": "91385076f738c912d2a061404c079805a9f5b1fb02cf64aef34d0faa49dfcfc2"
    },
    {
      "bytes": 149,
      "path": "LeanProject/LeanProof/Snippets/0021-definition-e993TailG.lean.fragment",
      "sha256": "f846f061b9eb0bf20f06b656b447c16bb16c91d6bce236cc1268d8967a0e4e88"
    },
    {
      "bytes": 103,
      "path": "LeanProject/LeanProof/Snippets/0022-definition-e993TailQ.lean.fragment",
      "sha256": "9cfeb603fc563b6de4b4b738e9018154bc2883277daf6742597ed4a69d1982c5"
    },
    {
      "bytes": 322,
      "path": "LeanProject/LeanProof/Snippets/0023-lemma-e993_tail_arity_lower.lean.fragment",
      "sha256": "b350a81941bebd3d953b0341e60f8acb58b518dc3118ecb143fe1e8828f7d01a"
    },
    {
      "bytes": 322,
      "path": "LeanProject/LeanProof/Snippets/0024-lemma-e993_tail_arity_upper.lean.fragment",
      "sha256": "9f87fa08c16945ae2f299db9896fc1404b2e4bd3dc2569b21c0e58bebdde8fa8"
    },
    {
      "bytes": 410,
      "path": "LeanProject/LeanProof/Snippets/0025-lemma-e993_tail_order_lower.lean.fragment",
      "sha256": "3fd719bae24abc8f90d6c69a697bbaf829a281f2be138bfa7a96e8b37a6d29f1"
    },
    {
      "bytes": 293,
      "path": "LeanProject/LeanProof/Snippets/0026-lemma-e993_tail_E_coeff.lean.fragment",
      "sha256": "26921fa5f8812488624f0449bb189e6edfd739a4bd7784ef67eec737fcb45e4d"
    },
    {
      "bytes": 217,
      "path": "LeanProject/LeanProof/Snippets/0027-lemma-e993_tail_E_coeff_succ.lean.fragment",
      "sha256": "17d627fce89908de80309c7ac4a1fe975a74ab0f92b5e5e31e8a101f8ba6c371"
    },
    {
      "bytes": 188,
      "path": "LeanProject/LeanProof/Snippets/0028-lemma-e993_tail_NN_add.lean.fragment",
      "sha256": "8dadf84b4109739dca6fcb353440d49de441eeef50c1ab7af644f6fe07508880"
    },
    {
      "bytes": 231,
      "path": "LeanProject/LeanProof/Snippets/0029-lemma-e993_tail_NN_mul.lean.fragment",
      "sha256": "66cec8d57cc3b97601cfa1cac68e5a4f298ac31e2d0c38d7d709ac596cc6a7ef"
    },
    {
      "bytes": 126,
      "path": "LeanProject/LeanProof/Snippets/0030-lemma-e993_tail_NN_one.lean.fragment",
      "sha256": "9e1ce2d926d29571ed1f81a3133a354f65e09cfaca9a634807fcc2de60cf5c70"
    },
    {
      "bytes": 133,
      "path": "LeanProject/LeanProof/Snippets/0031-lemma-e993_tail_NN_X.lean.fragment",
      "sha256": "c16beb2d512eb335d972b98f52e7b42102576ce5af5dbd6a2a582f3c7be7ba6a"
    },
    {
      "bytes": 165,
      "path": "LeanProject/LeanProof/Snippets/0032-lemma-e993_tail_NN_nat.lean.fragment",
      "sha256": "ee7cee2e12b803f1cd479591648c4d09baadc506ad0832d9c039e03e1476e010"
    },
    {
      "bytes": 228,
      "path": "LeanProject/LeanProof/Snippets/0033-lemma-e993_tail_NN_pow.lean.fragment",
      "sha256": "5419f31f70c62513bbfb0cdaaa3fc2994c664e751d19b36e3719fa469f27986f"
    },
    {
      "bytes": 207,
      "path": "LeanProject/LeanProof/Snippets/0034-lemma-e993_tail_D_mul.lean.fragment",
      "sha256": "01915eb5c01675c0e869f04898ce0d04c9a517d9a96e512a5b30745119c3151e"
    },
    {
      "bytes": 86,
      "path": "LeanProject/LeanProof/Snippets/0035-lemma-e993_tail_D_one.lean.fragment",
      "sha256": "f65f08ea8c265538ceb41c7ce4d9ba6db79a75c7d40d73839255214fea08012f"
    },
    {
      "bytes": 81,
      "path": "LeanProject/LeanProof/Snippets/0036-lemma-e993_tail_NN_zero.lean.fragment",
      "sha256": "61867aee5f52ee2e1db740e0c65ddbea843ea05ad689f4c10ef51a6739eba884"
    },
    {
      "bytes": 124,
      "path": "LeanProject/LeanProof/Snippets/0037-lemma-e993_tail_NN_L.lean.fragment",
      "sha256": "a573d9a7581302a44da382f448e8758fa2d43a094971aec3be8420ea94984d69"
    },
    {
      "bytes": 131,
      "path": "LeanProject/LeanProof/Snippets/0038-lemma-e993_tail_NN_B.lean.fragment",
      "sha256": "2beb6203ad10184e1198ecad3c7be2f822dbe1bc26c7c4f79cb77ba2d25344ed"
    },
    {
      "bytes": 83,
      "path": "LeanProject/LeanProof/Snippets/0039-lemma-e993_tail_C2.lean.fragment",
      "sha256": "6367ea4bef9cac0ca0a1fdffac4d49de15817bcb129036c3109ec4f7eef1e371"
    },
    {
      "bytes": 83,
      "path": "LeanProject/LeanProof/Snippets/0040-lemma-e993_tail_C3.lean.fragment",
      "sha256": "11a2bfdf3b0c76ad73471c1c5940f34a5d459906ccb902187837eaa7e0e66165"
    },
    {
      "bytes": 83,
      "path": "LeanProject/LeanProof/Snippets/0041-lemma-e993_tail_C4.lean.fragment",
      "sha256": "53af182f290da61fb3ed42f2579226c436bfa329daf24ac24c61477145f1ac1a"
    },
    {
      "bytes": 173,
      "path": "LeanProject/LeanProof/Snippets/0042-lemma-e993_tail_D_B1.lean.fragment",
      "sha256": "f3b03178df9756bb015a2019dee49e129783b59ba4dcf74f23bf340c61b53619"
    },
    {
      "bytes": 173,
      "path": "LeanProject/LeanProof/Snippets/0043-lemma-e993_tail_D_B2.lean.fragment",
      "sha256": "2315503867f9d5a260b56ca253f38b9813caa14c33b83dc2fefac4007f97cc13"
    },
    {
      "bytes": 237,
      "path": "LeanProject/lakefile.toml",
      "sha256": "45d0ca58145784d5f29322ff21a1335e350c38e72afe8d5396d9c9910b94ff49"
    },
    {
      "bytes": 25,
      "path": "LeanProject/lean-toolchain",
      "sha256": "2bdc48adfa58d0017e538a0ad117c5d73d35deec879978f909406a80c8037273"
    }
  ],
  "limitations": [
    "This receipt records prepared source and pins, not Lean kernel verification.",
    "The formalization may be false, incomplete, or fail to compile until independently verified.",
    "A git_manifest_only Mathlib dependency is pinned but is not fetched by this skill."
  ],
  "mathlib": {
    "identity_sha256": "74b8cf1d7d3bc21648cd94e0fbf596420d3efcd43131a21378beacbdeb7078e3",
    "mode": "git_manifest_only",
    "revision": "905b95818eb32af7874a58b427f50c1711a5e96c",
    "source": null,
    "url": "https://github.com/leanprover-community/mathlib4"
  },
  "network": {
    "allowed": false,
    "used": false
  },
  "operation": "entry_registered",
  "project_root": "/Users/ashtonsperry/VerityOS/experiments/erdos-993-absolute-compensation-dre-2026-09-27/runs/lean-2026-09-28-c6-surplus-tail/LeanProject",
  "project_sha256": "8816af574d6157429e4ada5dfe934bb52ddc5c25a6ebb460740f1fa8ef9e7337",
  "receipt_id": "lean-formalization:8816af574d6157429e4ada5dfe934bb52ddc5c25a6ebb460740f1fa8ef9e7337",
  "receipt_sha256": "b031dd7e32b4aa9e9079a5e0bffaf8281a52075a9e50c0e4d110f00bb81b85d6",
  "run_id": "lean-2026-09-28-c6-surplus-tail",
  "run_root": "/Users/ashtonsperry/VerityOS/experiments/erdos-993-absolute-compensation-dre-2026-09-27/runs/lean-2026-09-28-c6-surplus-tail",
  "schema_version": "verityos.lean-formalization-receipt.v1",
  "state_revision": 43,
  "state_sha256": "abb2c50cb3ba3bd33c88d0216b71ee5272aea32cdd30bb9ddfc2139d7add3fef",
  "status": "prepared_not_verified",
  "toolchain": {
    "bin_dir": "/Users/ashtonsperry/.elan/toolchains/leanprover--lean4---v4.32.2/bin",
    "lake_path": "/Users/ashtonsperry/.elan/toolchains/leanprover--lean4---v4.32.2/bin/lake",
    "lake_sha256": "58261a1a2fa1a362376c71e02ca854a093e71cc5e6ea64b287a931cb2565273d",
    "lake_version": "Lake version 5.0.0-src+f3b06c7 (Lean version 4.32.2)",
    "lean_path": "/Users/ashtonsperry/.elan/toolchains/leanprover--lean4---v4.32.2/bin/lean",
    "lean_sha256": "1b370cfcbf44e80d1b004ab1b1ab9a4c73951f9f7c242140bcff9bc577576554",
    "lean_version": "Lean (version 4.32.2, arm64-apple-darwin24.6.0, commit f3b06c705e6c85f5314019d5d3baab0fec5b580c, Release)",
    "pin": "leanprover/lean4:v4.32.2"
  },
  "verdict": "FORMALIZATION_PREPARED_NOT_KERNEL_VERIFIED"
}
