{
  "entries": [
    {
      "index": 1,
      "kind": "definition",
      "name": "e993TailB",
      "path": "LeanProject/LeanProof/Snippets/0001-definition-e993TailB.lean.fragment",
      "source_bytes": 120,
      "source_sha256": "0675aca6ddf94dfc3037b1f49627fd51e03d4b9e744d97ebb62edacced1625a7"
    },
    {
      "index": 2,
      "kind": "definition",
      "name": "e993TailN",
      "path": "LeanProject/LeanProof/Snippets/0002-definition-e993TailN.lean.fragment",
      "source_bytes": 64,
      "source_sha256": "238a93d24068682724bce84b4c4e3487067949ce27c0d5b72afcb8894425cfd4"
    },
    {
      "index": 3,
      "kind": "definition",
      "name": "e993TailH",
      "path": "LeanProject/LeanProof/Snippets/0003-definition-e993TailH.lean.fragment",
      "source_bytes": 114,
      "source_sha256": "0e4136253e6f6a2aac35a4d8e25c36d0458f1193bfa247b866efc540b0c13b62"
    },
    {
      "index": 4,
      "kind": "definition",
      "name": "e993TailC",
      "path": "LeanProject/LeanProof/Snippets/0004-definition-e993TailC.lean.fragment",
      "source_bytes": 117,
      "source_sha256": "f4881f3de4f298ab3fce9276a9bdfd452d7251463577c60d3e0ad0d0dc1ccab2"
    },
    {
      "index": 5,
      "kind": "definition",
      "name": "e993TailU",
      "path": "LeanProject/LeanProof/Snippets/0005-definition-e993TailU.lean.fragment",
      "source_bytes": 198,
      "source_sha256": "0d088074fbafb752e85c9de891b6bffc2e1ff1dfecac8c6ef8cfd63c1155c73a"
    },
    {
      "index": 6,
      "kind": "definition",
      "name": "e993TailE",
      "path": "LeanProject/LeanProof/Snippets/0006-definition-e993TailE.lean.fragment",
      "source_bytes": 126,
      "source_sha256": "3d9abc81727e01e78c3b080e598197e7a69ec5f967c539243431bc139d264261"
    },
    {
      "index": 7,
      "kind": "definition",
      "name": "e993TailNN",
      "path": "LeanProject/LeanProof/Snippets/0007-definition-e993TailNN.lean.fragment",
      "source_bytes": 69,
      "source_sha256": "cf4a322153ff70d541225e4e67c2eaa79ce8abe06f86e2f3f78a215bd1e2870d"
    },
    {
      "index": 8,
      "kind": "definition",
      "name": "e993TailD",
      "path": "LeanProject/LeanProof/Snippets/0008-definition-e993TailD.lean.fragment",
      "source_bytes": 152,
      "source_sha256": "93be2ca33f6eb0713431594817899e78f061e2c240b27553d92c1fb6ac71b7ff"
    },
    {
      "index": 9,
      "kind": "definition",
      "name": "e993TailLE",
      "path": "LeanProject/LeanProof/Snippets/0009-definition-e993TailLE.lean.fragment",
      "source_bytes": 79,
      "source_sha256": "755c59a4419280bc69298c779c00237959ffbfd6f21a6d4e3440c91074b05bc0"
    },
    {
      "index": 10,
      "kind": "definition",
      "name": "e993BlockProduct",
      "path": "LeanProject/LeanProof/Snippets/0010-definition-e993BlockProduct.lean.fragment",
      "source_bytes": 200,
      "source_sha256": "a06825ae137ff6103e14e2ec4120fdb1651b587bd8a90055a613ba41fbc26045"
    },
    {
      "index": 11,
      "kind": "definition",
      "name": "e993BlockMass",
      "path": "LeanProject/LeanProof/Snippets/0011-definition-e993BlockMass.lean.fragment",
      "source_bytes": 130,
      "source_sha256": "03b5ac26ac84d45d313e280e700eab748de756da49239900c04dab557dfa650d"
    },
    {
      "index": 12,
      "kind": "definition",
      "name": "e993BlockCount",
      "path": "LeanProject/LeanProof/Snippets/0012-definition-e993BlockCount.lean.fragment",
      "source_bytes": 225,
      "source_sha256": "a36ecd60e8394e595db5164ecd8ad3041886a3f761a97cc4dc1f446c50dc1607"
    },
    {
      "index": 13,
      "kind": "definition",
      "name": "e993SubsetAverage",
      "path": "LeanProject/LeanProof/Snippets/0013-definition-e993SubsetAverage.lean.fragment",
      "source_bytes": 382,
      "source_sha256": "f5e3c55955d99a975188d41dc798a971837e255fa7b201ed9423ee0265ff7fb0"
    },
    {
      "index": 14,
      "kind": "definition",
      "name": "e993BlockExponent",
      "path": "LeanProject/LeanProof/Snippets/0014-definition-e993BlockExponent.lean.fragment",
      "source_bytes": 392,
      "source_sha256": "faceb6209677defc332399b3a244e4ba6b903d27036e54a98615517d013b57e1"
    },
    {
      "index": 15,
      "kind": "definition",
      "name": "e993ExpTaylor",
      "path": "LeanProject/LeanProof/Snippets/0015-definition-e993ExpTaylor.lean.fragment",
      "source_bytes": 127,
      "source_sha256": "df1cf11775b48b32dca39f92d846d6e57e9f4718648cfcfd0131812c72134a37"
    },
    {
      "index": 16,
      "kind": "definition",
      "name": "e993Fiber",
      "path": "LeanProject/LeanProof/Snippets/0016-definition-e993Fiber.lean.fragment",
      "source_bytes": 205,
      "source_sha256": "043c84b335b136423b2f5e69c81953526e7697700ef093d77f2613070222016c"
    },
    {
      "index": 17,
      "kind": "definition",
      "name": "e993CountVec",
      "path": "LeanProject/LeanProof/Snippets/0017-definition-e993CountVec.lean.fragment",
      "source_bytes": 475,
      "source_sha256": "52b46c179b2f1c98015c0c9d8bdb5f47cec3790e2223a2174aae7fdbfca8a30d"
    },
    {
      "index": 18,
      "kind": "definition",
      "name": "e993CountFiberEquiv",
      "path": "LeanProject/LeanProof/Snippets/0018-definition-e993CountFiberEquiv.lean.fragment",
      "source_bytes": 876,
      "source_sha256": "a1a167c0fb8854cf85f11a2575f5a4668b7cf92191410931d8ffaeee38251f53"
    },
    {
      "index": 19,
      "kind": "definition",
      "name": "e993BlockSet",
      "path": "LeanProject/LeanProof/Snippets/0019-definition-e993BlockSet.lean.fragment",
      "source_bytes": 190,
      "source_sha256": "fef18d07b024a6726479c9d9140f966e5744d95564b9319435e2f809a15b207f"
    },
    {
      "index": 20,
      "kind": "definition",
      "name": "e993TailBlockSize",
      "path": "LeanProject/LeanProof/Snippets/0020-definition-e993TailBlockSize.lean.fragment",
      "source_bytes": 148,
      "source_sha256": "91385076f738c912d2a061404c079805a9f5b1fb02cf64aef34d0faa49dfcfc2"
    },
    {
      "index": 21,
      "kind": "definition",
      "name": "e993TailG",
      "path": "LeanProject/LeanProof/Snippets/0021-definition-e993TailG.lean.fragment",
      "source_bytes": 149,
      "source_sha256": "f846f061b9eb0bf20f06b656b447c16bb16c91d6bce236cc1268d8967a0e4e88"
    },
    {
      "index": 22,
      "kind": "definition",
      "name": "e993TailQ",
      "path": "LeanProject/LeanProof/Snippets/0022-definition-e993TailQ.lean.fragment",
      "source_bytes": 103,
      "source_sha256": "9cfeb603fc563b6de4b4b738e9018154bc2883277daf6742597ed4a69d1982c5"
    },
    {
      "index": 23,
      "kind": "lemma",
      "name": "e993_tail_arity_lower",
      "path": "LeanProject/LeanProof/Snippets/0023-lemma-e993_tail_arity_lower.lean.fragment",
      "source_bytes": 322,
      "source_sha256": "b350a81941bebd3d953b0341e60f8acb58b518dc3118ecb143fe1e8828f7d01a"
    },
    {
      "index": 24,
      "kind": "lemma",
      "name": "e993_tail_arity_upper",
      "path": "LeanProject/LeanProof/Snippets/0024-lemma-e993_tail_arity_upper.lean.fragment",
      "source_bytes": 322,
      "source_sha256": "9f87fa08c16945ae2f299db9896fc1404b2e4bd3dc2569b21c0e58bebdde8fa8"
    },
    {
      "index": 25,
      "kind": "lemma",
      "name": "e993_tail_order_lower",
      "path": "LeanProject/LeanProof/Snippets/0025-lemma-e993_tail_order_lower.lean.fragment",
      "source_bytes": 410,
      "source_sha256": "3fd719bae24abc8f90d6c69a697bbaf829a281f2be138bfa7a96e8b37a6d29f1"
    },
    {
      "index": 26,
      "kind": "lemma",
      "name": "e993_tail_E_coeff",
      "path": "LeanProject/LeanProof/Snippets/0026-lemma-e993_tail_E_coeff.lean.fragment",
      "source_bytes": 293,
      "source_sha256": "26921fa5f8812488624f0449bb189e6edfd739a4bd7784ef67eec737fcb45e4d"
    },
    {
      "index": 27,
      "kind": "lemma",
      "name": "e993_tail_E_coeff_succ",
      "path": "LeanProject/LeanProof/Snippets/0027-lemma-e993_tail_E_coeff_succ.lean.fragment",
      "source_bytes": 217,
      "source_sha256": "17d627fce89908de80309c7ac4a1fe975a74ab0f92b5e5e31e8a101f8ba6c371"
    },
    {
      "index": 28,
      "kind": "lemma",
      "name": "e993_tail_NN_add",
      "path": "LeanProject/LeanProof/Snippets/0028-lemma-e993_tail_NN_add.lean.fragment",
      "source_bytes": 188,
      "source_sha256": "8dadf84b4109739dca6fcb353440d49de441eeef50c1ab7af644f6fe07508880"
    },
    {
      "index": 29,
      "kind": "lemma",
      "name": "e993_tail_NN_mul",
      "path": "LeanProject/LeanProof/Snippets/0029-lemma-e993_tail_NN_mul.lean.fragment",
      "source_bytes": 231,
      "source_sha256": "66cec8d57cc3b97601cfa1cac68e5a4f298ac31e2d0c38d7d709ac596cc6a7ef"
    },
    {
      "index": 30,
      "kind": "lemma",
      "name": "e993_tail_NN_one",
      "path": "LeanProject/LeanProof/Snippets/0030-lemma-e993_tail_NN_one.lean.fragment",
      "source_bytes": 126,
      "source_sha256": "9e1ce2d926d29571ed1f81a3133a354f65e09cfaca9a634807fcc2de60cf5c70"
    },
    {
      "index": 31,
      "kind": "lemma",
      "name": "e993_tail_NN_X",
      "path": "LeanProject/LeanProof/Snippets/0031-lemma-e993_tail_NN_X.lean.fragment",
      "source_bytes": 133,
      "source_sha256": "c16beb2d512eb335d972b98f52e7b42102576ce5af5dbd6a2a582f3c7be7ba6a"
    },
    {
      "index": 32,
      "kind": "lemma",
      "name": "e993_tail_NN_nat",
      "path": "LeanProject/LeanProof/Snippets/0032-lemma-e993_tail_NN_nat.lean.fragment",
      "source_bytes": 165,
      "source_sha256": "ee7cee2e12b803f1cd479591648c4d09baadc506ad0832d9c039e03e1476e010"
    },
    {
      "index": 33,
      "kind": "lemma",
      "name": "e993_tail_NN_pow",
      "path": "LeanProject/LeanProof/Snippets/0033-lemma-e993_tail_NN_pow.lean.fragment",
      "source_bytes": 228,
      "source_sha256": "5419f31f70c62513bbfb0cdaaa3fc2994c664e751d19b36e3719fa469f27986f"
    },
    {
      "index": 34,
      "kind": "lemma",
      "name": "e993_tail_D_mul",
      "path": "LeanProject/LeanProof/Snippets/0034-lemma-e993_tail_D_mul.lean.fragment",
      "source_bytes": 207,
      "source_sha256": "01915eb5c01675c0e869f04898ce0d04c9a517d9a96e512a5b30745119c3151e"
    },
    {
      "index": 35,
      "kind": "lemma",
      "name": "e993_tail_D_one",
      "path": "LeanProject/LeanProof/Snippets/0035-lemma-e993_tail_D_one.lean.fragment",
      "source_bytes": 86,
      "source_sha256": "f65f08ea8c265538ceb41c7ce4d9ba6db79a75c7d40d73839255214fea08012f"
    },
    {
      "index": 36,
      "kind": "lemma",
      "name": "e993_tail_NN_zero",
      "path": "LeanProject/LeanProof/Snippets/0036-lemma-e993_tail_NN_zero.lean.fragment",
      "source_bytes": 81,
      "source_sha256": "61867aee5f52ee2e1db740e0c65ddbea843ea05ad689f4c10ef51a6739eba884"
    },
    {
      "index": 37,
      "kind": "lemma",
      "name": "e993_tail_NN_L",
      "path": "LeanProject/LeanProof/Snippets/0037-lemma-e993_tail_NN_L.lean.fragment",
      "source_bytes": 124,
      "source_sha256": "a573d9a7581302a44da382f448e8758fa2d43a094971aec3be8420ea94984d69"
    },
    {
      "index": 38,
      "kind": "lemma",
      "name": "e993_tail_NN_B",
      "path": "LeanProject/LeanProof/Snippets/0038-lemma-e993_tail_NN_B.lean.fragment",
      "source_bytes": 131,
      "source_sha256": "2beb6203ad10184e1198ecad3c7be2f822dbe1bc26c7c4f79cb77ba2d25344ed"
    },
    {
      "index": 39,
      "kind": "lemma",
      "name": "e993_tail_C2",
      "path": "LeanProject/LeanProof/Snippets/0039-lemma-e993_tail_C2.lean.fragment",
      "source_bytes": 83,
      "source_sha256": "6367ea4bef9cac0ca0a1fdffac4d49de15817bcb129036c3109ec4f7eef1e371"
    },
    {
      "index": 40,
      "kind": "lemma",
      "name": "e993_tail_C3",
      "path": "LeanProject/LeanProof/Snippets/0040-lemma-e993_tail_C3.lean.fragment",
      "source_bytes": 83,
      "source_sha256": "11a2bfdf3b0c76ad73471c1c5940f34a5d459906ccb902187837eaa7e0e66165"
    },
    {
      "index": 41,
      "kind": "lemma",
      "name": "e993_tail_C4",
      "path": "LeanProject/LeanProof/Snippets/0041-lemma-e993_tail_C4.lean.fragment",
      "source_bytes": 83,
      "source_sha256": "53af182f290da61fb3ed42f2579226c436bfa329daf24ac24c61477145f1ac1a"
    },
    {
      "index": 42,
      "kind": "lemma",
      "name": "e993_tail_D_B1",
      "path": "LeanProject/LeanProof/Snippets/0042-lemma-e993_tail_D_B1.lean.fragment",
      "source_bytes": 173,
      "source_sha256": "f3b03178df9756bb015a2019dee49e129783b59ba4dcf74f23bf340c61b53619"
    },
    {
      "index": 43,
      "kind": "lemma",
      "name": "e993_tail_D_B2",
      "path": "LeanProject/LeanProof/Snippets/0043-lemma-e993_tail_D_B2.lean.fragment",
      "source_bytes": 173,
      "source_sha256": "2315503867f9d5a260b56ca253f38b9813caa14c33b83dc2fefac4007f97cc13"
    },
    {
      "index": 44,
      "kind": "lemma",
      "name": "e993_tail_D_B3",
      "path": "LeanProject/LeanProof/Snippets/0044-lemma-e993_tail_D_B3.lean.fragment",
      "source_bytes": 219,
      "source_sha256": "3f9f0f521a032894483ba4629eb29dc13379cb7b74e33c1e78da533b43235a08"
    },
    {
      "index": 45,
      "kind": "lemma",
      "name": "e993_tail_D_B4",
      "path": "LeanProject/LeanProof/Snippets/0045-lemma-e993_tail_D_B4.lean.fragment",
      "source_bytes": 243,
      "source_sha256": "64b655be0c3f1cc5a94d60485602137855484dcdd55fca64831a0880ff13b1c5"
    },
    {
      "index": 46,
      "kind": "lemma",
      "name": "e993_tail_NN_DB",
      "path": "LeanProject/LeanProof/Snippets/0046-lemma-e993_tail_NN_DB.lean.fragment",
      "source_bytes": 859,
      "source_sha256": "efdb95d87f62d8071f9b0dece791e0eb68898eaa5d33d8c48b3ba71e15ead8e8"
    },
    {
      "index": 47,
      "kind": "lemma",
      "name": "e993_tail_NN_prod",
      "path": "LeanProject/LeanProof/Snippets/0047-lemma-e993_tail_NN_prod.lean.fragment",
      "source_bytes": 340,
      "source_sha256": "2b5966ba8632dc22708f7a2b8d19da1aed632745799c15a907c4b44e60a4f98d"
    },
    {
      "index": 48,
      "kind": "lemma",
      "name": "e993_tail_NN_Dprod",
      "path": "LeanProject/LeanProof/Snippets/0048-lemma-e993_tail_NN_Dprod.lean.fragment",
      "source_bytes": 631,
      "source_sha256": "d889cdb95493c88ed64e3a957837473eed39fdf16a1d040ebd8c5565b97259d0"
    },
    {
      "index": 49,
      "kind": "lemma",
      "name": "e993_tail_NN_DC",
      "path": "LeanProject/LeanProof/Snippets/0049-lemma-e993_tail_NN_DC.lean.fragment",
      "source_bytes": 663,
      "source_sha256": "04980307f457f7e99ffff01c652c0b0d36be1407ccbc26f6b2b3ba45f5643339"
    },
    {
      "index": 50,
      "kind": "lemma",
      "name": "e993_tail_coeff_X_derivative",
      "path": "LeanProject/LeanProof/Snippets/0050-lemma-e993_tail_coeff_X_derivative.lean.fragment",
      "source_bytes": 276,
      "source_sha256": "578d473790c738ed4d916d7187fedd2c8902fff876aeb885b7328bccd01165f1"
    },
    {
      "index": 51,
      "kind": "lemma",
      "name": "e993_tail_D_coeff",
      "path": "LeanProject/LeanProof/Snippets/0051-lemma-e993_tail_D_coeff.lean.fragment",
      "source_bytes": 621,
      "source_sha256": "c7e7e07d58bc2540d185c7695ff5d9ce4bd99acb29d7f83c44270765ae8649c8"
    },
    {
      "index": 52,
      "kind": "lemma",
      "name": "e993_tail_C_ratio_succ",
      "path": "LeanProject/LeanProof/Snippets/0052-lemma-e993_tail_C_ratio_succ.lean.fragment",
      "source_bytes": 355,
      "source_sha256": "b87b38d20c9f623ff66430df3d6872f6a6ce681215412319ecc3adf886c19578"
    },
    {
      "index": 53,
      "kind": "lemma",
      "name": "e993_tail_C_ratio",
      "path": "LeanProject/LeanProof/Snippets/0053-lemma-e993_tail_C_ratio.lean.fragment",
      "source_bytes": 398,
      "source_sha256": "79f0a8737deda26f32b43fde95acb377caff68ffd8a451e3a3c4408983803de4"
    },
    {
      "index": 54,
      "kind": "lemma",
      "name": "e993_tail_LE_mul",
      "path": "LeanProject/LeanProof/Snippets/0054-lemma-e993_tail_LE_mul.lean.fragment",
      "source_bytes": 350,
      "source_sha256": "9bc33f776b45e97c7d6c66e7b5e8cfafb450bdbca494086c1cece643d50b4947"
    },
    {
      "index": 55,
      "kind": "lemma",
      "name": "e993_tail_LE_B",
      "path": "LeanProject/LeanProof/Snippets/0055-lemma-e993_tail_LE_B.lean.fragment",
      "source_bytes": 209,
      "source_sha256": "9f2512f5b867a2f7eed38aa5f3cebaaa7ca7fed92f32e111a5f04f7780be8034"
    },
    {
      "index": 56,
      "kind": "lemma",
      "name": "e993_tail_LE_prod",
      "path": "LeanProject/LeanProof/Snippets/0056-lemma-e993_tail_LE_prod.lean.fragment",
      "source_bytes": 529,
      "source_sha256": "4231ac7fe60e832bfdde28bad0aa3e58306d6a32da75e73f03cc7843271c0bb3"
    },
    {
      "index": 57,
      "kind": "lemma",
      "name": "e993_tail_LE_C",
      "path": "LeanProject/LeanProof/Snippets/0057-lemma-e993_tail_LE_C.lean.fragment",
      "source_bytes": 573,
      "source_sha256": "bfe0495d9d2252b6abfa4fc1527840dff00dfe41c34e32be32e0e20ffa50a216"
    },
    {
      "index": 58,
      "kind": "lemma",
      "name": "e993_tail_LE_U",
      "path": "LeanProject/LeanProof/Snippets/0058-lemma-e993_tail_LE_U.lean.fragment",
      "source_bytes": 1042,
      "source_sha256": "a1fb832ffc5deca165f75c783ff5a5a68b874db424ef18bb620f2ee03369fa6c"
    },
    {
      "index": 59,
      "kind": "lemma",
      "name": "e993_tail_C_coeff_floor",
      "path": "LeanProject/LeanProof/Snippets/0059-lemma-e993_tail_C_coeff_floor.lean.fragment",
      "source_bytes": 214,
      "source_sha256": "6319bc7ee7893235f7662cf886e1037d1074361184dd75bda594e1fc7d1c0274"
    },
    {
      "index": 60,
      "kind": "lemma",
      "name": "e993_tail_U_coeff_floor",
      "path": "LeanProject/LeanProof/Snippets/0060-lemma-e993_tail_U_coeff_floor.lean.fragment",
      "source_bytes": 250,
      "source_sha256": "99e033b73d1185528d6ef1315263163a2da5b99f2b8366e790b42c11903b0c4e"
    },
    {
      "index": 61,
      "kind": "lemma",
      "name": "e993_card_ambient",
      "path": "LeanProject/LeanProof/Snippets/0061-lemma-e993_card_ambient.lean.fragment",
      "source_bytes": 151,
      "source_sha256": "d708ee04400e30935a78f0cba408a971a68080af5f69dd6c271afb19580f6d25"
    },
    {
      "index": 62,
      "kind": "lemma",
      "name": "e993_card_subsets",
      "path": "LeanProject/LeanProof/Snippets/0062-lemma-e993_card_subsets.lean.fragment",
      "source_bytes": 272,
      "source_sha256": "f0539cc57b797b0638d5c9442163444386837d709526c0395f4dc0bad4c4205f"
    },
    {
      "index": 63,
      "kind": "lemma",
      "name": "e993_mass_pos",
      "path": "LeanProject/LeanProof/Snippets/0063-lemma-e993_mass_pos.lean.fragment",
      "source_bytes": 193,
      "source_sha256": "6b3d90955167199ee7653df0e967d4c2f244ffbfad6e42b986811a9868693faf"
    },
    {
      "index": 64,
      "kind": "lemma",
      "name": "e993_taylor_le",
      "path": "LeanProject/LeanProof/Snippets/0064-lemma-e993_taylor_le.lean.fragment",
      "source_bytes": 168,
      "source_sha256": "d33282ff8ec332f896e150a9458f5a8abefa017c790483e30eedf9f2d1ceee83"
    },
    {
      "index": 65,
      "kind": "lemma",
      "name": "e993_scalar_log",
      "path": "LeanProject/LeanProof/Snippets/0065-lemma-e993_scalar_log.lean.fragment",
      "source_bytes": 322,
      "source_sha256": "07e90e165093497955abe6dd85665533e82faeeffe3a041f1356166373e4ea31"
    },
    {
      "index": 66,
      "kind": "lemma",
      "name": "e993_exponent_nonneg",
      "path": "LeanProject/LeanProof/Snippets/0066-lemma-e993_exponent_nonneg.lean.fragment",
      "source_bytes": 724,
      "source_sha256": "382d32f707d14ffa71fe66ca089b62da9c51207efe16c2078e7ba5a49870101e"
    },
    {
      "index": 67,
      "kind": "lemma",
      "name": "e993_rebuild_fibers",
      "path": "LeanProject/LeanProof/Snippets/0067-lemma-e993_rebuild_fibers.lean.fragment",
      "source_bytes": 221,
      "source_sha256": "012104ad43177c02ae5b475ee9eefed1f7f606360d01fc4b3f07705038ae11e8"
    },
    {
      "index": 68,
      "kind": "lemma",
      "name": "e993_count_eq_fiber_card",
      "path": "LeanProject/LeanProof/Snippets/0068-lemma-e993_count_eq_fiber_card.lean.fragment",
      "source_bytes": 194,
      "source_sha256": "368c51d64851f7f20af77a85f32c11298d612e19a7a7da205e5fb62b6b46c138"
    },
    {
      "index": 69,
      "kind": "lemma",
      "name": "e993_sum_counts",
      "path": "LeanProject/LeanProof/Snippets/0069-lemma-e993_sum_counts.lean.fragment",
      "source_bytes": 391,
      "source_sha256": "d47d582bcc25c153d6e521c62db76b246a951657af47e779123f005b3d2b4eee"
    },
    {
      "index": 70,
      "kind": "lemma",
      "name": "e993_count_le",
      "path": "LeanProject/LeanProof/Snippets/0070-lemma-e993_count_le.lean.fragment",
      "source_bytes": 326,
      "source_sha256": "bf48bbb98d098f6fa5e55f516a19f1b04add684626e075f1978a7c782ffe0167"
    },
    {
      "index": 71,
      "kind": "lemma",
      "name": "e993_prod_monomial",
      "path": "LeanProject/LeanProof/Snippets/0071-lemma-e993_prod_monomial.lean.fragment",
      "source_bytes": 422,
      "source_sha256": "f547d3d2fd7e41c659166de8b5277caea8771076b9b4eec75eaacfad9ae463ec"
    },
    {
      "index": 72,
      "kind": "lemma",
      "name": "e993_coeff_expansion",
      "path": "LeanProject/LeanProof/Snippets/0072-lemma-e993_coeff_expansion.lean.fragment",
      "source_bytes": 915,
      "source_sha256": "648534608ba8d2116cbe179ea8a1cb0498d4b48c92e54f16063790751a3f9344"
    },
    {
      "index": 73,
      "kind": "lemma",
      "name": "e993_finite_jensen",
      "path": "LeanProject/LeanProof/Snippets/0073-lemma-e993_finite_jensen.lean.fragment",
      "source_bytes": 604,
      "source_sha256": "b562c54e9a86c695cd41f328d309292734653159348828c21c2874b3032e8890"
    },
    {
      "index": 74,
      "kind": "lemma",
      "name": "e993_weight_ge_one",
      "path": "LeanProject/LeanProof/Snippets/0074-lemma-e993_weight_ge_one.lean.fragment",
      "source_bytes": 387,
      "source_sha256": "b01eb53d9f2cf1883591c30b522458ad76f29f2eb2b84dccf909901e7185bf3c"
    },
    {
      "index": 75,
      "kind": "lemma",
      "name": "e993_exp_log_product",
      "path": "LeanProject/LeanProof/Snippets/0075-lemma-e993_exp_log_product.lean.fragment",
      "source_bytes": 605,
      "source_sha256": "f8b9d524dde3bdd09a685cff4c627f3ea57ee9c6a89f37438a670b8965ed90f4"
    },
    {
      "index": 76,
      "kind": "lemma",
      "name": "e993_pointwise_log",
      "path": "LeanProject/LeanProof/Snippets/0076-lemma-e993_pointwise_log.lean.fragment",
      "source_bytes": 677,
      "source_sha256": "b01bf4323bcaa9052a4a3c28666def908a62e093cda166cf074f8eb47d35974e"
    },
    {
      "index": 77,
      "kind": "lemma",
      "name": "e993_card_block_fiber",
      "path": "LeanProject/LeanProof/Snippets/0077-lemma-e993_card_block_fiber.lean.fragment",
      "source_bytes": 247,
      "source_sha256": "80284d71229e0eb059417393db7232026b6ab4ae2d9380dda394ee6f72ec2b65"
    },
    {
      "index": 78,
      "kind": "lemma",
      "name": "e993_card_joint_fiber",
      "path": "LeanProject/LeanProof/Snippets/0078-lemma-e993_card_joint_fiber.lean.fragment",
      "source_bytes": 714,
      "source_sha256": "c0aa6fad5f749760360e5ee1f04c5dd39445462b72694550e60717ba10f43596"
    },
    {
      "index": 79,
      "kind": "lemma",
      "name": "e993_card_rank_fiber",
      "path": "LeanProject/LeanProof/Snippets/0079-lemma-e993_card_rank_fiber.lean.fragment",
      "source_bytes": 1524,
      "source_sha256": "2d7d968a3b4831a5bdc2f941ba714399023bba006db0b4762eab8dadd1601daf"
    },
    {
      "index": 80,
      "kind": "lemma",
      "name": "e993_countvec_eq_iff",
      "path": "LeanProject/LeanProof/Snippets/0080-lemma-e993_countvec_eq_iff.lean.fragment",
      "source_bytes": 357,
      "source_sha256": "065da4e601598c021782237e5faab1cc504d624669711af55934fd4f361a36db"
    },
    {
      "index": 81,
      "kind": "lemma",
      "name": "e993_prod_choose_mul_weight",
      "path": "LeanProject/LeanProof/Snippets/0081-lemma-e993_prod_choose_mul_weight.lean.fragment",
      "source_bytes": 524,
      "source_sha256": "ac90a34f0372dcab2c8c31ffa631a4661761c1cb8648df1ceb0fd82b9205220b"
    },
    {
      "index": 82,
      "kind": "lemma",
      "name": "e993_actual_sum_eq_count_sum",
      "path": "LeanProject/LeanProof/Snippets/0082-lemma-e993_actual_sum_eq_count_sum.lean.fragment",
      "source_bytes": 2535,
      "source_sha256": "32feeb2d40a84cfd4c4e5390671f9e4eb43d016d1fcd6da30dbd35fca1b4997d"
    },
    {
      "index": 83,
      "kind": "lemma",
      "name": "e993_coeff_actual",
      "path": "LeanProject/LeanProof/Snippets/0083-lemma-e993_coeff_actual.lean.fragment",
      "source_bytes": 397,
      "source_sha256": "e74f5f25efce57e6d0171f41d50bfb5fe9a9419f456334b3f26951179c390564"
    },
    {
      "index": 84,
      "kind": "lemma",
      "name": "e993_coefficient_average",
      "path": "LeanProject/LeanProof/Snippets/0084-lemma-e993_coefficient_average.lean.fragment",
      "source_bytes": 310,
      "source_sha256": "739048576c7fbba3e0815e300979a8e5f548d3a66e95bcd91898561d1d867fab"
    },
    {
      "index": 85,
      "kind": "lemma",
      "name": "e993_card_inter_fiber",
      "path": "LeanProject/LeanProof/Snippets/0085-lemma-e993_card_inter_fiber.lean.fragment",
      "source_bytes": 2543,
      "source_sha256": "d3db140f9a8364abd484ae61a4cd20e3aa5a1d2f4d9af7133e46f9b7be6488ce"
    },
    {
      "index": 86,
      "kind": "lemma",
      "name": "e993_blockset_card",
      "path": "LeanProject/LeanProof/Snippets/0086-lemma-e993_blockset_card.lean.fragment",
      "source_bytes": 266,
      "source_sha256": "54df21fb0ba5ae093cdd6e92ec84508fc2570b0d1e8b00044c24ab0be6e9cb07"
    },
    {
      "index": 87,
      "kind": "lemma",
      "name": "e993_fiber_image",
      "path": "LeanProject/LeanProof/Snippets/0087-lemma-e993_fiber_image.lean.fragment",
      "source_bytes": 680,
      "source_sha256": "5709293a20455b2d4dd2e50648de0f6db8f195eb62f3d7d0dea8b77cec5003a2"
    },
    {
      "index": 88,
      "kind": "lemma",
      "name": "e993_count_inter",
      "path": "LeanProject/LeanProof/Snippets/0088-lemma-e993_count_inter.lean.fragment",
      "source_bytes": 345,
      "source_sha256": "337a7acc920ad414b4640d57d11f83cdc510c6bac56acc6ca0a412820f2c491f"
    },
    {
      "index": 89,
      "kind": "lemma",
      "name": "e993_marginal_count",
      "path": "LeanProject/LeanProof/Snippets/0089-lemma-e993_marginal_count.lean.fragment",
      "source_bytes": 994,
      "source_sha256": "1fa1cba6fe4b84d64110fc78273976dcb6e94fd10db3796cefcdef0e10cbc2b6"
    },
    {
      "index": 90,
      "kind": "lemma",
      "name": "e993_marginal_sum",
      "path": "LeanProject/LeanProof/Snippets/0090-lemma-e993_marginal_sum.lean.fragment",
      "source_bytes": 1915,
      "source_sha256": "c55f6b37ff74402d53b60598353887ca1b5d69b7c9d60c3b6265eb982c97dd2a"
    },
    {
      "index": 91,
      "kind": "lemma",
      "name": "e993_exponent_eq_average",
      "path": "LeanProject/LeanProof/Snippets/0091-lemma-e993_exponent_eq_average.lean.fragment",
      "source_bytes": 1754,
      "source_sha256": "50f5809fc788b1c09e393425f963d4b8b39d1897ea759798aa13684712a545f8"
    },
    {
      "index": 92,
      "kind": "lemma",
      "name": "e993_finite_block_coefficient_jensen",
      "path": "LeanProject/LeanProof/Snippets/0092-lemma-e993_finite_block_coefficient_jensen.lean.fragment",
      "source_bytes": 2709,
      "source_sha256": "fe9ea3ff59067f1d779c66b74cceb3e7827052f8278bcf4a4a55655ac66168f7"
    },
    {
      "index": 93,
      "kind": "lemma",
      "name": "e993_tail_B_degree",
      "path": "LeanProject/LeanProof/Snippets/0093-lemma-e993_tail_B_degree.lean.fragment",
      "source_bytes": 624,
      "source_sha256": "e8d4204ebdbde8879f2ae94fb6aa10a6f9f673bf8ac47baceb8fcaa7585fb62c"
    },
    {
      "index": 94,
      "kind": "lemma",
      "name": "e993_tail_B_sum_monomial",
      "path": "LeanProject/LeanProof/Snippets/0094-lemma-e993_tail_B_sum_monomial.lean.fragment",
      "source_bytes": 280,
      "source_sha256": "7a9abd87d90f144ff2256607e9de0b2618915e0264041a3f626935fa5f918078"
    },
    {
      "index": 95,
      "kind": "lemma",
      "name": "e993_tail_block_pos",
      "path": "LeanProject/LeanProof/Snippets/0095-lemma-e993_tail_block_pos.lean.fragment",
      "source_bytes": 425,
      "source_sha256": "6b8812dc902e12fd2760af44dcd96fa462faab3bc3c9e7c4184cc33c00b14c0e"
    },
    {
      "index": 96,
      "kind": "lemma",
      "name": "e993_tail_block_sum",
      "path": "LeanProject/LeanProof/Snippets/0096-lemma-e993_tail_block_sum.lean.fragment",
      "source_bytes": 826,
      "source_sha256": "38a2eb5ddbc8f57f4e7ef01b3f9552ed556ad94164716afead90776d6ea49440"
    },
    {
      "index": 97,
      "kind": "lemma",
      "name": "e993_tail_block_product",
      "path": "LeanProject/LeanProof/Snippets/0097-lemma-e993_tail_block_product.lean.fragment",
      "source_bytes": 1029,
      "source_sha256": "3ba61458cad83c61c96d8fbb59f63df7d856790026dfc8c0d2ae95e2f7d77618"
    },
    {
      "index": 98,
      "kind": "lemma",
      "name": "e993_tail_block_floor",
      "path": "LeanProject/LeanProof/Snippets/0098-lemma-e993_tail_block_floor.lean.fragment",
      "source_bytes": 370,
      "source_sha256": "9610e9e8910ea77e373258bc092f5c99a3d5d78601f503d155bc08cccfeb3e78"
    },
    {
      "index": 99,
      "kind": "lemma",
      "name": "e993_tail_jensen_raw",
      "path": "LeanProject/LeanProof/Snippets/0099-lemma-e993_tail_jensen_raw.lean.fragment",
      "source_bytes": 806,
      "source_sha256": "875f7b0e5da723a82fdc54b0c289c26beec90cf0d1bd9e4474f9da11e9ccf86f"
    },
    {
      "index": 100,
      "kind": "lemma",
      "name": "e993_tail_exp_base",
      "path": "LeanProject/LeanProof/Snippets/0100-lemma-e993_tail_exp_base.lean.fragment",
      "source_bytes": 290,
      "source_sha256": "07b7cbb198ac2ad5d80ba9887ab97513c74c9f14dbb09afc14c5605ca5696867"
    },
    {
      "index": 101,
      "kind": "lemma",
      "name": "e993_tail_exp_growth",
      "path": "LeanProject/LeanProof/Snippets/0101-lemma-e993_tail_exp_growth.lean.fragment",
      "source_bytes": 893,
      "source_sha256": "1f4cdb1284a7deb93e9634404aafa7148b7fd88abdaa552e9fd646c26927f437"
    },
    {
      "index": 102,
      "kind": "lemma",
      "name": "e993_tail_guard_le_N",
      "path": "LeanProject/LeanProof/Snippets/0102-lemma-e993_tail_guard_le_N.lean.fragment",
      "source_bytes": 253,
      "source_sha256": "92f29908e78c2065bfa658a5fadd2590a338742fba3cd96a387b190c5f9c15a9"
    },
    {
      "index": 103,
      "kind": "lemma",
      "name": "e993_tail_choose_adjacent",
      "path": "LeanProject/LeanProof/Snippets/0103-lemma-e993_tail_choose_adjacent.lean.fragment",
      "source_bytes": 567,
      "source_sha256": "9a7c3ce014b3622656edf71270a35a2fba5303e799e52a38b0c85a9c15691453"
    },
    {
      "index": 104,
      "kind": "lemma",
      "name": "e993_tail_C_coeff_pos",
      "path": "LeanProject/LeanProof/Snippets/0104-lemma-e993_tail_C_coeff_pos.lean.fragment",
      "source_bytes": 295,
      "source_sha256": "19b64397c6a8232d13454ad7f6d69c555714c18ccbaf4a7125a314e57a4f0f3e"
    },
    {
      "index": 105,
      "kind": "lemma",
      "name": "e993_tail_U_coeff_pos",
      "path": "LeanProject/LeanProof/Snippets/0105-lemma-e993_tail_U_coeff_pos.lean.fragment",
      "source_bytes": 327,
      "source_sha256": "1fedb9ba5ee92c6dd0964033efc55086e7f0e0dc939e887640d3a4d4b4a46375"
    },
    {
      "index": 106,
      "kind": "lemma",
      "name": "e993_tail_minor_half",
      "path": "LeanProject/LeanProof/Snippets/0106-lemma-e993_tail_minor_half.lean.fragment",
      "source_bytes": 1520,
      "source_sha256": "d869c0a5164c5b0c7018a15d2b4953df0c29db54cf8aa9d91e1c7aaf05a44a96"
    },
    {
      "index": 107,
      "kind": "lemma",
      "name": "e993_tail_numeric_payment",
      "path": "LeanProject/LeanProof/Snippets/0107-lemma-e993_tail_numeric_payment.lean.fragment",
      "source_bytes": 1349,
      "source_sha256": "b0d42d85a5b68c8b0ad88874c1a272562714ae0dff9e0c33aa7d176e09d11ece"
    },
    {
      "index": 108,
      "kind": "lemma",
      "name": "e993_tail_payment_from_U",
      "path": "LeanProject/LeanProof/Snippets/0108-lemma-e993_tail_payment_from_U.lean.fragment",
      "source_bytes": 3275,
      "source_sha256": "13e15adfcfc19f88313a5671c8fecc563b5dceef44e282388058e577af9b7b02"
    },
    {
      "index": 109,
      "kind": "lemma",
      "name": "e993_tail_B_coeff",
      "path": "LeanProject/LeanProof/Snippets/0109-lemma-e993_tail_B_coeff.lean.fragment",
      "source_bytes": 261,
      "source_sha256": "e1e57559af985865f446e515b2498f0df516f8ce6e3141309828103306c3ee44"
    },
    {
      "index": 110,
      "kind": "lemma",
      "name": "e993_tail_singleton_exponent",
      "path": "LeanProject/LeanProof/Snippets/0110-lemma-e993_tail_singleton_exponent.lean.fragment",
      "source_bytes": 1061,
      "source_sha256": "69d4f9d4da231b2893ac63fe01a4a9fea5e226b5831cccefac13bcb1d1f5edad"
    },
    {
      "index": 111,
      "kind": "lemma",
      "name": "e993_tail_exponent_sum",
      "path": "LeanProject/LeanProof/Snippets/0111-lemma-e993_tail_exponent_sum.lean.fragment",
      "source_bytes": 973,
      "source_sha256": "e4bb7124020186f3b7f0baafb370b01bdb5dd50aa6b5d4584797dde8e97a8c24"
    },
    {
      "index": 112,
      "kind": "lemma",
      "name": "e993_tail_choose_k_step",
      "path": "LeanProject/LeanProof/Snippets/0112-lemma-e993_tail_choose_k_step.lean.fragment",
      "source_bytes": 186,
      "source_sha256": "66d6b9e25c8f2d76276073957009627ee9155261530e3b103889fe0f94e2fc09"
    },
    {
      "index": 113,
      "kind": "lemma",
      "name": "e993_tail_choose_n_step",
      "path": "LeanProject/LeanProof/Snippets/0113-lemma-e993_tail_choose_n_step.lean.fragment",
      "source_bytes": 363,
      "source_sha256": "58b09a349f2ba1647b3aa526f4355be15cf6af0d2b33451a90445e5267055522"
    },
    {
      "index": 114,
      "kind": "lemma",
      "name": "e993_tail_choose_four",
      "path": "LeanProject/LeanProof/Snippets/0114-lemma-e993_tail_choose_four.lean.fragment",
      "source_bytes": 1461,
      "source_sha256": "7706da57f5dde814310580d51264f15b0610bc3ddd4fdadd454ddfb96b28efb6"
    },
    {
      "index": 115,
      "kind": "lemma",
      "name": "e993_tail_G4_formula",
      "path": "LeanProject/LeanProof/Snippets/0115-lemma-e993_tail_G4_formula.lean.fragment",
      "source_bytes": 1737,
      "source_sha256": "25c5e9f17dcbe29342b9485b7fbcf8225735177079c71ee094bfecdcc86ba26f"
    },
    {
      "index": 116,
      "kind": "lemma",
      "name": "e993_tail_G4_step",
      "path": "LeanProject/LeanProof/Snippets/0116-lemma-e993_tail_G4_step.lean.fragment",
      "source_bytes": 1845,
      "source_sha256": "b9ec1322ad500fa475bd1b43f5a434d5f1e49db0d837cd57c0ad0e8524761377"
    },
    {
      "index": 117,
      "kind": "lemma",
      "name": "e993_tail_G4_ge_of_poly",
      "path": "LeanProject/LeanProof/Snippets/0117-lemma-e993_tail_G4_ge_of_poly.lean.fragment",
      "source_bytes": 681,
      "source_sha256": "0de83cafc69287ea93d446c1b3704d8aeef5e03c6a659092ffab5a9929b5e2ca"
    },
    {
      "index": 118,
      "kind": "lemma",
      "name": "e993_tail_G4_even_endpoint",
      "path": "LeanProject/LeanProof/Snippets/0118-lemma-e993_tail_G4_even_endpoint.lean.fragment",
      "source_bytes": 819,
      "source_sha256": "46dc3ef0545dacdba754349f9b98044b2fa0e7aa146ab81d9607bbbb68559f2f"
    },
    {
      "index": 119,
      "kind": "lemma",
      "name": "e993_tail_G4_odd_endpoint",
      "path": "LeanProject/LeanProof/Snippets/0119-lemma-e993_tail_G4_odd_endpoint.lean.fragment",
      "source_bytes": 749,
      "source_sha256": "2513cbb05dd2e2bfc8362004bb9dd5d02bb1357d7f940b6a70da920f80ec7f08"
    },
    {
      "index": 120,
      "kind": "lemma",
      "name": "e993_tail_G4_band",
      "path": "LeanProject/LeanProof/Snippets/0120-lemma-e993_tail_G4_band.lean.fragment",
      "source_bytes": 1246,
      "source_sha256": "2139715eaac4dbdea71843cd10dde642edd98c4a667134acc2510fee16e681c6"
    },
    {
      "index": 121,
      "kind": "lemma",
      "name": "e993_tail_G3_ge_G4",
      "path": "LeanProject/LeanProof/Snippets/0121-lemma-e993_tail_G3_ge_G4.lean.fragment",
      "source_bytes": 2085,
      "source_sha256": "e78c6dd588a008121e7b56f4f4fc0ec18569e8b09bb41eb081d2565a7558aebc"
    },
    {
      "index": 122,
      "kind": "lemma",
      "name": "e993_tail_G2_ge_G3",
      "path": "LeanProject/LeanProof/Snippets/0122-lemma-e993_tail_G2_ge_G3.lean.fragment",
      "source_bytes": 2016,
      "source_sha256": "8e58c0726130a74dc02d7415a69da20742155edc30426b944ab20b64e3ca77cd"
    },
    {
      "index": 123,
      "kind": "lemma",
      "name": "e993_tail_G_all",
      "path": "LeanProject/LeanProof/Snippets/0123-lemma-e993_tail_G_all.lean.fragment",
      "source_bytes": 524,
      "source_sha256": "841c043420bff9e1195736ce5fa30e79c1e21e8bd5e0dc8b5a52f986a4f5a51d"
    },
    {
      "index": 124,
      "kind": "lemma",
      "name": "e993_tail_G_nonneg",
      "path": "LeanProject/LeanProof/Snippets/0124-lemma-e993_tail_G_nonneg.lean.fragment",
      "source_bytes": 101,
      "source_sha256": "92bb5f4d269033d479d2b06289fe8a00f54464ec87dcead33c933501d71a88a2"
    },
    {
      "index": 125,
      "kind": "lemma",
      "name": "e993_tail_exponent_lower",
      "path": "LeanProject/LeanProof/Snippets/0125-lemma-e993_tail_exponent_lower.lean.fragment",
      "source_bytes": 1698,
      "source_sha256": "fd1f43c380c9d9aabb70460cb6963aec8476a741f2e75ff94bf799460219d3c1"
    },
    {
      "index": 126,
      "kind": "lemma",
      "name": "e993_tail_U_high_lower",
      "path": "LeanProject/LeanProof/Snippets/0126-lemma-e993_tail_U_high_lower.lean.fragment",
      "source_bytes": 1051,
      "source_sha256": "437edc3f618333f158cdafdc4e0b13cbad61d70040b5c5acebcff801adf03dfe"
    },
    {
      "index": 127,
      "kind": "lemma",
      "name": "e993_tail_center_expansion",
      "path": "LeanProject/LeanProof/Snippets/0127-lemma-e993_tail_center_expansion.lean.fragment",
      "source_bytes": 715,
      "source_sha256": "634ba0dca934e49402847bf1a832a97573edf5b3764f758689935c9d65b3a0ba"
    },
    {
      "index": 128,
      "kind": "lemma",
      "name": "e993_tail_center_coeff",
      "path": "LeanProject/LeanProof/Snippets/0128-lemma-e993_tail_center_coeff.lean.fragment",
      "source_bytes": 410,
      "source_sha256": "fefa5d98bf418a608b7ecab7f49887111945a0c4702052d4df6cf85946234415"
    }
  ],
  "files": [
    {
      "bytes": 749,
      "path": "DEPENDENCIES.yaml",
      "sha256": "f2d29a42fe90c3a2507f3036ce6bb2e6cdf88f979f4c3d6c0becadc179944f32"
    },
    {
      "bytes": 39876,
      "path": "FORMALIZATION-STATE.json",
      "sha256": "aa41f1d19a4e5757d0c684b061c5379ae623773aa3be09717e3a4e030bcfcaaf"
    },
    {
      "bytes": 22,
      "path": "LeanProject/LeanProof.lean",
      "sha256": "f4dfdef8320a735eab53d24f4b47d3b60bcb474ffd2c84c77f24ae2fc75fcf31"
    },
    {
      "bytes": 92365,
      "path": "LeanProject/LeanProof/Main.lean",
      "sha256": "e05e92d2262d6f64462fd25fa335bbd20121c227e93a417f8b52349f0c8447dd"
    },
    {
      "bytes": 120,
      "path": "LeanProject/LeanProof/Snippets/0001-definition-e993TailB.lean.fragment",
      "sha256": "0675aca6ddf94dfc3037b1f49627fd51e03d4b9e744d97ebb62edacced1625a7"
    },
    {
      "bytes": 64,
      "path": "LeanProject/LeanProof/Snippets/0002-definition-e993TailN.lean.fragment",
      "sha256": "238a93d24068682724bce84b4c4e3487067949ce27c0d5b72afcb8894425cfd4"
    },
    {
      "bytes": 114,
      "path": "LeanProject/LeanProof/Snippets/0003-definition-e993TailH.lean.fragment",
      "sha256": "0e4136253e6f6a2aac35a4d8e25c36d0458f1193bfa247b866efc540b0c13b62"
    },
    {
      "bytes": 117,
      "path": "LeanProject/LeanProof/Snippets/0004-definition-e993TailC.lean.fragment",
      "sha256": "f4881f3de4f298ab3fce9276a9bdfd452d7251463577c60d3e0ad0d0dc1ccab2"
    },
    {
      "bytes": 198,
      "path": "LeanProject/LeanProof/Snippets/0005-definition-e993TailU.lean.fragment",
      "sha256": "0d088074fbafb752e85c9de891b6bffc2e1ff1dfecac8c6ef8cfd63c1155c73a"
    },
    {
      "bytes": 126,
      "path": "LeanProject/LeanProof/Snippets/0006-definition-e993TailE.lean.fragment",
      "sha256": "3d9abc81727e01e78c3b080e598197e7a69ec5f967c539243431bc139d264261"
    },
    {
      "bytes": 69,
      "path": "LeanProject/LeanProof/Snippets/0007-definition-e993TailNN.lean.fragment",
      "sha256": "cf4a322153ff70d541225e4e67c2eaa79ce8abe06f86e2f3f78a215bd1e2870d"
    },
    {
      "bytes": 152,
      "path": "LeanProject/LeanProof/Snippets/0008-definition-e993TailD.lean.fragment",
      "sha256": "93be2ca33f6eb0713431594817899e78f061e2c240b27553d92c1fb6ac71b7ff"
    },
    {
      "bytes": 79,
      "path": "LeanProject/LeanProof/Snippets/0009-definition-e993TailLE.lean.fragment",
      "sha256": "755c59a4419280bc69298c779c00237959ffbfd6f21a6d4e3440c91074b05bc0"
    },
    {
      "bytes": 200,
      "path": "LeanProject/LeanProof/Snippets/0010-definition-e993BlockProduct.lean.fragment",
      "sha256": "a06825ae137ff6103e14e2ec4120fdb1651b587bd8a90055a613ba41fbc26045"
    },
    {
      "bytes": 130,
      "path": "LeanProject/LeanProof/Snippets/0011-definition-e993BlockMass.lean.fragment",
      "sha256": "03b5ac26ac84d45d313e280e700eab748de756da49239900c04dab557dfa650d"
    },
    {
      "bytes": 225,
      "path": "LeanProject/LeanProof/Snippets/0012-definition-e993BlockCount.lean.fragment",
      "sha256": "a36ecd60e8394e595db5164ecd8ad3041886a3f761a97cc4dc1f446c50dc1607"
    },
    {
      "bytes": 382,
      "path": "LeanProject/LeanProof/Snippets/0013-definition-e993SubsetAverage.lean.fragment",
      "sha256": "f5e3c55955d99a975188d41dc798a971837e255fa7b201ed9423ee0265ff7fb0"
    },
    {
      "bytes": 392,
      "path": "LeanProject/LeanProof/Snippets/0014-definition-e993BlockExponent.lean.fragment",
      "sha256": "faceb6209677defc332399b3a244e4ba6b903d27036e54a98615517d013b57e1"
    },
    {
      "bytes": 127,
      "path": "LeanProject/LeanProof/Snippets/0015-definition-e993ExpTaylor.lean.fragment",
      "sha256": "df1cf11775b48b32dca39f92d846d6e57e9f4718648cfcfd0131812c72134a37"
    },
    {
      "bytes": 205,
      "path": "LeanProject/LeanProof/Snippets/0016-definition-e993Fiber.lean.fragment",
      "sha256": "043c84b335b136423b2f5e69c81953526e7697700ef093d77f2613070222016c"
    },
    {
      "bytes": 475,
      "path": "LeanProject/LeanProof/Snippets/0017-definition-e993CountVec.lean.fragment",
      "sha256": "52b46c179b2f1c98015c0c9d8bdb5f47cec3790e2223a2174aae7fdbfca8a30d"
    },
    {
      "bytes": 876,
      "path": "LeanProject/LeanProof/Snippets/0018-definition-e993CountFiberEquiv.lean.fragment",
      "sha256": "a1a167c0fb8854cf85f11a2575f5a4668b7cf92191410931d8ffaeee38251f53"
    },
    {
      "bytes": 190,
      "path": "LeanProject/LeanProof/Snippets/0019-definition-e993BlockSet.lean.fragment",
      "sha256": "fef18d07b024a6726479c9d9140f966e5744d95564b9319435e2f809a15b207f"
    },
    {
      "bytes": 148,
      "path": "LeanProject/LeanProof/Snippets/0020-definition-e993TailBlockSize.lean.fragment",
      "sha256": "91385076f738c912d2a061404c079805a9f5b1fb02cf64aef34d0faa49dfcfc2"
    },
    {
      "bytes": 149,
      "path": "LeanProject/LeanProof/Snippets/0021-definition-e993TailG.lean.fragment",
      "sha256": "f846f061b9eb0bf20f06b656b447c16bb16c91d6bce236cc1268d8967a0e4e88"
    },
    {
      "bytes": 103,
      "path": "LeanProject/LeanProof/Snippets/0022-definition-e993TailQ.lean.fragment",
      "sha256": "9cfeb603fc563b6de4b4b738e9018154bc2883277daf6742597ed4a69d1982c5"
    },
    {
      "bytes": 322,
      "path": "LeanProject/LeanProof/Snippets/0023-lemma-e993_tail_arity_lower.lean.fragment",
      "sha256": "b350a81941bebd3d953b0341e60f8acb58b518dc3118ecb143fe1e8828f7d01a"
    },
    {
      "bytes": 322,
      "path": "LeanProject/LeanProof/Snippets/0024-lemma-e993_tail_arity_upper.lean.fragment",
      "sha256": "9f87fa08c16945ae2f299db9896fc1404b2e4bd3dc2569b21c0e58bebdde8fa8"
    },
    {
      "bytes": 410,
      "path": "LeanProject/LeanProof/Snippets/0025-lemma-e993_tail_order_lower.lean.fragment",
      "sha256": "3fd719bae24abc8f90d6c69a697bbaf829a281f2be138bfa7a96e8b37a6d29f1"
    },
    {
      "bytes": 293,
      "path": "LeanProject/LeanProof/Snippets/0026-lemma-e993_tail_E_coeff.lean.fragment",
      "sha256": "26921fa5f8812488624f0449bb189e6edfd739a4bd7784ef67eec737fcb45e4d"
    },
    {
      "bytes": 217,
      "path": "LeanProject/LeanProof/Snippets/0027-lemma-e993_tail_E_coeff_succ.lean.fragment",
      "sha256": "17d627fce89908de80309c7ac4a1fe975a74ab0f92b5e5e31e8a101f8ba6c371"
    },
    {
      "bytes": 188,
      "path": "LeanProject/LeanProof/Snippets/0028-lemma-e993_tail_NN_add.lean.fragment",
      "sha256": "8dadf84b4109739dca6fcb353440d49de441eeef50c1ab7af644f6fe07508880"
    },
    {
      "bytes": 231,
      "path": "LeanProject/LeanProof/Snippets/0029-lemma-e993_tail_NN_mul.lean.fragment",
      "sha256": "66cec8d57cc3b97601cfa1cac68e5a4f298ac31e2d0c38d7d709ac596cc6a7ef"
    },
    {
      "bytes": 126,
      "path": "LeanProject/LeanProof/Snippets/0030-lemma-e993_tail_NN_one.lean.fragment",
      "sha256": "9e1ce2d926d29571ed1f81a3133a354f65e09cfaca9a634807fcc2de60cf5c70"
    },
    {
      "bytes": 133,
      "path": "LeanProject/LeanProof/Snippets/0031-lemma-e993_tail_NN_X.lean.fragment",
      "sha256": "c16beb2d512eb335d972b98f52e7b42102576ce5af5dbd6a2a582f3c7be7ba6a"
    },
    {
      "bytes": 165,
      "path": "LeanProject/LeanProof/Snippets/0032-lemma-e993_tail_NN_nat.lean.fragment",
      "sha256": "ee7cee2e12b803f1cd479591648c4d09baadc506ad0832d9c039e03e1476e010"
    },
    {
      "bytes": 228,
      "path": "LeanProject/LeanProof/Snippets/0033-lemma-e993_tail_NN_pow.lean.fragment",
      "sha256": "5419f31f70c62513bbfb0cdaaa3fc2994c664e751d19b36e3719fa469f27986f"
    },
    {
      "bytes": 207,
      "path": "LeanProject/LeanProof/Snippets/0034-lemma-e993_tail_D_mul.lean.fragment",
      "sha256": "01915eb5c01675c0e869f04898ce0d04c9a517d9a96e512a5b30745119c3151e"
    },
    {
      "bytes": 86,
      "path": "LeanProject/LeanProof/Snippets/0035-lemma-e993_tail_D_one.lean.fragment",
      "sha256": "f65f08ea8c265538ceb41c7ce4d9ba6db79a75c7d40d73839255214fea08012f"
    },
    {
      "bytes": 81,
      "path": "LeanProject/LeanProof/Snippets/0036-lemma-e993_tail_NN_zero.lean.fragment",
      "sha256": "61867aee5f52ee2e1db740e0c65ddbea843ea05ad689f4c10ef51a6739eba884"
    },
    {
      "bytes": 124,
      "path": "LeanProject/LeanProof/Snippets/0037-lemma-e993_tail_NN_L.lean.fragment",
      "sha256": "a573d9a7581302a44da382f448e8758fa2d43a094971aec3be8420ea94984d69"
    },
    {
      "bytes": 131,
      "path": "LeanProject/LeanProof/Snippets/0038-lemma-e993_tail_NN_B.lean.fragment",
      "sha256": "2beb6203ad10184e1198ecad3c7be2f822dbe1bc26c7c4f79cb77ba2d25344ed"
    },
    {
      "bytes": 83,
      "path": "LeanProject/LeanProof/Snippets/0039-lemma-e993_tail_C2.lean.fragment",
      "sha256": "6367ea4bef9cac0ca0a1fdffac4d49de15817bcb129036c3109ec4f7eef1e371"
    },
    {
      "bytes": 83,
      "path": "LeanProject/LeanProof/Snippets/0040-lemma-e993_tail_C3.lean.fragment",
      "sha256": "11a2bfdf3b0c76ad73471c1c5940f34a5d459906ccb902187837eaa7e0e66165"
    },
    {
      "bytes": 83,
      "path": "LeanProject/LeanProof/Snippets/0041-lemma-e993_tail_C4.lean.fragment",
      "sha256": "53af182f290da61fb3ed42f2579226c436bfa329daf24ac24c61477145f1ac1a"
    },
    {
      "bytes": 173,
      "path": "LeanProject/LeanProof/Snippets/0042-lemma-e993_tail_D_B1.lean.fragment",
      "sha256": "f3b03178df9756bb015a2019dee49e129783b59ba4dcf74f23bf340c61b53619"
    },
    {
      "bytes": 173,
      "path": "LeanProject/LeanProof/Snippets/0043-lemma-e993_tail_D_B2.lean.fragment",
      "sha256": "2315503867f9d5a260b56ca253f38b9813caa14c33b83dc2fefac4007f97cc13"
    },
    {
      "bytes": 219,
      "path": "LeanProject/LeanProof/Snippets/0044-lemma-e993_tail_D_B3.lean.fragment",
      "sha256": "3f9f0f521a032894483ba4629eb29dc13379cb7b74e33c1e78da533b43235a08"
    },
    {
      "bytes": 243,
      "path": "LeanProject/LeanProof/Snippets/0045-lemma-e993_tail_D_B4.lean.fragment",
      "sha256": "64b655be0c3f1cc5a94d60485602137855484dcdd55fca64831a0880ff13b1c5"
    },
    {
      "bytes": 859,
      "path": "LeanProject/LeanProof/Snippets/0046-lemma-e993_tail_NN_DB.lean.fragment",
      "sha256": "efdb95d87f62d8071f9b0dece791e0eb68898eaa5d33d8c48b3ba71e15ead8e8"
    },
    {
      "bytes": 340,
      "path": "LeanProject/LeanProof/Snippets/0047-lemma-e993_tail_NN_prod.lean.fragment",
      "sha256": "2b5966ba8632dc22708f7a2b8d19da1aed632745799c15a907c4b44e60a4f98d"
    },
    {
      "bytes": 631,
      "path": "LeanProject/LeanProof/Snippets/0048-lemma-e993_tail_NN_Dprod.lean.fragment",
      "sha256": "d889cdb95493c88ed64e3a957837473eed39fdf16a1d040ebd8c5565b97259d0"
    },
    {
      "bytes": 663,
      "path": "LeanProject/LeanProof/Snippets/0049-lemma-e993_tail_NN_DC.lean.fragment",
      "sha256": "04980307f457f7e99ffff01c652c0b0d36be1407ccbc26f6b2b3ba45f5643339"
    },
    {
      "bytes": 276,
      "path": "LeanProject/LeanProof/Snippets/0050-lemma-e993_tail_coeff_X_derivative.lean.fragment",
      "sha256": "578d473790c738ed4d916d7187fedd2c8902fff876aeb885b7328bccd01165f1"
    },
    {
      "bytes": 621,
      "path": "LeanProject/LeanProof/Snippets/0051-lemma-e993_tail_D_coeff.lean.fragment",
      "sha256": "c7e7e07d58bc2540d185c7695ff5d9ce4bd99acb29d7f83c44270765ae8649c8"
    },
    {
      "bytes": 355,
      "path": "LeanProject/LeanProof/Snippets/0052-lemma-e993_tail_C_ratio_succ.lean.fragment",
      "sha256": "b87b38d20c9f623ff66430df3d6872f6a6ce681215412319ecc3adf886c19578"
    },
    {
      "bytes": 398,
      "path": "LeanProject/LeanProof/Snippets/0053-lemma-e993_tail_C_ratio.lean.fragment",
      "sha256": "79f0a8737deda26f32b43fde95acb377caff68ffd8a451e3a3c4408983803de4"
    },
    {
      "bytes": 350,
      "path": "LeanProject/LeanProof/Snippets/0054-lemma-e993_tail_LE_mul.lean.fragment",
      "sha256": "9bc33f776b45e97c7d6c66e7b5e8cfafb450bdbca494086c1cece643d50b4947"
    },
    {
      "bytes": 209,
      "path": "LeanProject/LeanProof/Snippets/0055-lemma-e993_tail_LE_B.lean.fragment",
      "sha256": "9f2512f5b867a2f7eed38aa5f3cebaaa7ca7fed92f32e111a5f04f7780be8034"
    },
    {
      "bytes": 529,
      "path": "LeanProject/LeanProof/Snippets/0056-lemma-e993_tail_LE_prod.lean.fragment",
      "sha256": "4231ac7fe60e832bfdde28bad0aa3e58306d6a32da75e73f03cc7843271c0bb3"
    },
    {
      "bytes": 573,
      "path": "LeanProject/LeanProof/Snippets/0057-lemma-e993_tail_LE_C.lean.fragment",
      "sha256": "bfe0495d9d2252b6abfa4fc1527840dff00dfe41c34e32be32e0e20ffa50a216"
    },
    {
      "bytes": 1042,
      "path": "LeanProject/LeanProof/Snippets/0058-lemma-e993_tail_LE_U.lean.fragment",
      "sha256": "a1fb832ffc5deca165f75c783ff5a5a68b874db424ef18bb620f2ee03369fa6c"
    },
    {
      "bytes": 214,
      "path": "LeanProject/LeanProof/Snippets/0059-lemma-e993_tail_C_coeff_floor.lean.fragment",
      "sha256": "6319bc7ee7893235f7662cf886e1037d1074361184dd75bda594e1fc7d1c0274"
    },
    {
      "bytes": 250,
      "path": "LeanProject/LeanProof/Snippets/0060-lemma-e993_tail_U_coeff_floor.lean.fragment",
      "sha256": "99e033b73d1185528d6ef1315263163a2da5b99f2b8366e790b42c11903b0c4e"
    },
    {
      "bytes": 151,
      "path": "LeanProject/LeanProof/Snippets/0061-lemma-e993_card_ambient.lean.fragment",
      "sha256": "d708ee04400e30935a78f0cba408a971a68080af5f69dd6c271afb19580f6d25"
    },
    {
      "bytes": 272,
      "path": "LeanProject/LeanProof/Snippets/0062-lemma-e993_card_subsets.lean.fragment",
      "sha256": "f0539cc57b797b0638d5c9442163444386837d709526c0395f4dc0bad4c4205f"
    },
    {
      "bytes": 193,
      "path": "LeanProject/LeanProof/Snippets/0063-lemma-e993_mass_pos.lean.fragment",
      "sha256": "6b3d90955167199ee7653df0e967d4c2f244ffbfad6e42b986811a9868693faf"
    },
    {
      "bytes": 168,
      "path": "LeanProject/LeanProof/Snippets/0064-lemma-e993_taylor_le.lean.fragment",
      "sha256": "d33282ff8ec332f896e150a9458f5a8abefa017c790483e30eedf9f2d1ceee83"
    },
    {
      "bytes": 322,
      "path": "LeanProject/LeanProof/Snippets/0065-lemma-e993_scalar_log.lean.fragment",
      "sha256": "07e90e165093497955abe6dd85665533e82faeeffe3a041f1356166373e4ea31"
    },
    {
      "bytes": 724,
      "path": "LeanProject/LeanProof/Snippets/0066-lemma-e993_exponent_nonneg.lean.fragment",
      "sha256": "382d32f707d14ffa71fe66ca089b62da9c51207efe16c2078e7ba5a49870101e"
    },
    {
      "bytes": 221,
      "path": "LeanProject/LeanProof/Snippets/0067-lemma-e993_rebuild_fibers.lean.fragment",
      "sha256": "012104ad43177c02ae5b475ee9eefed1f7f606360d01fc4b3f07705038ae11e8"
    },
    {
      "bytes": 194,
      "path": "LeanProject/LeanProof/Snippets/0068-lemma-e993_count_eq_fiber_card.lean.fragment",
      "sha256": "368c51d64851f7f20af77a85f32c11298d612e19a7a7da205e5fb62b6b46c138"
    },
    {
      "bytes": 391,
      "path": "LeanProject/LeanProof/Snippets/0069-lemma-e993_sum_counts.lean.fragment",
      "sha256": "d47d582bcc25c153d6e521c62db76b246a951657af47e779123f005b3d2b4eee"
    },
    {
      "bytes": 326,
      "path": "LeanProject/LeanProof/Snippets/0070-lemma-e993_count_le.lean.fragment",
      "sha256": "bf48bbb98d098f6fa5e55f516a19f1b04add684626e075f1978a7c782ffe0167"
    },
    {
      "bytes": 422,
      "path": "LeanProject/LeanProof/Snippets/0071-lemma-e993_prod_monomial.lean.fragment",
      "sha256": "f547d3d2fd7e41c659166de8b5277caea8771076b9b4eec75eaacfad9ae463ec"
    },
    {
      "bytes": 915,
      "path": "LeanProject/LeanProof/Snippets/0072-lemma-e993_coeff_expansion.lean.fragment",
      "sha256": "648534608ba8d2116cbe179ea8a1cb0498d4b48c92e54f16063790751a3f9344"
    },
    {
      "bytes": 604,
      "path": "LeanProject/LeanProof/Snippets/0073-lemma-e993_finite_jensen.lean.fragment",
      "sha256": "b562c54e9a86c695cd41f328d309292734653159348828c21c2874b3032e8890"
    },
    {
      "bytes": 387,
      "path": "LeanProject/LeanProof/Snippets/0074-lemma-e993_weight_ge_one.lean.fragment",
      "sha256": "b01eb53d9f2cf1883591c30b522458ad76f29f2eb2b84dccf909901e7185bf3c"
    },
    {
      "bytes": 605,
      "path": "LeanProject/LeanProof/Snippets/0075-lemma-e993_exp_log_product.lean.fragment",
      "sha256": "f8b9d524dde3bdd09a685cff4c627f3ea57ee9c6a89f37438a670b8965ed90f4"
    },
    {
      "bytes": 677,
      "path": "LeanProject/LeanProof/Snippets/0076-lemma-e993_pointwise_log.lean.fragment",
      "sha256": "b01bf4323bcaa9052a4a3c28666def908a62e093cda166cf074f8eb47d35974e"
    },
    {
      "bytes": 247,
      "path": "LeanProject/LeanProof/Snippets/0077-lemma-e993_card_block_fiber.lean.fragment",
      "sha256": "80284d71229e0eb059417393db7232026b6ab4ae2d9380dda394ee6f72ec2b65"
    },
    {
      "bytes": 714,
      "path": "LeanProject/LeanProof/Snippets/0078-lemma-e993_card_joint_fiber.lean.fragment",
      "sha256": "c0aa6fad5f749760360e5ee1f04c5dd39445462b72694550e60717ba10f43596"
    },
    {
      "bytes": 1524,
      "path": "LeanProject/LeanProof/Snippets/0079-lemma-e993_card_rank_fiber.lean.fragment",
      "sha256": "2d7d968a3b4831a5bdc2f941ba714399023bba006db0b4762eab8dadd1601daf"
    },
    {
      "bytes": 357,
      "path": "LeanProject/LeanProof/Snippets/0080-lemma-e993_countvec_eq_iff.lean.fragment",
      "sha256": "065da4e601598c021782237e5faab1cc504d624669711af55934fd4f361a36db"
    },
    {
      "bytes": 524,
      "path": "LeanProject/LeanProof/Snippets/0081-lemma-e993_prod_choose_mul_weight.lean.fragment",
      "sha256": "ac90a34f0372dcab2c8c31ffa631a4661761c1cb8648df1ceb0fd82b9205220b"
    },
    {
      "bytes": 2535,
      "path": "LeanProject/LeanProof/Snippets/0082-lemma-e993_actual_sum_eq_count_sum.lean.fragment",
      "sha256": "32feeb2d40a84cfd4c4e5390671f9e4eb43d016d1fcd6da30dbd35fca1b4997d"
    },
    {
      "bytes": 397,
      "path": "LeanProject/LeanProof/Snippets/0083-lemma-e993_coeff_actual.lean.fragment",
      "sha256": "e74f5f25efce57e6d0171f41d50bfb5fe9a9419f456334b3f26951179c390564"
    },
    {
      "bytes": 310,
      "path": "LeanProject/LeanProof/Snippets/0084-lemma-e993_coefficient_average.lean.fragment",
      "sha256": "739048576c7fbba3e0815e300979a8e5f548d3a66e95bcd91898561d1d867fab"
    },
    {
      "bytes": 2543,
      "path": "LeanProject/LeanProof/Snippets/0085-lemma-e993_card_inter_fiber.lean.fragment",
      "sha256": "d3db140f9a8364abd484ae61a4cd20e3aa5a1d2f4d9af7133e46f9b7be6488ce"
    },
    {
      "bytes": 266,
      "path": "LeanProject/LeanProof/Snippets/0086-lemma-e993_blockset_card.lean.fragment",
      "sha256": "54df21fb0ba5ae093cdd6e92ec84508fc2570b0d1e8b00044c24ab0be6e9cb07"
    },
    {
      "bytes": 680,
      "path": "LeanProject/LeanProof/Snippets/0087-lemma-e993_fiber_image.lean.fragment",
      "sha256": "5709293a20455b2d4dd2e50648de0f6db8f195eb62f3d7d0dea8b77cec5003a2"
    },
    {
      "bytes": 345,
      "path": "LeanProject/LeanProof/Snippets/0088-lemma-e993_count_inter.lean.fragment",
      "sha256": "337a7acc920ad414b4640d57d11f83cdc510c6bac56acc6ca0a412820f2c491f"
    },
    {
      "bytes": 994,
      "path": "LeanProject/LeanProof/Snippets/0089-lemma-e993_marginal_count.lean.fragment",
      "sha256": "1fa1cba6fe4b84d64110fc78273976dcb6e94fd10db3796cefcdef0e10cbc2b6"
    },
    {
      "bytes": 1915,
      "path": "LeanProject/LeanProof/Snippets/0090-lemma-e993_marginal_sum.lean.fragment",
      "sha256": "c55f6b37ff74402d53b60598353887ca1b5d69b7c9d60c3b6265eb982c97dd2a"
    },
    {
      "bytes": 1754,
      "path": "LeanProject/LeanProof/Snippets/0091-lemma-e993_exponent_eq_average.lean.fragment",
      "sha256": "50f5809fc788b1c09e393425f963d4b8b39d1897ea759798aa13684712a545f8"
    },
    {
      "bytes": 2709,
      "path": "LeanProject/LeanProof/Snippets/0092-lemma-e993_finite_block_coefficient_jensen.lean.fragment",
      "sha256": "fe9ea3ff59067f1d779c66b74cceb3e7827052f8278bcf4a4a55655ac66168f7"
    },
    {
      "bytes": 624,
      "path": "LeanProject/LeanProof/Snippets/0093-lemma-e993_tail_B_degree.lean.fragment",
      "sha256": "e8d4204ebdbde8879f2ae94fb6aa10a6f9f673bf8ac47baceb8fcaa7585fb62c"
    },
    {
      "bytes": 280,
      "path": "LeanProject/LeanProof/Snippets/0094-lemma-e993_tail_B_sum_monomial.lean.fragment",
      "sha256": "7a9abd87d90f144ff2256607e9de0b2618915e0264041a3f626935fa5f918078"
    },
    {
      "bytes": 425,
      "path": "LeanProject/LeanProof/Snippets/0095-lemma-e993_tail_block_pos.lean.fragment",
      "sha256": "6b8812dc902e12fd2760af44dcd96fa462faab3bc3c9e7c4184cc33c00b14c0e"
    },
    {
      "bytes": 826,
      "path": "LeanProject/LeanProof/Snippets/0096-lemma-e993_tail_block_sum.lean.fragment",
      "sha256": "38a2eb5ddbc8f57f4e7ef01b3f9552ed556ad94164716afead90776d6ea49440"
    },
    {
      "bytes": 1029,
      "path": "LeanProject/LeanProof/Snippets/0097-lemma-e993_tail_block_product.lean.fragment",
      "sha256": "3ba61458cad83c61c96d8fbb59f63df7d856790026dfc8c0d2ae95e2f7d77618"
    },
    {
      "bytes": 370,
      "path": "LeanProject/LeanProof/Snippets/0098-lemma-e993_tail_block_floor.lean.fragment",
      "sha256": "9610e9e8910ea77e373258bc092f5c99a3d5d78601f503d155bc08cccfeb3e78"
    },
    {
      "bytes": 806,
      "path": "LeanProject/LeanProof/Snippets/0099-lemma-e993_tail_jensen_raw.lean.fragment",
      "sha256": "875f7b0e5da723a82fdc54b0c289c26beec90cf0d1bd9e4474f9da11e9ccf86f"
    },
    {
      "bytes": 290,
      "path": "LeanProject/LeanProof/Snippets/0100-lemma-e993_tail_exp_base.lean.fragment",
      "sha256": "07b7cbb198ac2ad5d80ba9887ab97513c74c9f14dbb09afc14c5605ca5696867"
    },
    {
      "bytes": 893,
      "path": "LeanProject/LeanProof/Snippets/0101-lemma-e993_tail_exp_growth.lean.fragment",
      "sha256": "1f4cdb1284a7deb93e9634404aafa7148b7fd88abdaa552e9fd646c26927f437"
    },
    {
      "bytes": 253,
      "path": "LeanProject/LeanProof/Snippets/0102-lemma-e993_tail_guard_le_N.lean.fragment",
      "sha256": "92f29908e78c2065bfa658a5fadd2590a338742fba3cd96a387b190c5f9c15a9"
    },
    {
      "bytes": 567,
      "path": "LeanProject/LeanProof/Snippets/0103-lemma-e993_tail_choose_adjacent.lean.fragment",
      "sha256": "9a7c3ce014b3622656edf71270a35a2fba5303e799e52a38b0c85a9c15691453"
    },
    {
      "bytes": 295,
      "path": "LeanProject/LeanProof/Snippets/0104-lemma-e993_tail_C_coeff_pos.lean.fragment",
      "sha256": "19b64397c6a8232d13454ad7f6d69c555714c18ccbaf4a7125a314e57a4f0f3e"
    },
    {
      "bytes": 327,
      "path": "LeanProject/LeanProof/Snippets/0105-lemma-e993_tail_U_coeff_pos.lean.fragment",
      "sha256": "1fedb9ba5ee92c6dd0964033efc55086e7f0e0dc939e887640d3a4d4b4a46375"
    },
    {
      "bytes": 1520,
      "path": "LeanProject/LeanProof/Snippets/0106-lemma-e993_tail_minor_half.lean.fragment",
      "sha256": "d869c0a5164c5b0c7018a15d2b4953df0c29db54cf8aa9d91e1c7aaf05a44a96"
    },
    {
      "bytes": 1349,
      "path": "LeanProject/LeanProof/Snippets/0107-lemma-e993_tail_numeric_payment.lean.fragment",
      "sha256": "b0d42d85a5b68c8b0ad88874c1a272562714ae0dff9e0c33aa7d176e09d11ece"
    },
    {
      "bytes": 3275,
      "path": "LeanProject/LeanProof/Snippets/0108-lemma-e993_tail_payment_from_U.lean.fragment",
      "sha256": "13e15adfcfc19f88313a5671c8fecc563b5dceef44e282388058e577af9b7b02"
    },
    {
      "bytes": 261,
      "path": "LeanProject/LeanProof/Snippets/0109-lemma-e993_tail_B_coeff.lean.fragment",
      "sha256": "e1e57559af985865f446e515b2498f0df516f8ce6e3141309828103306c3ee44"
    },
    {
      "bytes": 1061,
      "path": "LeanProject/LeanProof/Snippets/0110-lemma-e993_tail_singleton_exponent.lean.fragment",
      "sha256": "69d4f9d4da231b2893ac63fe01a4a9fea5e226b5831cccefac13bcb1d1f5edad"
    },
    {
      "bytes": 973,
      "path": "LeanProject/LeanProof/Snippets/0111-lemma-e993_tail_exponent_sum.lean.fragment",
      "sha256": "e4bb7124020186f3b7f0baafb370b01bdb5dd50aa6b5d4584797dde8e97a8c24"
    },
    {
      "bytes": 186,
      "path": "LeanProject/LeanProof/Snippets/0112-lemma-e993_tail_choose_k_step.lean.fragment",
      "sha256": "66d6b9e25c8f2d76276073957009627ee9155261530e3b103889fe0f94e2fc09"
    },
    {
      "bytes": 363,
      "path": "LeanProject/LeanProof/Snippets/0113-lemma-e993_tail_choose_n_step.lean.fragment",
      "sha256": "58b09a349f2ba1647b3aa526f4355be15cf6af0d2b33451a90445e5267055522"
    },
    {
      "bytes": 1461,
      "path": "LeanProject/LeanProof/Snippets/0114-lemma-e993_tail_choose_four.lean.fragment",
      "sha256": "7706da57f5dde814310580d51264f15b0610bc3ddd4fdadd454ddfb96b28efb6"
    },
    {
      "bytes": 1737,
      "path": "LeanProject/LeanProof/Snippets/0115-lemma-e993_tail_G4_formula.lean.fragment",
      "sha256": "25c5e9f17dcbe29342b9485b7fbcf8225735177079c71ee094bfecdcc86ba26f"
    },
    {
      "bytes": 1845,
      "path": "LeanProject/LeanProof/Snippets/0116-lemma-e993_tail_G4_step.lean.fragment",
      "sha256": "b9ec1322ad500fa475bd1b43f5a434d5f1e49db0d837cd57c0ad0e8524761377"
    },
    {
      "bytes": 681,
      "path": "LeanProject/LeanProof/Snippets/0117-lemma-e993_tail_G4_ge_of_poly.lean.fragment",
      "sha256": "0de83cafc69287ea93d446c1b3704d8aeef5e03c6a659092ffab5a9929b5e2ca"
    },
    {
      "bytes": 819,
      "path": "LeanProject/LeanProof/Snippets/0118-lemma-e993_tail_G4_even_endpoint.lean.fragment",
      "sha256": "46dc3ef0545dacdba754349f9b98044b2fa0e7aa146ab81d9607bbbb68559f2f"
    },
    {
      "bytes": 749,
      "path": "LeanProject/LeanProof/Snippets/0119-lemma-e993_tail_G4_odd_endpoint.lean.fragment",
      "sha256": "2513cbb05dd2e2bfc8362004bb9dd5d02bb1357d7f940b6a70da920f80ec7f08"
    },
    {
      "bytes": 1246,
      "path": "LeanProject/LeanProof/Snippets/0120-lemma-e993_tail_G4_band.lean.fragment",
      "sha256": "2139715eaac4dbdea71843cd10dde642edd98c4a667134acc2510fee16e681c6"
    },
    {
      "bytes": 2085,
      "path": "LeanProject/LeanProof/Snippets/0121-lemma-e993_tail_G3_ge_G4.lean.fragment",
      "sha256": "e78c6dd588a008121e7b56f4f4fc0ec18569e8b09bb41eb081d2565a7558aebc"
    },
    {
      "bytes": 2016,
      "path": "LeanProject/LeanProof/Snippets/0122-lemma-e993_tail_G2_ge_G3.lean.fragment",
      "sha256": "8e58c0726130a74dc02d7415a69da20742155edc30426b944ab20b64e3ca77cd"
    },
    {
      "bytes": 524,
      "path": "LeanProject/LeanProof/Snippets/0123-lemma-e993_tail_G_all.lean.fragment",
      "sha256": "841c043420bff9e1195736ce5fa30e79c1e21e8bd5e0dc8b5a52f986a4f5a51d"
    },
    {
      "bytes": 101,
      "path": "LeanProject/LeanProof/Snippets/0124-lemma-e993_tail_G_nonneg.lean.fragment",
      "sha256": "92bb5f4d269033d479d2b06289fe8a00f54464ec87dcead33c933501d71a88a2"
    },
    {
      "bytes": 1698,
      "path": "LeanProject/LeanProof/Snippets/0125-lemma-e993_tail_exponent_lower.lean.fragment",
      "sha256": "fd1f43c380c9d9aabb70460cb6963aec8476a741f2e75ff94bf799460219d3c1"
    },
    {
      "bytes": 1051,
      "path": "LeanProject/LeanProof/Snippets/0126-lemma-e993_tail_U_high_lower.lean.fragment",
      "sha256": "437edc3f618333f158cdafdc4e0b13cbad61d70040b5c5acebcff801adf03dfe"
    },
    {
      "bytes": 715,
      "path": "LeanProject/LeanProof/Snippets/0127-lemma-e993_tail_center_expansion.lean.fragment",
      "sha256": "634ba0dca934e49402847bf1a832a97573edf5b3764f758689935c9d65b3a0ba"
    },
    {
      "bytes": 410,
      "path": "LeanProject/LeanProof/Snippets/0128-lemma-e993_tail_center_coeff.lean.fragment",
      "sha256": "fefa5d98bf418a608b7ecab7f49887111945a0c4702052d4df6cf85946234415"
    },
    {
      "bytes": 237,
      "path": "LeanProject/lakefile.toml",
      "sha256": "45d0ca58145784d5f29322ff21a1335e350c38e72afe8d5396d9c9910b94ff49"
    },
    {
      "bytes": 25,
      "path": "LeanProject/lean-toolchain",
      "sha256": "2bdc48adfa58d0017e538a0ad117c5d73d35deec879978f909406a80c8037273"
    }
  ],
  "limitations": [
    "This receipt records prepared source and pins, not Lean kernel verification.",
    "The formalization may be false, incomplete, or fail to compile until independently verified.",
    "A git_manifest_only Mathlib dependency is pinned but is not fetched by this skill."
  ],
  "mathlib": {
    "identity_sha256": "74b8cf1d7d3bc21648cd94e0fbf596420d3efcd43131a21378beacbdeb7078e3",
    "mode": "git_manifest_only",
    "revision": "905b95818eb32af7874a58b427f50c1711a5e96c",
    "source": null,
    "url": "https://github.com/leanprover-community/mathlib4"
  },
  "network": {
    "allowed": false,
    "used": false
  },
  "operation": "entry_registered",
  "project_root": "/Users/ashtonsperry/VerityOS/experiments/erdos-993-absolute-compensation-dre-2026-09-27/runs/lean-2026-09-28-c6-surplus-tail/LeanProject",
  "project_sha256": "dd0fc6514a097ad2e185605f153cf025fd5e491d2ee4d1a4caf137043e415059",
  "receipt_id": "lean-formalization:dd0fc6514a097ad2e185605f153cf025fd5e491d2ee4d1a4caf137043e415059",
  "receipt_sha256": "86092f12f2b8e3d7c416f1e4eaa4014a1f8f0bc2979e13dbc6243eea013cb1c1",
  "run_id": "lean-2026-09-28-c6-surplus-tail",
  "run_root": "/Users/ashtonsperry/VerityOS/experiments/erdos-993-absolute-compensation-dre-2026-09-27/runs/lean-2026-09-28-c6-surplus-tail",
  "schema_version": "verityos.lean-formalization-receipt.v1",
  "state_revision": 128,
  "state_sha256": "aa41f1d19a4e5757d0c684b061c5379ae623773aa3be09717e3a4e030bcfcaaf",
  "status": "prepared_not_verified",
  "toolchain": {
    "bin_dir": "/Users/ashtonsperry/.elan/toolchains/leanprover--lean4---v4.32.2/bin",
    "lake_path": "/Users/ashtonsperry/.elan/toolchains/leanprover--lean4---v4.32.2/bin/lake",
    "lake_sha256": "58261a1a2fa1a362376c71e02ca854a093e71cc5e6ea64b287a931cb2565273d",
    "lake_version": "Lake version 5.0.0-src+f3b06c7 (Lean version 4.32.2)",
    "lean_path": "/Users/ashtonsperry/.elan/toolchains/leanprover--lean4---v4.32.2/bin/lean",
    "lean_sha256": "1b370cfcbf44e80d1b004ab1b1ab9a4c73951f9f7c242140bcff9bc577576554",
    "lean_version": "Lean (version 4.32.2, arm64-apple-darwin24.6.0, commit f3b06c705e6c85f5314019d5d3baab0fec5b580c, Release)",
    "pin": "leanprover/lean4:v4.32.2"
  },
  "verdict": "FORMALIZATION_PREPARED_NOT_KERNEL_VERIFIED"
}
