{
  "entries": [
    {
      "index": 1,
      "kind": "definition",
      "name": "C4LA1.IsGraphLeaf",
      "path": "LeanProject/LeanProof/Snippets/0001-definition-C4LA1-IsGraphLeaf.lean.fragment",
      "source_bytes": 177,
      "source_sha256": "65acd314d3bfd74aca476e00dd8866434c67682b627bce5e105d372a556f7ae5"
    },
    {
      "index": 2,
      "kind": "definition",
      "name": "C5LA1.support",
      "path": "LeanProject/LeanProof/Snippets/0002-definition-C5LA1-support.lean.fragment",
      "source_bytes": 583,
      "source_sha256": "8e1e1a689393f555eb5c216207b1368c7415a8543c569884b2fc86954b7bc2b4"
    },
    {
      "index": 3,
      "kind": "definition",
      "name": "C5LA1.H",
      "path": "LeanProject/LeanProof/Snippets/0003-definition-C5LA1-H.lean.fragment",
      "source_bytes": 257,
      "source_sha256": "55f37d9161901d6006e571cf548c4e56675c9d786a1aba83e7889ad9d443224d"
    },
    {
      "index": 4,
      "kind": "definition",
      "name": "C5LA1.R",
      "path": "LeanProject/LeanProof/Snippets/0004-definition-C5LA1-R.lean.fragment",
      "source_bytes": 313,
      "source_sha256": "a0407d82ab112a65a0f9d85970e9d6217b66201680cc079a4ba13751e53dc6b8"
    },
    {
      "index": 5,
      "kind": "definition",
      "name": "C5LA1.indepSetsAvoiding",
      "path": "LeanProject/LeanProof/Snippets/0005-definition-C5LA1-indepSetsAvoiding.lean.fragment",
      "source_bytes": 417,
      "source_sha256": "ac0e331eec99650eca7a18e9fe98829bb5495850685b8f31936169f0a6d8e368"
    },
    {
      "index": 6,
      "kind": "definition",
      "name": "C5LA1.indepSetCount",
      "path": "LeanProject/LeanProof/Snippets/0006-definition-C5LA1-indepSetCount.lean.fragment",
      "source_bytes": 253,
      "source_sha256": "e22635d8697e49b38dd521080f34c3eefe56a93964120c70f53ad9899b4a7f71"
    },
    {
      "index": 7,
      "kind": "definition",
      "name": "C5LA1.forwardDifferenceDel",
      "path": "LeanProject/LeanProof/Snippets/0007-definition-C5LA1-forwardDifferenceDel.lean.fragment",
      "source_bytes": 315,
      "source_sha256": "60bd8efcc88e8e511a7caacac5867f7845243ccab08f1660e8c3962af544dd8f"
    },
    {
      "index": 8,
      "kind": "definition",
      "name": "E993Interior.taggedFamily",
      "path": "LeanProject/LeanProof/Snippets/0008-definition-E993Interior-taggedFamily.lean.fragment",
      "source_bytes": 333,
      "source_sha256": "cb43feebd48bdf3a82d95db4c0475a34a83acdd8c55f13ac44433ea26141fa1e"
    },
    {
      "index": 9,
      "kind": "definition",
      "name": "E993OrderBand.IsolateCoveredOn",
      "path": "LeanProject/LeanProof/Snippets/0009-definition-E993OrderBand-IsolateCoveredOn.lean.fragment",
      "source_bytes": 224,
      "source_sha256": "5fea0a312d2a823a22457fa6ee7c4678dc213dc9769b28c8666a7e6076d40f86"
    },
    {
      "index": 10,
      "kind": "definition",
      "name": "E993OrderBand.IsolateCovered",
      "path": "LeanProject/LeanProof/Snippets/0010-definition-E993OrderBand-IsolateCovered.lean.fragment",
      "source_bytes": 187,
      "source_sha256": "9cd121085ef80e3bda770a14ae7cf7541fae5a60a393ad9c6ff6fdb5f597eb3e"
    },
    {
      "index": 11,
      "kind": "definition",
      "name": "E993OrderBand.markedCount",
      "path": "LeanProject/LeanProof/Snippets/0011-definition-E993OrderBand-markedCount.lean.fragment",
      "source_bytes": 266,
      "source_sha256": "4796919f2d4d213861fb5945cc5714f975b5e35fc159dd2f79bac52317f5a96a"
    },
    {
      "index": 12,
      "kind": "definition",
      "name": "E993OrderBand.badFamily",
      "path": "LeanProject/LeanProof/Snippets/0012-definition-E993OrderBand-badFamily.lean.fragment",
      "source_bytes": 324,
      "source_sha256": "a5acd13e654713815689fc841b29df5c0d86080f4e187680fe8cb942e52ea501"
    },
    {
      "index": 13,
      "kind": "definition",
      "name": "E993OrderBand.multiFamily",
      "path": "LeanProject/LeanProof/Snippets/0013-definition-E993OrderBand-multiFamily.lean.fragment",
      "source_bytes": 314,
      "source_sha256": "88a19664e1476ee366c6208b772713fb3edf9887bed94e488b2eac972157f983"
    },
    {
      "index": 14,
      "kind": "definition",
      "name": "E993OrderBand.extensionSet",
      "path": "LeanProject/LeanProof/Snippets/0014-definition-E993OrderBand-extensionSet.lean.fragment",
      "source_bytes": 290,
      "source_sha256": "0ac43a1cff9e6eb8701df19a7df816ce9ef83a1cdcfea0891f5103151effb6eb"
    },
    {
      "index": 15,
      "kind": "definition",
      "name": "E993OrderBand.goodFamily",
      "path": "LeanProject/LeanProof/Snippets/0015-definition-E993OrderBand-goodFamily.lean.fragment",
      "source_bytes": 322,
      "source_sha256": "d021fafb8ef81ef622b83b32409613d0dd6dc501674422dc62edb0708f81a62e"
    },
    {
      "index": 16,
      "kind": "lemma",
      "name": "E993OrderBand.bad_into_multi",
      "path": "LeanProject/LeanProof/Snippets/0016-lemma-E993OrderBand-bad_into_multi.lean.fragment",
      "source_bytes": 2714,
      "source_sha256": "1722e7c799d95719d57c8fb09320c3bb33a97ef4825a03636a051658ecc1464a"
    },
    {
      "index": 17,
      "kind": "lemma",
      "name": "E993OrderBand.multi_deletion_marked",
      "path": "LeanProject/LeanProof/Snippets/0017-lemma-E993OrderBand-multi_deletion_marked.lean.fragment",
      "source_bytes": 1445,
      "source_sha256": "bbdedcdcc8715fc72b3eac7f6e64109398db34fc5ef78f27a8fd37a569089a01"
    },
    {
      "index": 18,
      "kind": "lemma",
      "name": "E993OrderBand.multi_lower_degree",
      "path": "LeanProject/LeanProof/Snippets/0018-lemma-E993OrderBand-multi_lower_degree.lean.fragment",
      "source_bytes": 1051,
      "source_sha256": "f76deeb36c2fbe0ebcc55b70cab9ab1b738ac5b8faaf15fa85d76885ca3c7fe7"
    },
    {
      "index": 19,
      "kind": "lemma",
      "name": "E993OrderBand.lower_degree",
      "path": "LeanProject/LeanProof/Snippets/0019-lemma-E993OrderBand-lower_degree.lean.fragment",
      "source_bytes": 1805,
      "source_sha256": "09a61a2d71c81906e2e1ae9413431a5359cadf3f7b50dc07aaad58a4a091f5c3"
    }
  ],
  "files": [
    {
      "bytes": 749,
      "path": "DEPENDENCIES.yaml",
      "sha256": "f2d29a42fe90c3a2507f3036ce6bb2e6cdf88f979f4c3d6c0becadc179944f32"
    },
    {
      "bytes": 7318,
      "path": "FORMALIZATION-STATE.json",
      "sha256": "45cd2b79e4bb0a050e36aec66948ff44a5cfbc3bf88f24bb1aaa21fe1c7b4b19"
    },
    {
      "bytes": 22,
      "path": "LeanProject/LeanProof.lean",
      "sha256": "f4dfdef8320a735eab53d24f4b47d3b60bcb474ffd2c84c77f24ae2fc75fcf31"
    },
    {
      "bytes": 14627,
      "path": "LeanProject/LeanProof/Main.lean",
      "sha256": "e222a21ef40cfbca7f8aa578e887e5ec17cebb89c238cbc178f9c5c002b19c63"
    },
    {
      "bytes": 177,
      "path": "LeanProject/LeanProof/Snippets/0001-definition-C4LA1-IsGraphLeaf.lean.fragment",
      "sha256": "65acd314d3bfd74aca476e00dd8866434c67682b627bce5e105d372a556f7ae5"
    },
    {
      "bytes": 583,
      "path": "LeanProject/LeanProof/Snippets/0002-definition-C5LA1-support.lean.fragment",
      "sha256": "8e1e1a689393f555eb5c216207b1368c7415a8543c569884b2fc86954b7bc2b4"
    },
    {
      "bytes": 257,
      "path": "LeanProject/LeanProof/Snippets/0003-definition-C5LA1-H.lean.fragment",
      "sha256": "55f37d9161901d6006e571cf548c4e56675c9d786a1aba83e7889ad9d443224d"
    },
    {
      "bytes": 313,
      "path": "LeanProject/LeanProof/Snippets/0004-definition-C5LA1-R.lean.fragment",
      "sha256": "a0407d82ab112a65a0f9d85970e9d6217b66201680cc079a4ba13751e53dc6b8"
    },
    {
      "bytes": 417,
      "path": "LeanProject/LeanProof/Snippets/0005-definition-C5LA1-indepSetsAvoiding.lean.fragment",
      "sha256": "ac0e331eec99650eca7a18e9fe98829bb5495850685b8f31936169f0a6d8e368"
    },
    {
      "bytes": 253,
      "path": "LeanProject/LeanProof/Snippets/0006-definition-C5LA1-indepSetCount.lean.fragment",
      "sha256": "e22635d8697e49b38dd521080f34c3eefe56a93964120c70f53ad9899b4a7f71"
    },
    {
      "bytes": 315,
      "path": "LeanProject/LeanProof/Snippets/0007-definition-C5LA1-forwardDifferenceDel.lean.fragment",
      "sha256": "60bd8efcc88e8e511a7caacac5867f7845243ccab08f1660e8c3962af544dd8f"
    },
    {
      "bytes": 333,
      "path": "LeanProject/LeanProof/Snippets/0008-definition-E993Interior-taggedFamily.lean.fragment",
      "sha256": "cb43feebd48bdf3a82d95db4c0475a34a83acdd8c55f13ac44433ea26141fa1e"
    },
    {
      "bytes": 224,
      "path": "LeanProject/LeanProof/Snippets/0009-definition-E993OrderBand-IsolateCoveredOn.lean.fragment",
      "sha256": "5fea0a312d2a823a22457fa6ee7c4678dc213dc9769b28c8666a7e6076d40f86"
    },
    {
      "bytes": 187,
      "path": "LeanProject/LeanProof/Snippets/0010-definition-E993OrderBand-IsolateCovered.lean.fragment",
      "sha256": "9cd121085ef80e3bda770a14ae7cf7541fae5a60a393ad9c6ff6fdb5f597eb3e"
    },
    {
      "bytes": 266,
      "path": "LeanProject/LeanProof/Snippets/0011-definition-E993OrderBand-markedCount.lean.fragment",
      "sha256": "4796919f2d4d213861fb5945cc5714f975b5e35fc159dd2f79bac52317f5a96a"
    },
    {
      "bytes": 324,
      "path": "LeanProject/LeanProof/Snippets/0012-definition-E993OrderBand-badFamily.lean.fragment",
      "sha256": "a5acd13e654713815689fc841b29df5c0d86080f4e187680fe8cb942e52ea501"
    },
    {
      "bytes": 314,
      "path": "LeanProject/LeanProof/Snippets/0013-definition-E993OrderBand-multiFamily.lean.fragment",
      "sha256": "88a19664e1476ee366c6208b772713fb3edf9887bed94e488b2eac972157f983"
    },
    {
      "bytes": 290,
      "path": "LeanProject/LeanProof/Snippets/0014-definition-E993OrderBand-extensionSet.lean.fragment",
      "sha256": "0ac43a1cff9e6eb8701df19a7df816ce9ef83a1cdcfea0891f5103151effb6eb"
    },
    {
      "bytes": 322,
      "path": "LeanProject/LeanProof/Snippets/0015-definition-E993OrderBand-goodFamily.lean.fragment",
      "sha256": "d021fafb8ef81ef622b83b32409613d0dd6dc501674422dc62edb0708f81a62e"
    },
    {
      "bytes": 2714,
      "path": "LeanProject/LeanProof/Snippets/0016-lemma-E993OrderBand-bad_into_multi.lean.fragment",
      "sha256": "1722e7c799d95719d57c8fb09320c3bb33a97ef4825a03636a051658ecc1464a"
    },
    {
      "bytes": 1445,
      "path": "LeanProject/LeanProof/Snippets/0017-lemma-E993OrderBand-multi_deletion_marked.lean.fragment",
      "sha256": "bbdedcdcc8715fc72b3eac7f6e64109398db34fc5ef78f27a8fd37a569089a01"
    },
    {
      "bytes": 1051,
      "path": "LeanProject/LeanProof/Snippets/0018-lemma-E993OrderBand-multi_lower_degree.lean.fragment",
      "sha256": "f76deeb36c2fbe0ebcc55b70cab9ab1b738ac5b8faaf15fa85d76885ca3c7fe7"
    },
    {
      "bytes": 1805,
      "path": "LeanProject/LeanProof/Snippets/0019-lemma-E993OrderBand-lower_degree.lean.fragment",
      "sha256": "09a61a2d71c81906e2e1ae9413431a5359cadf3f7b50dc07aaad58a4a091f5c3"
    },
    {
      "bytes": 237,
      "path": "LeanProject/lakefile.toml",
      "sha256": "45d0ca58145784d5f29322ff21a1335e350c38e72afe8d5396d9c9910b94ff49"
    },
    {
      "bytes": 25,
      "path": "LeanProject/lean-toolchain",
      "sha256": "2bdc48adfa58d0017e538a0ad117c5d73d35deec879978f909406a80c8037273"
    }
  ],
  "limitations": [
    "This receipt records prepared source and pins, not Lean kernel verification.",
    "The formalization may be false, incomplete, or fail to compile until independently verified.",
    "A git_manifest_only Mathlib dependency is pinned but is not fetched by this skill."
  ],
  "mathlib": {
    "identity_sha256": "74b8cf1d7d3bc21648cd94e0fbf596420d3efcd43131a21378beacbdeb7078e3",
    "mode": "git_manifest_only",
    "revision": "905b95818eb32af7874a58b427f50c1711a5e96c",
    "source": null,
    "url": "https://github.com/leanprover-community/mathlib4"
  },
  "network": {
    "allowed": false,
    "used": false
  },
  "operation": "entry_registered",
  "project_root": "/Users/ashtonsperry/VerityOS/experiments/erdos-993-lower-region-compensation-dre-2026-09-25/runs/lean-2026-09-25-c2-order-bands-repair-1/LeanProject",
  "project_sha256": "7565c98533c4222c9062a53cffccee380df9dc27e8dd195c3f50f03f7a1bb292",
  "receipt_id": "lean-formalization:7565c98533c4222c9062a53cffccee380df9dc27e8dd195c3f50f03f7a1bb292",
  "receipt_sha256": "002cf824a89fbf710ac4fdbd5da36e3127faad47deea926aebb7242871e3a4ae",
  "run_id": "lean-2026-09-25-c2-order-bands-repair-1",
  "run_root": "/Users/ashtonsperry/VerityOS/experiments/erdos-993-lower-region-compensation-dre-2026-09-25/runs/lean-2026-09-25-c2-order-bands-repair-1",
  "schema_version": "verityos.lean-formalization-receipt.v1",
  "state_revision": 19,
  "state_sha256": "45cd2b79e4bb0a050e36aec66948ff44a5cfbc3bf88f24bb1aaa21fe1c7b4b19",
  "status": "prepared_not_verified",
  "toolchain": {
    "bin_dir": "/Users/ashtonsperry/.elan/toolchains/leanprover--lean4---v4.32.2/bin",
    "lake_path": "/Users/ashtonsperry/.elan/toolchains/leanprover--lean4---v4.32.2/bin/lake",
    "lake_sha256": "58261a1a2fa1a362376c71e02ca854a093e71cc5e6ea64b287a931cb2565273d",
    "lake_version": "Lake version 5.0.0-src+f3b06c7 (Lean version 4.32.2)",
    "lean_path": "/Users/ashtonsperry/.elan/toolchains/leanprover--lean4---v4.32.2/bin/lean",
    "lean_sha256": "1b370cfcbf44e80d1b004ab1b1ab9a4c73951f9f7c242140bcff9bc577576554",
    "lean_version": "Lean (version 4.32.2, arm64-apple-darwin24.6.0, commit f3b06c705e6c85f5314019d5d3baab0fec5b580c, Release)",
    "pin": "leanprover/lean4:v4.32.2"
  },
  "verdict": "FORMALIZATION_PREPARED_NOT_KERNEL_VERIFIED"
}
