{
  "entries": [
    {
      "index": 1,
      "kind": "definition",
      "name": "C4LA1.IsGraphLeaf",
      "path": "LeanProject/LeanProof/Snippets/0001-definition-C4LA1-IsGraphLeaf.lean.fragment",
      "source_bytes": 177,
      "source_sha256": "65acd314d3bfd74aca476e00dd8866434c67682b627bce5e105d372a556f7ae5"
    },
    {
      "index": 2,
      "kind": "definition",
      "name": "C5LA1.support",
      "path": "LeanProject/LeanProof/Snippets/0002-definition-C5LA1-support.lean.fragment",
      "source_bytes": 583,
      "source_sha256": "8e1e1a689393f555eb5c216207b1368c7415a8543c569884b2fc86954b7bc2b4"
    }
  ],
  "files": [
    {
      "bytes": 749,
      "path": "DEPENDENCIES.yaml",
      "sha256": "f2d29a42fe90c3a2507f3036ce6bb2e6cdf88f979f4c3d6c0becadc179944f32"
    },
    {
      "bytes": 1884,
      "path": "FORMALIZATION-STATE.json",
      "sha256": "b7c2b78972c7cc5b2246f6484a9dd8b07b39d9fd621d9bf4b9eff42fb0db70e2"
    },
    {
      "bytes": 22,
      "path": "LeanProject/LeanProof.lean",
      "sha256": "f4dfdef8320a735eab53d24f4b47d3b60bcb474ffd2c84c77f24ae2fc75fcf31"
    },
    {
      "bytes": 1212,
      "path": "LeanProject/LeanProof/Main.lean",
      "sha256": "ec86eeab4f7569681afb5469b792c0506ded71be31df57e84a467e9ae3c785ea"
    },
    {
      "bytes": 177,
      "path": "LeanProject/LeanProof/Snippets/0001-definition-C4LA1-IsGraphLeaf.lean.fragment",
      "sha256": "65acd314d3bfd74aca476e00dd8866434c67682b627bce5e105d372a556f7ae5"
    },
    {
      "bytes": 583,
      "path": "LeanProject/LeanProof/Snippets/0002-definition-C5LA1-support.lean.fragment",
      "sha256": "8e1e1a689393f555eb5c216207b1368c7415a8543c569884b2fc86954b7bc2b4"
    },
    {
      "bytes": 237,
      "path": "LeanProject/lakefile.toml",
      "sha256": "45d0ca58145784d5f29322ff21a1335e350c38e72afe8d5396d9c9910b94ff49"
    },
    {
      "bytes": 25,
      "path": "LeanProject/lean-toolchain",
      "sha256": "2bdc48adfa58d0017e538a0ad117c5d73d35deec879978f909406a80c8037273"
    }
  ],
  "limitations": [
    "This receipt records prepared source and pins, not Lean kernel verification.",
    "The formalization may be false, incomplete, or fail to compile until independently verified.",
    "A git_manifest_only Mathlib dependency is pinned but is not fetched by this skill."
  ],
  "mathlib": {
    "identity_sha256": "74b8cf1d7d3bc21648cd94e0fbf596420d3efcd43131a21378beacbdeb7078e3",
    "mode": "git_manifest_only",
    "revision": "905b95818eb32af7874a58b427f50c1711a5e96c",
    "source": null,
    "url": "https://github.com/leanprover-community/mathlib4"
  },
  "network": {
    "allowed": false,
    "used": false
  },
  "operation": "entry_registered",
  "project_root": "/Users/ashtonsperry/VerityOS/experiments/erdos-993-lower-region-compensation-dre-2026-09-25/runs/lean-2026-09-25-c2-order-bands-repair-1/LeanProject",
  "project_sha256": "6ccebabb7177078f76b9cde5d1625a3968ccbdc370803f7724d5c086c1ea7408",
  "receipt_id": "lean-formalization:6ccebabb7177078f76b9cde5d1625a3968ccbdc370803f7724d5c086c1ea7408",
  "receipt_sha256": "b1130c0abac1e6b5dec1b82152497d830b8d96cafc930a2952817609ae20ba1b",
  "run_id": "lean-2026-09-25-c2-order-bands-repair-1",
  "run_root": "/Users/ashtonsperry/VerityOS/experiments/erdos-993-lower-region-compensation-dre-2026-09-25/runs/lean-2026-09-25-c2-order-bands-repair-1",
  "schema_version": "verityos.lean-formalization-receipt.v1",
  "state_revision": 2,
  "state_sha256": "b7c2b78972c7cc5b2246f6484a9dd8b07b39d9fd621d9bf4b9eff42fb0db70e2",
  "status": "prepared_not_verified",
  "toolchain": {
    "bin_dir": "/Users/ashtonsperry/.elan/toolchains/leanprover--lean4---v4.32.2/bin",
    "lake_path": "/Users/ashtonsperry/.elan/toolchains/leanprover--lean4---v4.32.2/bin/lake",
    "lake_sha256": "58261a1a2fa1a362376c71e02ca854a093e71cc5e6ea64b287a931cb2565273d",
    "lake_version": "Lake version 5.0.0-src+f3b06c7 (Lean version 4.32.2)",
    "lean_path": "/Users/ashtonsperry/.elan/toolchains/leanprover--lean4---v4.32.2/bin/lean",
    "lean_sha256": "1b370cfcbf44e80d1b004ab1b1ab9a4c73951f9f7c242140bcff9bc577576554",
    "lean_version": "Lean (version 4.32.2, arm64-apple-darwin24.6.0, commit f3b06c705e6c85f5314019d5d3baab0fec5b580c, Release)",
    "pin": "leanprover/lean4:v4.32.2"
  },
  "verdict": "FORMALIZATION_PREPARED_NOT_KERNEL_VERIFIED"
}
