$ /Users/ashtonsperry/.elan/toolchains/leanprover--lean4---v4.32.2/bin/lean --version
cwd: /Users/ashtonsperry/VerityOS/experiments/erdos-993-first-interior-aggregate-dre-2026-09-24/runs/lean-2026-09-24-c2-primary-v2/LeanProject
returncode: 0
stdout:
Lean (version 4.32.2, arm64-apple-darwin24.6.0, commit f3b06c705e6c85f5314019d5d3baab0fec5b580c, Release)
stderr:

$ /Users/ashtonsperry/.elan/toolchains/leanprover--lean4---v4.32.2/bin/lake --version
cwd: /Users/ashtonsperry/VerityOS/experiments/erdos-993-first-interior-aggregate-dre-2026-09-24/runs/lean-2026-09-24-c2-primary-v2/LeanProject
returncode: 0
stdout:
Lake version 5.0.0-src+f3b06c7 (Lean version 4.32.2)
stderr:

$ /Users/ashtonsperry/.elan/toolchains/leanprover--lean4---v4.32.2/bin/lake build
cwd: /Users/ashtonsperry/VerityOS/experiments/erdos-993-first-interior-aggregate-dre-2026-09-24/runs/lean-2026-09-24-c2-primary-v2/LeanProject
returncode: 0
stdout:
⚠ [8655/8657] Built LeanProof.Main (10s)
warning: LeanProof/Main.lean:340:96: Used `tac1 <;> tac2` where `(tac1; tac2)` would suffice

Note: This linter can be disabled with `set_option linter.unnecessarySeqFocus false`
warning: LeanProof/Main.lean:474:24: This simp argument is unused:
  and_left_comm

Hint: Omit it from the simp argument list.
  simp [E, and_assoc, a̵n̵d̵_̵l̵e̵f̵t̵_̵c̵o̵m̵m̵,̵ ̵and_comm]

Note: This linter can be disabled with `set_option linter.unusedSimpArgs false`
warning: LeanProof/Main.lean:545:21: This simp argument is unused:
  hab.symm

Hint: Omit it from the simp argument list.
  simp [Finset.powersetCard_eq_filter, Finset.powerset_insert,
  ̵  ̵ ̵ ̵ ̵ ̵hsingle, Finset.filter_insert,
  ̲  ̲ ̲ ̲ ̲ ̲Finset.filter_singleton, Finset.insert_comm,
  ̵  ̵ ̵ ̵ ̵ ̵hab, hac, hbc, hab̵.̵s̵y̵m̵m̵,̵ ̵h̵a̵c.symm, hbc.symm]

Note: This linter can be disabled with `set_option linter.unusedSimpArgs false`
warning: LeanProof/Main.lean:545:31: This simp argument is unused:
  hac.symm

Hint: Omit it from the simp argument list.
  simp [Finset.powersetCard_eq_filter, Finset.powerset_insert,
  ̵  ̵ ̵ ̵ ̵ ̵hsingle, Finset.filter_insert,
  ̲  ̲ ̲ ̲ ̲ ̲Finset.filter_singleton, Finset.insert_comm,
  ̵  ̵ ̵ ̵ ̵ ̵hab, hac, hbc, hab.symm, ha̵c̵.̵s̵y̵m̵m̵,̵ ̵h̵bc.symm]

Note: This linter can be disabled with `set_option linter.unusedSimpArgs false`
warning: LeanProof/Main.lean:545:41: This simp argument is unused:
  hbc.symm

Hint: Omit it from the simp argument list.
  simp [Finset.powersetCard_eq_filter, Finset.powerset_insert,
  ̵  ̵ ̵ ̵ ̵ ̵hsingle, Finset.filter_insert,
  ̲  ̲ ̲ ̲ ̲ ̲Finset.filter_singleton, Finset.insert_comm,
  ̵  ̵ ̵ ̵ ̵ ̵hab, hac, hbc, hab.symm, ha̵a̲c.symm,̵ ̵h̵b̵c̵.̵s̵y̵m̵m̵]

Note: This linter can be disabled with `set_option linter.unusedSimpArgs false`
warning: LeanProof/Main.lean:550:51: This simp argument is unused:
  hpabac

Hint: Omit it from the simp argument list.
  simp_all [SimpleGraph.isIndepSet_iff, Set.Pairwise, F.adj_comm,
  ̵  ̵ ̵ ̵Finset.filter_insert,
  ̲  ̲ ̲ ̲Finset.filter_singleton, hpaba̵c̵,̵ ̵h̵p̵a̵bb̵c, hpacbc,
  ̵  ̵ ̵ ̵hab, hac, hbc, hab.symm, hac.symm, hbc.symm]

Note: This linter can be disabled with `set_option linter.unusedSimpArgs false`
warning: LeanProof/Main.lean:550:59: This simp argument is unused:
  hpabbc

Hint: Omit it from the simp argument list.
  simp_all [SimpleGraph.isIndepSet_iff, Set.Pairwise, F.adj_comm,
  ̵  ̵ ̵ ̵Finset.filter_insert,
  ̲  ̲ ̲ ̲Finset.filter_singleton, hpabac, hpab̵b̵c,̵ ̵h̵p̵a̵c̵bc,
  ̵  ̵ ̵ ̵hab, hac, hbc, hab.symm, hac.symm, hbc.symm]

Note: This linter can be disabled with `set_option linter.unusedSimpArgs false`
warning: LeanProof/Main.lean:550:67: This simp argument is unused:
  hpacbc

Hint: Omit it from the simp argument list.
  simp_all [SimpleGraph.isIndepSet_iff, Set.Pairwise, F.adj_comm,
  ̵  ̵ ̵ ̵Finset.filter_insert,
  ̲  ̲ ̲ ̲Finset.filter_singleton, hpabac, hpabbc, hp̵ac̵bc̵,
  ̵  ̵ ̵ ̵hab̵,̵ ̵h̵a̵c, hbc, hab.symm, hac.symm, hbc.symm]

Note: This linter can be disabled with `set_option linter.unusedSimpArgs false`
warning: LeanProof/Main.lean:551:4: This simp argument is unused:
  hab

Hint: Omit it from the simp argument list.
  simp_all [SimpleGraph.isIndepSet_iff, Set.Pairwise, F.adj_comm,
  ̵  ̵ ̵ ̵Finset.filter_insert,
  ̲  ̲ ̲ ̲Finset.filter_singleton, hpabac, hpabbc, hpacbc,
  ̵  ̵ ̵ ̵hab̵,̵ ̵h̵a̵c, hbc, hab.symm, hac.symm, hbc.symm]

Note: This linter can be disabled with `set_option linter.unusedSimpArgs false`
warning: LeanProof/Main.lean:551:9: This simp argument is unused:
  hac

Hint: Omit it from the simp argument list.
  simp_all [SimpleGraph.isIndepSet_iff, Set.Pairwise, F.adj_comm,
  ̵  ̵ ̵ ̵Finset.filter_insert,
  ̲  ̲ ̲ ̲Finset.filter_singleton, hpabac, hpabbc, hpacbc,
  ̵  ̵ ̵ ̵hab, ha̵c̵,̵ ̵h̵bc, hab.symm, hac.symm, hbc.symm]

Note: This linter can be disabled with `set_option linter.unusedSimpArgs false`
warning: LeanProof/Main.lean:551:14: This simp argument is unused:
  hbc

Hint: Omit it from the simp argument list.
  simp_all [SimpleGraph.isIndepSet_iff, Set.Pairwise, F.adj_comm,
  ̵  ̵ ̵ ̵Finset.filter_insert,
  ̲  ̲ ̲ ̲Finset.filter_singleton, hpabac, hpabbc, hpacbc,
  ̵  ̵ ̵ ̵hab, hac, hb̵c̵,̵ ̵h̵ab.symm, hac.symm, hbc.symm]

Note: This linter can be disabled with `set_option linter.unusedSimpArgs false`
warning: LeanProof/Main.lean:946:5: Variable name `hk` is not explicitly referenced.

The binding can be removed (if unused) or named `_` (if used implicitly).

Note: This linter can be disabled with `set_option linter.unusedVariables false`
warning: LeanProof/Main.lean:1020:4: Try this: intro w hw hadj
warning: LeanProof/Main.lean:1200:57: try 'simp' instead of 'simpa'

Note: This linter can be disabled with `set_option linter.unnecessarySimpa false`
warning: LeanProof/Main.lean:1228:6: try 'simp' instead of 'simpa'

Note: This linter can be disabled with `set_option linter.unnecessarySimpa false`
warning: LeanProof/Main.lean:1250:30: try 'simp' instead of 'simpa'

Note: This linter can be disabled with `set_option linter.unnecessarySimpa false`
warning: LeanProof/Main.lean:1251:12: try 'simp' instead of 'simpa'

Note: This linter can be disabled with `set_option linter.unnecessarySimpa false`
warning: LeanProof/Main.lean:1231:8: automatically included section variable(s) unused in theorem `_private.LeanProof.Main.0.E993Interior.Guard.order_ge_alpha_succ`:
  [DecidableEq V]
consider restructuring your `variable` declarations so that the variables are not in scope or explicitly omit them:
  omit [DecidableEq V] in theorem ...

Note: This linter can be disabled with `set_option linter.unusedSectionVars false`
warning: LeanProof/Main.lean:1332:8: automatically included section variable(s) unused in theorem `_private.LeanProof.Main.0.E993Interior.Guard.choose_degree_one_le_sum`:
  [DecidableEq V]
consider restructuring your `variable` declarations so that the variables are not in scope or explicitly omit them:
  omit [DecidableEq V] in theorem ...

Note: This linter can be disabled with `set_option linter.unusedSectionVars false`
✔ [8656/8657] Built LeanProof (3.5s)
Build completed successfully (8657 jobs).
stderr:

$ /Users/ashtonsperry/.elan/toolchains/leanprover--lean4---v4.32.2/bin/lake env /Users/ashtonsperry/.elan/toolchains/leanprover--lean4---v4.32.2/bin/lean /Users/ashtonsperry/VerityOS/experiments/erdos-993-first-interior-aggregate-dre-2026-09-24/runs/lean-2026-09-24-c2-primary-v2/LeanProject/LeanProof/Main.lean
cwd: /Users/ashtonsperry/VerityOS/experiments/erdos-993-first-interior-aggregate-dre-2026-09-24/runs/lean-2026-09-24-c2-primary-v2/LeanProject
returncode: 0
stdout:
/Users/ashtonsperry/VerityOS/experiments/erdos-993-first-interior-aggregate-dre-2026-09-24/runs/lean-2026-09-24-c2-primary-v2/LeanProject/LeanProof/Main.lean:340:96: warning: Used `tac1 <;> tac2` where `(tac1; tac2)` would suffice

Note: This linter can be disabled with `set_option linter.unnecessarySeqFocus false`
/Users/ashtonsperry/VerityOS/experiments/erdos-993-first-interior-aggregate-dre-2026-09-24/runs/lean-2026-09-24-c2-primary-v2/LeanProject/LeanProof/Main.lean:474:24: warning: This simp argument is unused:
  and_left_comm

Hint: Omit it from the simp argument list.
  simp [E, and_assoc, a̵n̵d̵_̵l̵e̵f̵t̵_̵c̵o̵m̵m̵,̵ ̵and_comm]

Note: This linter can be disabled with `set_option linter.unusedSimpArgs false`
/Users/ashtonsperry/VerityOS/experiments/erdos-993-first-interior-aggregate-dre-2026-09-24/runs/lean-2026-09-24-c2-primary-v2/LeanProject/LeanProof/Main.lean:545:21: warning: This simp argument is unused:
  hab.symm

Hint: Omit it from the simp argument list.
  simp [Finset.powersetCard_eq_filter, Finset.powerset_insert,
  ̵  ̵ ̵ ̵ ̵ ̵hsingle, Finset.filter_insert,
  ̲  ̲ ̲ ̲ ̲ ̲Finset.filter_singleton, Finset.insert_comm,
  ̵  ̵ ̵ ̵ ̵ ̵hab, hac, hbc, hab̵.̵s̵y̵m̵m̵,̵ ̵h̵a̵c.symm, hbc.symm]

Note: This linter can be disabled with `set_option linter.unusedSimpArgs false`
/Users/ashtonsperry/VerityOS/experiments/erdos-993-first-interior-aggregate-dre-2026-09-24/runs/lean-2026-09-24-c2-primary-v2/LeanProject/LeanProof/Main.lean:545:31: warning: This simp argument is unused:
  hac.symm

Hint: Omit it from the simp argument list.
  simp [Finset.powersetCard_eq_filter, Finset.powerset_insert,
  ̵  ̵ ̵ ̵ ̵ ̵hsingle, Finset.filter_insert,
  ̲  ̲ ̲ ̲ ̲ ̲Finset.filter_singleton, Finset.insert_comm,
  ̵  ̵ ̵ ̵ ̵ ̵hab, hac, hbc, hab.symm, ha̵c̵.̵s̵y̵m̵m̵,̵ ̵h̵bc.symm]

Note: This linter can be disabled with `set_option linter.unusedSimpArgs false`
/Users/ashtonsperry/VerityOS/experiments/erdos-993-first-interior-aggregate-dre-2026-09-24/runs/lean-2026-09-24-c2-primary-v2/LeanProject/LeanProof/Main.lean:545:41: warning: This simp argument is unused:
  hbc.symm

Hint: Omit it from the simp argument list.
  simp [Finset.powersetCard_eq_filter, Finset.powerset_insert,
  ̵  ̵ ̵ ̵ ̵ ̵hsingle, Finset.filter_insert,
  ̲  ̲ ̲ ̲ ̲ ̲Finset.filter_singleton, Finset.insert_comm,
  ̵  ̵ ̵ ̵ ̵ ̵hab, hac, hbc, hab.symm, ha̵a̲c.symm,̵ ̵h̵b̵c̵.̵s̵y̵m̵m̵]

Note: This linter can be disabled with `set_option linter.unusedSimpArgs false`
/Users/ashtonsperry/VerityOS/experiments/erdos-993-first-interior-aggregate-dre-2026-09-24/runs/lean-2026-09-24-c2-primary-v2/LeanProject/LeanProof/Main.lean:550:51: warning: This simp argument is unused:
  hpabac

Hint: Omit it from the simp argument list.
  simp_all [SimpleGraph.isIndepSet_iff, Set.Pairwise, F.adj_comm,
  ̵  ̵ ̵ ̵Finset.filter_insert,
  ̲  ̲ ̲ ̲Finset.filter_singleton, hpaba̵c̵,̵ ̵h̵p̵a̵bb̵c, hpacbc,
  ̵  ̵ ̵ ̵hab, hac, hbc, hab.symm, hac.symm, hbc.symm]

Note: This linter can be disabled with `set_option linter.unusedSimpArgs false`
/Users/ashtonsperry/VerityOS/experiments/erdos-993-first-interior-aggregate-dre-2026-09-24/runs/lean-2026-09-24-c2-primary-v2/LeanProject/LeanProof/Main.lean:550:59: warning: This simp argument is unused:
  hpabbc

Hint: Omit it from the simp argument list.
  simp_all [SimpleGraph.isIndepSet_iff, Set.Pairwise, F.adj_comm,
  ̵  ̵ ̵ ̵Finset.filter_insert,
  ̲  ̲ ̲ ̲Finset.filter_singleton, hpabac, hpab̵b̵c,̵ ̵h̵p̵a̵c̵bc,
  ̵  ̵ ̵ ̵hab, hac, hbc, hab.symm, hac.symm, hbc.symm]

Note: This linter can be disabled with `set_option linter.unusedSimpArgs false`
/Users/ashtonsperry/VerityOS/experiments/erdos-993-first-interior-aggregate-dre-2026-09-24/runs/lean-2026-09-24-c2-primary-v2/LeanProject/LeanProof/Main.lean:550:67: warning: This simp argument is unused:
  hpacbc

Hint: Omit it from the simp argument list.
  simp_all [SimpleGraph.isIndepSet_iff, Set.Pairwise, F.adj_comm,
  ̵  ̵ ̵ ̵Finset.filter_insert,
  ̲  ̲ ̲ ̲Finset.filter_singleton, hpabac, hpabbc, hp̵ac̵bc̵,
  ̵  ̵ ̵ ̵hab̵,̵ ̵h̵a̵c, hbc, hab.symm, hac.symm, hbc.symm]

Note: This linter can be disabled with `set_option linter.unusedSimpArgs false`
/Users/ashtonsperry/VerityOS/experiments/erdos-993-first-interior-aggregate-dre-2026-09-24/runs/lean-2026-09-24-c2-primary-v2/LeanProject/LeanProof/Main.lean:551:4: warning: This simp argument is unused:
  hab

Hint: Omit it from the simp argument list.
  simp_all [SimpleGraph.isIndepSet_iff, Set.Pairwise, F.adj_comm,
  ̵  ̵ ̵ ̵Finset.filter_insert,
  ̲  ̲ ̲ ̲Finset.filter_singleton, hpabac, hpabbc, hpacbc,
  ̵  ̵ ̵ ̵hab̵,̵ ̵h̵a̵c, hbc, hab.symm, hac.symm, hbc.symm]

Note: This linter can be disabled with `set_option linter.unusedSimpArgs false`
/Users/ashtonsperry/VerityOS/experiments/erdos-993-first-interior-aggregate-dre-2026-09-24/runs/lean-2026-09-24-c2-primary-v2/LeanProject/LeanProof/Main.lean:551:9: warning: This simp argument is unused:
  hac

Hint: Omit it from the simp argument list.
  simp_all [SimpleGraph.isIndepSet_iff, Set.Pairwise, F.adj_comm,
  ̵  ̵ ̵ ̵Finset.filter_insert,
  ̲  ̲ ̲ ̲Finset.filter_singleton, hpabac, hpabbc, hpacbc,
  ̵  ̵ ̵ ̵hab, ha̵c̵,̵ ̵h̵bc, hab.symm, hac.symm, hbc.symm]

Note: This linter can be disabled with `set_option linter.unusedSimpArgs false`
/Users/ashtonsperry/VerityOS/experiments/erdos-993-first-interior-aggregate-dre-2026-09-24/runs/lean-2026-09-24-c2-primary-v2/LeanProject/LeanProof/Main.lean:551:14: warning: This simp argument is unused:
  hbc

Hint: Omit it from the simp argument list.
  simp_all [SimpleGraph.isIndepSet_iff, Set.Pairwise, F.adj_comm,
  ̵  ̵ ̵ ̵Finset.filter_insert,
  ̲  ̲ ̲ ̲Finset.filter_singleton, hpabac, hpabbc, hpacbc,
  ̵  ̵ ̵ ̵hab, hac, hb̵c̵,̵ ̵h̵ab.symm, hac.symm, hbc.symm]

Note: This linter can be disabled with `set_option linter.unusedSimpArgs false`
/Users/ashtonsperry/VerityOS/experiments/erdos-993-first-interior-aggregate-dre-2026-09-24/runs/lean-2026-09-24-c2-primary-v2/LeanProject/LeanProof/Main.lean:946:5: warning: Variable name `hk` is not explicitly referenced.

The binding can be removed (if unused) or named `_` (if used implicitly).

Note: This linter can be disabled with `set_option linter.unusedVariables false`
/Users/ashtonsperry/VerityOS/experiments/erdos-993-first-interior-aggregate-dre-2026-09-24/runs/lean-2026-09-24-c2-primary-v2/LeanProject/LeanProof/Main.lean:1020:4: warning: Try this: intro w hw hadj
/Users/ashtonsperry/VerityOS/experiments/erdos-993-first-interior-aggregate-dre-2026-09-24/runs/lean-2026-09-24-c2-primary-v2/LeanProject/LeanProof/Main.lean:1200:57: warning: try 'simp' instead of 'simpa'

Note: This linter can be disabled with `set_option linter.unnecessarySimpa false`
/Users/ashtonsperry/VerityOS/experiments/erdos-993-first-interior-aggregate-dre-2026-09-24/runs/lean-2026-09-24-c2-primary-v2/LeanProject/LeanProof/Main.lean:1228:6: warning: try 'simp' instead of 'simpa'

Note: This linter can be disabled with `set_option linter.unnecessarySimpa false`
/Users/ashtonsperry/VerityOS/experiments/erdos-993-first-interior-aggregate-dre-2026-09-24/runs/lean-2026-09-24-c2-primary-v2/LeanProject/LeanProof/Main.lean:1250:30: warning: try 'simp' instead of 'simpa'

Note: This linter can be disabled with `set_option linter.unnecessarySimpa false`
/Users/ashtonsperry/VerityOS/experiments/erdos-993-first-interior-aggregate-dre-2026-09-24/runs/lean-2026-09-24-c2-primary-v2/LeanProject/LeanProof/Main.lean:1251:12: warning: try 'simp' instead of 'simpa'

Note: This linter can be disabled with `set_option linter.unnecessarySimpa false`
/Users/ashtonsperry/VerityOS/experiments/erdos-993-first-interior-aggregate-dre-2026-09-24/runs/lean-2026-09-24-c2-primary-v2/LeanProject/LeanProof/Main.lean:1231:8: warning: automatically included section variable(s) unused in theorem `_private.LeanProof.Main.0.E993Interior.Guard.order_ge_alpha_succ`:
  [DecidableEq V]
consider restructuring your `variable` declarations so that the variables are not in scope or explicitly omit them:
  omit [DecidableEq V] in theorem ...

Note: This linter can be disabled with `set_option linter.unusedSectionVars false`
/Users/ashtonsperry/VerityOS/experiments/erdos-993-first-interior-aggregate-dre-2026-09-24/runs/lean-2026-09-24-c2-primary-v2/LeanProject/LeanProof/Main.lean:1332:8: warning: automatically included section variable(s) unused in theorem `_private.LeanProof.Main.0.E993Interior.Guard.choose_degree_one_le_sum`:
  [DecidableEq V]
consider restructuring your `variable` declarations so that the variables are not in scope or explicitly omit them:
  omit [DecidableEq V] in theorem ...

Note: This linter can be disabled with `set_option linter.unusedSectionVars false`
stderr:

$ /Users/ashtonsperry/.elan/toolchains/leanprover--lean4---v4.32.2/bin/lake env /Users/ashtonsperry/.elan/toolchains/leanprover--lean4---v4.32.2/bin/lean /Users/ashtonsperry/VerityOS/experiments/erdos-993-first-interior-aggregate-dre-2026-09-24/runs/lean-2026-09-24-c2-primary-v2/EVIDENCE/axioms-probe-2tljpwql.lean
cwd: /Users/ashtonsperry/VerityOS/experiments/erdos-993-first-interior-aggregate-dre-2026-09-24/runs/lean-2026-09-24-c2-primary-v2/LeanProject
returncode: 0
stdout:
/Users/ashtonsperry/VerityOS/experiments/erdos-993-first-interior-aggregate-dre-2026-09-24/runs/lean-2026-09-24-c2-primary-v2/EVIDENCE/axioms-probe-2tljpwql.lean:340:96: warning: Used `tac1 <;> tac2` where `(tac1; tac2)` would suffice

Note: This linter can be disabled with `set_option linter.unnecessarySeqFocus false`
/Users/ashtonsperry/VerityOS/experiments/erdos-993-first-interior-aggregate-dre-2026-09-24/runs/lean-2026-09-24-c2-primary-v2/EVIDENCE/axioms-probe-2tljpwql.lean:474:24: warning: This simp argument is unused:
  and_left_comm

Hint: Omit it from the simp argument list.
  simp [E, and_assoc, a̵n̵d̵_̵l̵e̵f̵t̵_̵c̵o̵m̵m̵,̵ ̵and_comm]

Note: This linter can be disabled with `set_option linter.unusedSimpArgs false`
/Users/ashtonsperry/VerityOS/experiments/erdos-993-first-interior-aggregate-dre-2026-09-24/runs/lean-2026-09-24-c2-primary-v2/EVIDENCE/axioms-probe-2tljpwql.lean:545:21: warning: This simp argument is unused:
  hab.symm

Hint: Omit it from the simp argument list.
  simp [Finset.powersetCard_eq_filter, Finset.powerset_insert,
  ̵  ̵ ̵ ̵ ̵ ̵hsingle, Finset.filter_insert,
  ̲  ̲ ̲ ̲ ̲ ̲Finset.filter_singleton, Finset.insert_comm,
  ̵  ̵ ̵ ̵ ̵ ̵hab, hac, hbc, hab̵.̵s̵y̵m̵m̵,̵ ̵h̵a̵c.symm, hbc.symm]

Note: This linter can be disabled with `set_option linter.unusedSimpArgs false`
/Users/ashtonsperry/VerityOS/experiments/erdos-993-first-interior-aggregate-dre-2026-09-24/runs/lean-2026-09-24-c2-primary-v2/EVIDENCE/axioms-probe-2tljpwql.lean:545:31: warning: This simp argument is unused:
  hac.symm

Hint: Omit it from the simp argument list.
  simp [Finset.powersetCard_eq_filter, Finset.powerset_insert,
  ̵  ̵ ̵ ̵ ̵ ̵hsingle, Finset.filter_insert,
  ̲  ̲ ̲ ̲ ̲ ̲Finset.filter_singleton, Finset.insert_comm,
  ̵  ̵ ̵ ̵ ̵ ̵hab, hac, hbc, hab.symm, ha̵c̵.̵s̵y̵m̵m̵,̵ ̵h̵bc.symm]

Note: This linter can be disabled with `set_option linter.unusedSimpArgs false`
/Users/ashtonsperry/VerityOS/experiments/erdos-993-first-interior-aggregate-dre-2026-09-24/runs/lean-2026-09-24-c2-primary-v2/EVIDENCE/axioms-probe-2tljpwql.lean:545:41: warning: This simp argument is unused:
  hbc.symm

Hint: Omit it from the simp argument list.
  simp [Finset.powersetCard_eq_filter, Finset.powerset_insert,
  ̵  ̵ ̵ ̵ ̵ ̵hsingle, Finset.filter_insert,
  ̲  ̲ ̲ ̲ ̲ ̲Finset.filter_singleton, Finset.insert_comm,
  ̵  ̵ ̵ ̵ ̵ ̵hab, hac, hbc, hab.symm, ha̵a̲c.symm,̵ ̵h̵b̵c̵.̵s̵y̵m̵m̵]

Note: This linter can be disabled with `set_option linter.unusedSimpArgs false`
/Users/ashtonsperry/VerityOS/experiments/erdos-993-first-interior-aggregate-dre-2026-09-24/runs/lean-2026-09-24-c2-primary-v2/EVIDENCE/axioms-probe-2tljpwql.lean:550:51: warning: This simp argument is unused:
  hpabac

Hint: Omit it from the simp argument list.
  simp_all [SimpleGraph.isIndepSet_iff, Set.Pairwise, F.adj_comm,
  ̵  ̵ ̵ ̵Finset.filter_insert,
  ̲  ̲ ̲ ̲Finset.filter_singleton, hpaba̵c̵,̵ ̵h̵p̵a̵bb̵c, hpacbc,
  ̵  ̵ ̵ ̵hab, hac, hbc, hab.symm, hac.symm, hbc.symm]

Note: This linter can be disabled with `set_option linter.unusedSimpArgs false`
/Users/ashtonsperry/VerityOS/experiments/erdos-993-first-interior-aggregate-dre-2026-09-24/runs/lean-2026-09-24-c2-primary-v2/EVIDENCE/axioms-probe-2tljpwql.lean:550:59: warning: This simp argument is unused:
  hpabbc

Hint: Omit it from the simp argument list.
  simp_all [SimpleGraph.isIndepSet_iff, Set.Pairwise, F.adj_comm,
  ̵  ̵ ̵ ̵Finset.filter_insert,
  ̲  ̲ ̲ ̲Finset.filter_singleton, hpabac, hpab̵b̵c,̵ ̵h̵p̵a̵c̵bc,
  ̵  ̵ ̵ ̵hab, hac, hbc, hab.symm, hac.symm, hbc.symm]

Note: This linter can be disabled with `set_option linter.unusedSimpArgs false`
/Users/ashtonsperry/VerityOS/experiments/erdos-993-first-interior-aggregate-dre-2026-09-24/runs/lean-2026-09-24-c2-primary-v2/EVIDENCE/axioms-probe-2tljpwql.lean:550:67: warning: This simp argument is unused:
  hpacbc

Hint: Omit it from the simp argument list.
  simp_all [SimpleGraph.isIndepSet_iff, Set.Pairwise, F.adj_comm,
  ̵  ̵ ̵ ̵Finset.filter_insert,
  ̲  ̲ ̲ ̲Finset.filter_singleton, hpabac, hpabbc, hp̵ac̵bc̵,
  ̵  ̵ ̵ ̵hab̵,̵ ̵h̵a̵c, hbc, hab.symm, hac.symm, hbc.symm]

Note: This linter can be disabled with `set_option linter.unusedSimpArgs false`
/Users/ashtonsperry/VerityOS/experiments/erdos-993-first-interior-aggregate-dre-2026-09-24/runs/lean-2026-09-24-c2-primary-v2/EVIDENCE/axioms-probe-2tljpwql.lean:551:4: warning: This simp argument is unused:
  hab

Hint: Omit it from the simp argument list.
  simp_all [SimpleGraph.isIndepSet_iff, Set.Pairwise, F.adj_comm,
  ̵  ̵ ̵ ̵Finset.filter_insert,
  ̲  ̲ ̲ ̲Finset.filter_singleton, hpabac, hpabbc, hpacbc,
  ̵  ̵ ̵ ̵hab̵,̵ ̵h̵a̵c, hbc, hab.symm, hac.symm, hbc.symm]

Note: This linter can be disabled with `set_option linter.unusedSimpArgs false`
/Users/ashtonsperry/VerityOS/experiments/erdos-993-first-interior-aggregate-dre-2026-09-24/runs/lean-2026-09-24-c2-primary-v2/EVIDENCE/axioms-probe-2tljpwql.lean:551:9: warning: This simp argument is unused:
  hac

Hint: Omit it from the simp argument list.
  simp_all [SimpleGraph.isIndepSet_iff, Set.Pairwise, F.adj_comm,
  ̵  ̵ ̵ ̵Finset.filter_insert,
  ̲  ̲ ̲ ̲Finset.filter_singleton, hpabac, hpabbc, hpacbc,
  ̵  ̵ ̵ ̵hab, ha̵c̵,̵ ̵h̵bc, hab.symm, hac.symm, hbc.symm]

Note: This linter can be disabled with `set_option linter.unusedSimpArgs false`
/Users/ashtonsperry/VerityOS/experiments/erdos-993-first-interior-aggregate-dre-2026-09-24/runs/lean-2026-09-24-c2-primary-v2/EVIDENCE/axioms-probe-2tljpwql.lean:551:14: warning: This simp argument is unused:
  hbc

Hint: Omit it from the simp argument list.
  simp_all [SimpleGraph.isIndepSet_iff, Set.Pairwise, F.adj_comm,
  ̵  ̵ ̵ ̵Finset.filter_insert,
  ̲  ̲ ̲ ̲Finset.filter_singleton, hpabac, hpabbc, hpacbc,
  ̵  ̵ ̵ ̵hab, hac, hb̵c̵,̵ ̵h̵ab.symm, hac.symm, hbc.symm]

Note: This linter can be disabled with `set_option linter.unusedSimpArgs false`
/Users/ashtonsperry/VerityOS/experiments/erdos-993-first-interior-aggregate-dre-2026-09-24/runs/lean-2026-09-24-c2-primary-v2/EVIDENCE/axioms-probe-2tljpwql.lean:946:5: warning: Variable name `hk` is not explicitly referenced.

The binding can be removed (if unused) or named `_` (if used implicitly).

Note: This linter can be disabled with `set_option linter.unusedVariables false`
/Users/ashtonsperry/VerityOS/experiments/erdos-993-first-interior-aggregate-dre-2026-09-24/runs/lean-2026-09-24-c2-primary-v2/EVIDENCE/axioms-probe-2tljpwql.lean:1020:4: warning: Try this: intro w hw hadj
/Users/ashtonsperry/VerityOS/experiments/erdos-993-first-interior-aggregate-dre-2026-09-24/runs/lean-2026-09-24-c2-primary-v2/EVIDENCE/axioms-probe-2tljpwql.lean:1200:57: warning: try 'simp' instead of 'simpa'

Note: This linter can be disabled with `set_option linter.unnecessarySimpa false`
/Users/ashtonsperry/VerityOS/experiments/erdos-993-first-interior-aggregate-dre-2026-09-24/runs/lean-2026-09-24-c2-primary-v2/EVIDENCE/axioms-probe-2tljpwql.lean:1228:6: warning: try 'simp' instead of 'simpa'

Note: This linter can be disabled with `set_option linter.unnecessarySimpa false`
/Users/ashtonsperry/VerityOS/experiments/erdos-993-first-interior-aggregate-dre-2026-09-24/runs/lean-2026-09-24-c2-primary-v2/EVIDENCE/axioms-probe-2tljpwql.lean:1250:30: warning: try 'simp' instead of 'simpa'

Note: This linter can be disabled with `set_option linter.unnecessarySimpa false`
/Users/ashtonsperry/VerityOS/experiments/erdos-993-first-interior-aggregate-dre-2026-09-24/runs/lean-2026-09-24-c2-primary-v2/EVIDENCE/axioms-probe-2tljpwql.lean:1251:12: warning: try 'simp' instead of 'simpa'

Note: This linter can be disabled with `set_option linter.unnecessarySimpa false`
/Users/ashtonsperry/VerityOS/experiments/erdos-993-first-interior-aggregate-dre-2026-09-24/runs/lean-2026-09-24-c2-primary-v2/EVIDENCE/axioms-probe-2tljpwql.lean:1231:8: warning: automatically included section variable(s) unused in theorem `_private._stdin.0.E993Interior.Guard.order_ge_alpha_succ`:
  [DecidableEq V]
consider restructuring your `variable` declarations so that the variables are not in scope or explicitly omit them:
  omit [DecidableEq V] in theorem ...

Note: This linter can be disabled with `set_option linter.unusedSectionVars false`
/Users/ashtonsperry/VerityOS/experiments/erdos-993-first-interior-aggregate-dre-2026-09-24/runs/lean-2026-09-24-c2-primary-v2/EVIDENCE/axioms-probe-2tljpwql.lean:1332:8: warning: automatically included section variable(s) unused in theorem `_private._stdin.0.E993Interior.Guard.choose_degree_one_le_sum`:
  [DecidableEq V]
consider restructuring your `variable` declarations so that the variables are not in scope or explicitly omit them:
  omit [DecidableEq V] in theorem ...

Note: This linter can be disabled with `set_option linter.unusedSectionVars false`
'E993Interior.firstInteriorAggregate' depends on axioms: [propext, Classical.choice, Quot.sound]
stderr:
