[
  {
    "order": 7,
    "rank": 3,
    "alpha": 5,
    "x_contract": 2,
    "eligible": false,
    "favorable_count": 4,
    "aggregate": -9
  },
  {
    "order": 11,
    "rank": 6,
    "alpha": 8,
    "x_contract": 4,
    "eligible": true,
    "favorable_count": 7,
    "aggregate": -117
  },
  {
    "order": 15,
    "rank": 9,
    "alpha": 11,
    "x_contract": 5,
    "eligible": true,
    "favorable_count": 10,
    "aggregate": -405
  },
  {
    "order": 19,
    "rank": 12,
    "alpha": 14,
    "x_contract": 7,
    "eligible": true,
    "favorable_count": 13,
    "aggregate": -954
  },
  {
    "order": 23,
    "rank": 15,
    "alpha": 17,
    "x_contract": 8,
    "eligible": true,
    "favorable_count": 16,
    "aggregate": -1845
  },
  {
    "order": 27,
    "rank": 18,
    "alpha": 20,
    "x_contract": 10,
    "eligible": true,
    "favorable_count": 19,
    "aggregate": -3159
  },
  {
    "order": 31,
    "rank": 21,
    "alpha": 23,
    "x_contract": 11,
    "eligible": true,
    "favorable_count": 22,
    "aggregate": -4977
  },
  {
    "order": 35,
    "rank": 24,
    "alpha": 26,
    "x_contract": 12,
    "eligible": true,
    "favorable_count": 25,
    "aggregate": -7380
  },
  {
    "order": 39,
    "rank": 27,
    "alpha": 29,
    "x_contract": 14,
    "eligible": true,
    "favorable_count": 28,
    "aggregate": -10449
  },
  {
    "order": 43,
    "rank": 30,
    "alpha": 32,
    "x_contract": 15,
    "eligible": true,
    "favorable_count": 31,
    "aggregate": -14265
  },
  {
    "order": 47,
    "rank": 33,
    "alpha": 35,
    "x_contract": 17,
    "eligible": true,
    "favorable_count": 34,
    "aggregate": -18909
  },
  {
    "order": 51,
    "rank": 36,
    "alpha": 38,
    "x_contract": 18,
    "eligible": true,
    "favorable_count": 37,
    "aggregate": -24462
  },
  {
    "order": 55,
    "rank": 39,
    "alpha": 41,
    "x_contract": 20,
    "eligible": true,
    "favorable_count": 40,
    "aggregate": -31005
  },
  {
    "order": 59,
    "rank": 42,
    "alpha": 44,
    "x_contract": 21,
    "eligible": true,
    "favorable_count": 43,
    "aggregate": -38619
  },
  {
    "order": 63,
    "rank": 45,
    "alpha": 47,
    "x_contract": 22,
    "eligible": true,
    "favorable_count": 46,
    "aggregate": -47385
  },
  {
    "order": 67,
    "rank": 48,
    "alpha": 50,
    "x_contract": 24,
    "eligible": true,
    "favorable_count": 49,
    "aggregate": -57384
  },
  {
    "order": 71,
    "rank": 51,
    "alpha": 53,
    "x_contract": 25,
    "eligible": true,
    "favorable_count": 52,
    "aggregate": -68697
  },
  {
    "order": 75,
    "rank": 54,
    "alpha": 56,
    "x_contract": 27,
    "eligible": true,
    "favorable_count": 55,
    "aggregate": -81405
  },
  {
    "order": 79,
    "rank": 57,
    "alpha": 59,
    "x_contract": 28,
    "eligible": true,
    "favorable_count": 58,
    "aggregate": -95589
  },
  {
    "order": 83,
    "rank": 60,
    "alpha": 62,
    "x_contract": 30,
    "eligible": true,
    "favorable_count": 61,
    "aggregate": -111330
  },
  {
    "order": 87,
    "rank": 63,
    "alpha": 65,
    "x_contract": 31,
    "eligible": true,
    "favorable_count": 64,
    "aggregate": -128709
  },
  {
    "order": 91,
    "rank": 66,
    "alpha": 68,
    "x_contract": 32,
    "eligible": true,
    "favorable_count": 67,
    "aggregate": -147807
  },
  {
    "order": 95,
    "rank": 69,
    "alpha": 71,
    "x_contract": 34,
    "eligible": true,
    "favorable_count": 70,
    "aggregate": -168705
  },
  {
    "order": 99,
    "rank": 72,
    "alpha": 74,
    "x_contract": 35,
    "eligible": true,
    "favorable_count": 73,
    "aggregate": -191484
  },
  {
    "order": 103,
    "rank": 75,
    "alpha": 77,
    "x_contract": 37,
    "eligible": true,
    "favorable_count": 76,
    "aggregate": -216225
  },
  {
    "order": 107,
    "rank": 78,
    "alpha": 80,
    "x_contract": 38,
    "eligible": true,
    "favorable_count": 79,
    "aggregate": -243009
  },
  {
    "order": 111,
    "rank": 81,
    "alpha": 83,
    "x_contract": 40,
    "eligible": true,
    "favorable_count": 82,
    "aggregate": -271917
  },
  {
    "order": 115,
    "rank": 84,
    "alpha": 86,
    "x_contract": 41,
    "eligible": true,
    "favorable_count": 85,
    "aggregate": -303030
  },
  {
    "order": 119,
    "rank": 87,
    "alpha": 89,
    "x_contract": 43,
    "eligible": true,
    "favorable_count": 88,
    "aggregate": -336429
  },
  {
    "order": 123,
    "rank": 90,
    "alpha": 92,
    "x_contract": 44,
    "eligible": true,
    "favorable_count": 91,
    "aggregate": -372195
  },
  {
    "order": 127,
    "rank": 93,
    "alpha": 95,
    "x_contract": 45,
    "eligible": true,
    "favorable_count": 94,
    "aggregate": -410409
  },
  {
    "order": 131,
    "rank": 96,
    "alpha": 98,
    "x_contract": 47,
    "eligible": true,
    "favorable_count": 97,
    "aggregate": -451152
  },
  {
    "order": 135,
    "rank": 99,
    "alpha": 101,
    "x_contract": 48,
    "eligible": true,
    "favorable_count": 100,
    "aggregate": -494505
  },
  {
    "order": 139,
    "rank": 102,
    "alpha": 104,
    "x_contract": 50,
    "eligible": true,
    "favorable_count": 103,
    "aggregate": -540549
  },
  {
    "order": 143,
    "rank": 105,
    "alpha": 107,
    "x_contract": 51,
    "eligible": true,
    "favorable_count": 106,
    "aggregate": -589365
  },
  {
    "order": 147,
    "rank": 108,
    "alpha": 110,
    "x_contract": 53,
    "eligible": true,
    "favorable_count": 109,
    "aggregate": -641034
  },
  {
    "order": 151,
    "rank": 111,
    "alpha": 113,
    "x_contract": 54,
    "eligible": true,
    "favorable_count": 112,
    "aggregate": -695637
  },
  {
    "order": 155,
    "rank": 114,
    "alpha": 116,
    "x_contract": 55,
    "eligible": true,
    "favorable_count": 115,
    "aggregate": -753255
  },
  {
    "order": 159,
    "rank": 117,
    "alpha": 119,
    "x_contract": 57,
    "eligible": true,
    "favorable_count": 118,
    "aggregate": -813969
  },
  {
    "order": 163,
    "rank": 120,
    "alpha": 122,
    "x_contract": 58,
    "eligible": true,
    "favorable_count": 121,
    "aggregate": -877860
  },
  {
    "order": 167,
    "rank": 123,
    "alpha": 125,
    "x_contract": 60,
    "eligible": true,
    "favorable_count": 124,
    "aggregate": -945009
  },
  {
    "order": 171,
    "rank": 126,
    "alpha": 128,
    "x_contract": 61,
    "eligible": true,
    "favorable_count": 127,
    "aggregate": -1015497
  },
  {
    "order": 175,
    "rank": 129,
    "alpha": 131,
    "x_contract": 63,
    "eligible": true,
    "favorable_count": 130,
    "aggregate": -1089405
  },
  {
    "order": 179,
    "rank": 132,
    "alpha": 134,
    "x_contract": 64,
    "eligible": true,
    "favorable_count": 133,
    "aggregate": -1166814
  },
  {
    "order": 183,
    "rank": 135,
    "alpha": 137,
    "x_contract": 66,
    "eligible": true,
    "favorable_count": 136,
    "aggregate": -1247805
  },
  {
    "order": 187,
    "rank": 138,
    "alpha": 140,
    "x_contract": 67,
    "eligible": true,
    "favorable_count": 139,
    "aggregate": -1332459
  },
  {
    "order": 191,
    "rank": 141,
    "alpha": 143,
    "x_contract": 68,
    "eligible": true,
    "favorable_count": 142,
    "aggregate": -1420857
  },
  {
    "order": 195,
    "rank": 144,
    "alpha": 146,
    "x_contract": 70,
    "eligible": true,
    "favorable_count": 145,
    "aggregate": -1513080
  },
  {
    "order": 199,
    "rank": 147,
    "alpha": 149,
    "x_contract": 71,
    "eligible": true,
    "favorable_count": 148,
    "aggregate": -1609209
  },
  {
    "order": 203,
    "rank": 150,
    "alpha": 152,
    "x_contract": 73,
    "eligible": true,
    "favorable_count": 151,
    "aggregate": -1709325
  },
  {
    "order": 207,
    "rank": 153,
    "alpha": 155,
    "x_contract": 74,
    "eligible": true,
    "favorable_count": 154,
    "aggregate": -1813509
  },
  {
    "order": 211,
    "rank": 156,
    "alpha": 158,
    "x_contract": 76,
    "eligible": true,
    "favorable_count": 157,
    "aggregate": -1921842
  },
  {
    "order": 215,
    "rank": 159,
    "alpha": 161,
    "x_contract": 77,
    "eligible": true,
    "favorable_count": 160,
    "aggregate": -2034405
  },
  {
    "order": 219,
    "rank": 162,
    "alpha": 164,
    "x_contract": 79,
    "eligible": true,
    "favorable_count": 163,
    "aggregate": -2151279
  },
  {
    "order": 223,
    "rank": 165,
    "alpha": 167,
    "x_contract": 80,
    "eligible": true,
    "favorable_count": 166,
    "aggregate": -2272545
  },
  {
    "order": 227,
    "rank": 168,
    "alpha": 170,
    "x_contract": 81,
    "eligible": true,
    "favorable_count": 169,
    "aggregate": -2398284
  },
  {
    "order": 231,
    "rank": 171,
    "alpha": 173,
    "x_contract": 83,
    "eligible": true,
    "favorable_count": 172,
    "aggregate": -2528577
  },
  {
    "order": 235,
    "rank": 174,
    "alpha": 176,
    "x_contract": 84,
    "eligible": true,
    "favorable_count": 175,
    "aggregate": -2663505
  },
  {
    "order": 239,
    "rank": 177,
    "alpha": 179,
    "x_contract": 86,
    "eligible": true,
    "favorable_count": 178,
    "aggregate": -2803149
  },
  {
    "order": 243,
    "rank": 180,
    "alpha": 182,
    "x_contract": 87,
    "eligible": true,
    "favorable_count": 181,
    "aggregate": -2947590
  }
]
