$ /Users/ashtonsperry/.elan/bin/lean --version
cwd: /Users/ashtonsperry/VerityOS/experiments/erdos-993-lower-region-compensation-dre-2026-09-25/runs/lean-2026-09-25-c3-first-shell-repair-2/LeanProject
returncode: 0
stdout:
Lean (version 4.32.2, arm64-apple-darwin24.6.0, commit f3b06c705e6c85f5314019d5d3baab0fec5b580c, Release)
stderr:

$ /Users/ashtonsperry/.elan/bin/lake --version
cwd: /Users/ashtonsperry/VerityOS/experiments/erdos-993-lower-region-compensation-dre-2026-09-25/runs/lean-2026-09-25-c3-first-shell-repair-2/LeanProject
returncode: 0
stdout:
Lake version 5.0.0-src+f3b06c7 (Lean version 4.32.2)
stderr:

$ /Users/ashtonsperry/.elan/bin/lake build
cwd: /Users/ashtonsperry/VerityOS/experiments/erdos-993-lower-region-compensation-dre-2026-09-25/runs/lean-2026-09-25-c3-first-shell-repair-2/LeanProject
returncode: 0
stdout:
⚠ [8655/8657] Built LeanProof.Main (19s)
warning: LeanProof/Main.lean:725:96: Used `tac1 <;> tac2` where `(tac1; tac2)` would suffice

Note: This linter can be disabled with `set_option linter.unnecessarySeqFocus false`
warning: LeanProof/Main.lean:845:24: This simp argument is unused:
  and_left_comm

Hint: Omit it from the simp argument list.
  simp [E, and_assoc, a̵n̵d̵_̵l̵e̵f̵t̵_̵c̵o̵m̵m̵,̵ ̵and_comm]

Note: This linter can be disabled with `set_option linter.unusedSimpArgs false`
warning: LeanProof/Main.lean:917:21: This simp argument is unused:
  hab.symm

Hint: Omit it from the simp argument list.
  simp [Finset.powersetCard_eq_filter, Finset.powerset_insert,
  ̵  ̵ ̵ ̵ ̵ ̵hsingle, Finset.filter_insert,
  ̲  ̲ ̲ ̲ ̲ ̲Finset.filter_singleton, Finset.insert_comm,
  ̵  ̵ ̵ ̵ ̵ ̵hab, hac, hbc, hab̵.̵s̵y̵m̵m̵,̵ ̵h̵a̵c.symm, hbc.symm]

Note: This linter can be disabled with `set_option linter.unusedSimpArgs false`
warning: LeanProof/Main.lean:917:31: This simp argument is unused:
  hac.symm

Hint: Omit it from the simp argument list.
  simp [Finset.powersetCard_eq_filter, Finset.powerset_insert,
  ̵  ̵ ̵ ̵ ̵ ̵hsingle, Finset.filter_insert,
  ̲  ̲ ̲ ̲ ̲ ̲Finset.filter_singleton, Finset.insert_comm,
  ̵  ̵ ̵ ̵ ̵ ̵hab, hac, hbc, hab.symm, ha̵c̵.̵s̵y̵m̵m̵,̵ ̵h̵bc.symm]

Note: This linter can be disabled with `set_option linter.unusedSimpArgs false`
warning: LeanProof/Main.lean:917:41: This simp argument is unused:
  hbc.symm

Hint: Omit it from the simp argument list.
  simp [Finset.powersetCard_eq_filter, Finset.powerset_insert,
  ̵  ̵ ̵ ̵ ̵ ̵hsingle, Finset.filter_insert,
  ̲  ̲ ̲ ̲ ̲ ̲Finset.filter_singleton, Finset.insert_comm,
  ̵  ̵ ̵ ̵ ̵ ̵hab, hac, hbc, hab.symm, ha̵a̲c.symm,̵ ̵h̵b̵c̵.̵s̵y̵m̵m̵]

Note: This linter can be disabled with `set_option linter.unusedSimpArgs false`
warning: LeanProof/Main.lean:922:51: This simp argument is unused:
  hpabac

Hint: Omit it from the simp argument list.
  simp_all [SimpleGraph.isIndepSet_iff, Set.Pairwise, F.adj_comm,
  ̵  ̵ ̵ ̵Finset.filter_insert,
  ̲  ̲ ̲ ̲Finset.filter_singleton, hpaba̵c̵,̵ ̵h̵p̵a̵bb̵c, hpacbc,
  ̵  ̵ ̵ ̵hab, hac, hbc, hab.symm, hac.symm, hbc.symm]

Note: This linter can be disabled with `set_option linter.unusedSimpArgs false`
warning: LeanProof/Main.lean:922:59: This simp argument is unused:
  hpabbc

Hint: Omit it from the simp argument list.
  simp_all [SimpleGraph.isIndepSet_iff, Set.Pairwise, F.adj_comm,
  ̵  ̵ ̵ ̵Finset.filter_insert,
  ̲  ̲ ̲ ̲Finset.filter_singleton, hpabac, hpab̵b̵c,̵ ̵h̵p̵a̵c̵bc,
  ̵  ̵ ̵ ̵hab, hac, hbc, hab.symm, hac.symm, hbc.symm]

Note: This linter can be disabled with `set_option linter.unusedSimpArgs false`
warning: LeanProof/Main.lean:922:67: This simp argument is unused:
  hpacbc

Hint: Omit it from the simp argument list.
  simp_all [SimpleGraph.isIndepSet_iff, Set.Pairwise, F.adj_comm,
  ̵  ̵ ̵ ̵Finset.filter_insert,
  ̲  ̲ ̲ ̲Finset.filter_singleton, hpabac, hpabbc, hp̵ac̵bc̵,
  ̵  ̵ ̵ ̵hab̵,̵ ̵h̵a̵c, hbc, hab.symm, hac.symm, hbc.symm]

Note: This linter can be disabled with `set_option linter.unusedSimpArgs false`
warning: LeanProof/Main.lean:923:4: This simp argument is unused:
  hab

Hint: Omit it from the simp argument list.
  simp_all [SimpleGraph.isIndepSet_iff, Set.Pairwise, F.adj_comm,
  ̵  ̵ ̵ ̵Finset.filter_insert,
  ̲  ̲ ̲ ̲Finset.filter_singleton, hpabac, hpabbc, hpacbc,
  ̵  ̵ ̵ ̵hab̵,̵ ̵h̵a̵c, hbc, hab.symm, hac.symm, hbc.symm]

Note: This linter can be disabled with `set_option linter.unusedSimpArgs false`
warning: LeanProof/Main.lean:923:9: This simp argument is unused:
  hac

Hint: Omit it from the simp argument list.
  simp_all [SimpleGraph.isIndepSet_iff, Set.Pairwise, F.adj_comm,
  ̵  ̵ ̵ ̵Finset.filter_insert,
  ̲  ̲ ̲ ̲Finset.filter_singleton, hpabac, hpabbc, hpacbc,
  ̵  ̵ ̵ ̵hab, ha̵c̵,̵ ̵h̵bc, hab.symm, hac.symm, hbc.symm]

Note: This linter can be disabled with `set_option linter.unusedSimpArgs false`
warning: LeanProof/Main.lean:923:14: This simp argument is unused:
  hbc

Hint: Omit it from the simp argument list.
  simp_all [SimpleGraph.isIndepSet_iff, Set.Pairwise, F.adj_comm,
  ̵  ̵ ̵ ̵Finset.filter_insert,
  ̲  ̲ ̲ ̲Finset.filter_singleton, hpabac, hpabbc, hpacbc,
  ̵  ̵ ̵ ̵hab, hac, hb̵c̵,̵ ̵h̵ab.symm, hac.symm, hbc.symm]

Note: This linter can be disabled with `set_option linter.unusedSimpArgs false`
warning: LeanProof/Main.lean:2652:28: try 'simp' instead of 'simpa'

Note: This linter can be disabled with `set_option linter.unnecessarySimpa false`
warning: LeanProof/Main.lean:3530:12: try 'simp' instead of 'simpa'

Note: This linter can be disabled with `set_option linter.unnecessarySimpa false`
warning: LeanProof/Main.lean:3811:22: Used `tac1 <;> tac2` where `(tac1; tac2)` would suffice

Note: This linter can be disabled with `set_option linter.unnecessarySeqFocus false`
warning: LeanProof/Main.lean:3811:36: Used `tac1 <;> tac2` where `(tac1; tac2)` would suffice

Note: This linter can be disabled with `set_option linter.unnecessarySeqFocus false`
warning: LeanProof/Main.lean:3921:54: Used `tac1 <;> tac2` where `(tac1; tac2)` would suffice

Note: This linter can be disabled with `set_option linter.unnecessarySeqFocus false`
warning: LeanProof/Main.lean:4384:28: try 'simp' instead of 'simpa'

Note: This linter can be disabled with `set_option linter.unnecessarySimpa false`
✔ [8656/8657] Built LeanProof (3.2s)
Build completed successfully (8657 jobs).
stderr:

$ /Users/ashtonsperry/.elan/bin/lake env /Users/ashtonsperry/.elan/bin/lean /Users/ashtonsperry/VerityOS/experiments/erdos-993-lower-region-compensation-dre-2026-09-25/runs/lean-2026-09-25-c3-first-shell-repair-2/LeanProject/LeanProof/Main.lean
cwd: /Users/ashtonsperry/VerityOS/experiments/erdos-993-lower-region-compensation-dre-2026-09-25/runs/lean-2026-09-25-c3-first-shell-repair-2/LeanProject
returncode: 0
stdout:
/Users/ashtonsperry/VerityOS/experiments/erdos-993-lower-region-compensation-dre-2026-09-25/runs/lean-2026-09-25-c3-first-shell-repair-2/LeanProject/LeanProof/Main.lean:725:96: warning: Used `tac1 <;> tac2` where `(tac1; tac2)` would suffice

Note: This linter can be disabled with `set_option linter.unnecessarySeqFocus false`
/Users/ashtonsperry/VerityOS/experiments/erdos-993-lower-region-compensation-dre-2026-09-25/runs/lean-2026-09-25-c3-first-shell-repair-2/LeanProject/LeanProof/Main.lean:845:24: warning: This simp argument is unused:
  and_left_comm

Hint: Omit it from the simp argument list.
  simp [E, and_assoc, a̵n̵d̵_̵l̵e̵f̵t̵_̵c̵o̵m̵m̵,̵ ̵and_comm]

Note: This linter can be disabled with `set_option linter.unusedSimpArgs false`
/Users/ashtonsperry/VerityOS/experiments/erdos-993-lower-region-compensation-dre-2026-09-25/runs/lean-2026-09-25-c3-first-shell-repair-2/LeanProject/LeanProof/Main.lean:917:21: warning: This simp argument is unused:
  hab.symm

Hint: Omit it from the simp argument list.
  simp [Finset.powersetCard_eq_filter, Finset.powerset_insert,
  ̵  ̵ ̵ ̵ ̵ ̵hsingle, Finset.filter_insert,
  ̲  ̲ ̲ ̲ ̲ ̲Finset.filter_singleton, Finset.insert_comm,
  ̵  ̵ ̵ ̵ ̵ ̵hab, hac, hbc, hab̵.̵s̵y̵m̵m̵,̵ ̵h̵a̵c.symm, hbc.symm]

Note: This linter can be disabled with `set_option linter.unusedSimpArgs false`
/Users/ashtonsperry/VerityOS/experiments/erdos-993-lower-region-compensation-dre-2026-09-25/runs/lean-2026-09-25-c3-first-shell-repair-2/LeanProject/LeanProof/Main.lean:917:31: warning: This simp argument is unused:
  hac.symm

Hint: Omit it from the simp argument list.
  simp [Finset.powersetCard_eq_filter, Finset.powerset_insert,
  ̵  ̵ ̵ ̵ ̵ ̵hsingle, Finset.filter_insert,
  ̲  ̲ ̲ ̲ ̲ ̲Finset.filter_singleton, Finset.insert_comm,
  ̵  ̵ ̵ ̵ ̵ ̵hab, hac, hbc, hab.symm, ha̵c̵.̵s̵y̵m̵m̵,̵ ̵h̵bc.symm]

Note: This linter can be disabled with `set_option linter.unusedSimpArgs false`
/Users/ashtonsperry/VerityOS/experiments/erdos-993-lower-region-compensation-dre-2026-09-25/runs/lean-2026-09-25-c3-first-shell-repair-2/LeanProject/LeanProof/Main.lean:917:41: warning: This simp argument is unused:
  hbc.symm

Hint: Omit it from the simp argument list.
  simp [Finset.powersetCard_eq_filter, Finset.powerset_insert,
  ̵  ̵ ̵ ̵ ̵ ̵hsingle, Finset.filter_insert,
  ̲  ̲ ̲ ̲ ̲ ̲Finset.filter_singleton, Finset.insert_comm,
  ̵  ̵ ̵ ̵ ̵ ̵hab, hac, hbc, hab.symm, ha̵a̲c.symm,̵ ̵h̵b̵c̵.̵s̵y̵m̵m̵]

Note: This linter can be disabled with `set_option linter.unusedSimpArgs false`
/Users/ashtonsperry/VerityOS/experiments/erdos-993-lower-region-compensation-dre-2026-09-25/runs/lean-2026-09-25-c3-first-shell-repair-2/LeanProject/LeanProof/Main.lean:922:51: warning: This simp argument is unused:
  hpabac

Hint: Omit it from the simp argument list.
  simp_all [SimpleGraph.isIndepSet_iff, Set.Pairwise, F.adj_comm,
  ̵  ̵ ̵ ̵Finset.filter_insert,
  ̲  ̲ ̲ ̲Finset.filter_singleton, hpaba̵c̵,̵ ̵h̵p̵a̵bb̵c, hpacbc,
  ̵  ̵ ̵ ̵hab, hac, hbc, hab.symm, hac.symm, hbc.symm]

Note: This linter can be disabled with `set_option linter.unusedSimpArgs false`
/Users/ashtonsperry/VerityOS/experiments/erdos-993-lower-region-compensation-dre-2026-09-25/runs/lean-2026-09-25-c3-first-shell-repair-2/LeanProject/LeanProof/Main.lean:922:59: warning: This simp argument is unused:
  hpabbc

Hint: Omit it from the simp argument list.
  simp_all [SimpleGraph.isIndepSet_iff, Set.Pairwise, F.adj_comm,
  ̵  ̵ ̵ ̵Finset.filter_insert,
  ̲  ̲ ̲ ̲Finset.filter_singleton, hpabac, hpab̵b̵c,̵ ̵h̵p̵a̵c̵bc,
  ̵  ̵ ̵ ̵hab, hac, hbc, hab.symm, hac.symm, hbc.symm]

Note: This linter can be disabled with `set_option linter.unusedSimpArgs false`
/Users/ashtonsperry/VerityOS/experiments/erdos-993-lower-region-compensation-dre-2026-09-25/runs/lean-2026-09-25-c3-first-shell-repair-2/LeanProject/LeanProof/Main.lean:922:67: warning: This simp argument is unused:
  hpacbc

Hint: Omit it from the simp argument list.
  simp_all [SimpleGraph.isIndepSet_iff, Set.Pairwise, F.adj_comm,
  ̵  ̵ ̵ ̵Finset.filter_insert,
  ̲  ̲ ̲ ̲Finset.filter_singleton, hpabac, hpabbc, hp̵ac̵bc̵,
  ̵  ̵ ̵ ̵hab̵,̵ ̵h̵a̵c, hbc, hab.symm, hac.symm, hbc.symm]

Note: This linter can be disabled with `set_option linter.unusedSimpArgs false`
/Users/ashtonsperry/VerityOS/experiments/erdos-993-lower-region-compensation-dre-2026-09-25/runs/lean-2026-09-25-c3-first-shell-repair-2/LeanProject/LeanProof/Main.lean:923:4: warning: This simp argument is unused:
  hab

Hint: Omit it from the simp argument list.
  simp_all [SimpleGraph.isIndepSet_iff, Set.Pairwise, F.adj_comm,
  ̵  ̵ ̵ ̵Finset.filter_insert,
  ̲  ̲ ̲ ̲Finset.filter_singleton, hpabac, hpabbc, hpacbc,
  ̵  ̵ ̵ ̵hab̵,̵ ̵h̵a̵c, hbc, hab.symm, hac.symm, hbc.symm]

Note: This linter can be disabled with `set_option linter.unusedSimpArgs false`
/Users/ashtonsperry/VerityOS/experiments/erdos-993-lower-region-compensation-dre-2026-09-25/runs/lean-2026-09-25-c3-first-shell-repair-2/LeanProject/LeanProof/Main.lean:923:9: warning: This simp argument is unused:
  hac

Hint: Omit it from the simp argument list.
  simp_all [SimpleGraph.isIndepSet_iff, Set.Pairwise, F.adj_comm,
  ̵  ̵ ̵ ̵Finset.filter_insert,
  ̲  ̲ ̲ ̲Finset.filter_singleton, hpabac, hpabbc, hpacbc,
  ̵  ̵ ̵ ̵hab, ha̵c̵,̵ ̵h̵bc, hab.symm, hac.symm, hbc.symm]

Note: This linter can be disabled with `set_option linter.unusedSimpArgs false`
/Users/ashtonsperry/VerityOS/experiments/erdos-993-lower-region-compensation-dre-2026-09-25/runs/lean-2026-09-25-c3-first-shell-repair-2/LeanProject/LeanProof/Main.lean:923:14: warning: This simp argument is unused:
  hbc

Hint: Omit it from the simp argument list.
  simp_all [SimpleGraph.isIndepSet_iff, Set.Pairwise, F.adj_comm,
  ̵  ̵ ̵ ̵Finset.filter_insert,
  ̲  ̲ ̲ ̲Finset.filter_singleton, hpabac, hpabbc, hpacbc,
  ̵  ̵ ̵ ̵hab, hac, hb̵c̵,̵ ̵h̵ab.symm, hac.symm, hbc.symm]

Note: This linter can be disabled with `set_option linter.unusedSimpArgs false`
/Users/ashtonsperry/VerityOS/experiments/erdos-993-lower-region-compensation-dre-2026-09-25/runs/lean-2026-09-25-c3-first-shell-repair-2/LeanProject/LeanProof/Main.lean:2652:28: warning: try 'simp' instead of 'simpa'

Note: This linter can be disabled with `set_option linter.unnecessarySimpa false`
/Users/ashtonsperry/VerityOS/experiments/erdos-993-lower-region-compensation-dre-2026-09-25/runs/lean-2026-09-25-c3-first-shell-repair-2/LeanProject/LeanProof/Main.lean:3530:12: warning: try 'simp' instead of 'simpa'

Note: This linter can be disabled with `set_option linter.unnecessarySimpa false`
/Users/ashtonsperry/VerityOS/experiments/erdos-993-lower-region-compensation-dre-2026-09-25/runs/lean-2026-09-25-c3-first-shell-repair-2/LeanProject/LeanProof/Main.lean:3811:22: warning: Used `tac1 <;> tac2` where `(tac1; tac2)` would suffice

Note: This linter can be disabled with `set_option linter.unnecessarySeqFocus false`
/Users/ashtonsperry/VerityOS/experiments/erdos-993-lower-region-compensation-dre-2026-09-25/runs/lean-2026-09-25-c3-first-shell-repair-2/LeanProject/LeanProof/Main.lean:3811:36: warning: Used `tac1 <;> tac2` where `(tac1; tac2)` would suffice

Note: This linter can be disabled with `set_option linter.unnecessarySeqFocus false`
/Users/ashtonsperry/VerityOS/experiments/erdos-993-lower-region-compensation-dre-2026-09-25/runs/lean-2026-09-25-c3-first-shell-repair-2/LeanProject/LeanProof/Main.lean:3921:54: warning: Used `tac1 <;> tac2` where `(tac1; tac2)` would suffice

Note: This linter can be disabled with `set_option linter.unnecessarySeqFocus false`
/Users/ashtonsperry/VerityOS/experiments/erdos-993-lower-region-compensation-dre-2026-09-25/runs/lean-2026-09-25-c3-first-shell-repair-2/LeanProject/LeanProof/Main.lean:4384:28: warning: try 'simp' instead of 'simpa'

Note: This linter can be disabled with `set_option linter.unnecessarySimpa false`
stderr:

$ /Users/ashtonsperry/.elan/bin/lake env /Users/ashtonsperry/.elan/bin/lean /Users/ashtonsperry/VerityOS/experiments/erdos-993-lower-region-compensation-dre-2026-09-25/runs/lean-2026-09-25-c3-first-shell-repair-2/EVIDENCE/axioms-probe-q51w9nqs.lean
cwd: /Users/ashtonsperry/VerityOS/experiments/erdos-993-lower-region-compensation-dre-2026-09-25/runs/lean-2026-09-25-c3-first-shell-repair-2/LeanProject
returncode: 0
stdout:
/Users/ashtonsperry/VerityOS/experiments/erdos-993-lower-region-compensation-dre-2026-09-25/runs/lean-2026-09-25-c3-first-shell-repair-2/EVIDENCE/axioms-probe-q51w9nqs.lean:725:96: warning: Used `tac1 <;> tac2` where `(tac1; tac2)` would suffice

Note: This linter can be disabled with `set_option linter.unnecessarySeqFocus false`
/Users/ashtonsperry/VerityOS/experiments/erdos-993-lower-region-compensation-dre-2026-09-25/runs/lean-2026-09-25-c3-first-shell-repair-2/EVIDENCE/axioms-probe-q51w9nqs.lean:845:24: warning: This simp argument is unused:
  and_left_comm

Hint: Omit it from the simp argument list.
  simp [E, and_assoc, a̵n̵d̵_̵l̵e̵f̵t̵_̵c̵o̵m̵m̵,̵ ̵and_comm]

Note: This linter can be disabled with `set_option linter.unusedSimpArgs false`
/Users/ashtonsperry/VerityOS/experiments/erdos-993-lower-region-compensation-dre-2026-09-25/runs/lean-2026-09-25-c3-first-shell-repair-2/EVIDENCE/axioms-probe-q51w9nqs.lean:917:21: warning: This simp argument is unused:
  hab.symm

Hint: Omit it from the simp argument list.
  simp [Finset.powersetCard_eq_filter, Finset.powerset_insert,
  ̵  ̵ ̵ ̵ ̵ ̵hsingle, Finset.filter_insert,
  ̲  ̲ ̲ ̲ ̲ ̲Finset.filter_singleton, Finset.insert_comm,
  ̵  ̵ ̵ ̵ ̵ ̵hab, hac, hbc, hab̵.̵s̵y̵m̵m̵,̵ ̵h̵a̵c.symm, hbc.symm]

Note: This linter can be disabled with `set_option linter.unusedSimpArgs false`
/Users/ashtonsperry/VerityOS/experiments/erdos-993-lower-region-compensation-dre-2026-09-25/runs/lean-2026-09-25-c3-first-shell-repair-2/EVIDENCE/axioms-probe-q51w9nqs.lean:917:31: warning: This simp argument is unused:
  hac.symm

Hint: Omit it from the simp argument list.
  simp [Finset.powersetCard_eq_filter, Finset.powerset_insert,
  ̵  ̵ ̵ ̵ ̵ ̵hsingle, Finset.filter_insert,
  ̲  ̲ ̲ ̲ ̲ ̲Finset.filter_singleton, Finset.insert_comm,
  ̵  ̵ ̵ ̵ ̵ ̵hab, hac, hbc, hab.symm, ha̵c̵.̵s̵y̵m̵m̵,̵ ̵h̵bc.symm]

Note: This linter can be disabled with `set_option linter.unusedSimpArgs false`
/Users/ashtonsperry/VerityOS/experiments/erdos-993-lower-region-compensation-dre-2026-09-25/runs/lean-2026-09-25-c3-first-shell-repair-2/EVIDENCE/axioms-probe-q51w9nqs.lean:917:41: warning: This simp argument is unused:
  hbc.symm

Hint: Omit it from the simp argument list.
  simp [Finset.powersetCard_eq_filter, Finset.powerset_insert,
  ̵  ̵ ̵ ̵ ̵ ̵hsingle, Finset.filter_insert,
  ̲  ̲ ̲ ̲ ̲ ̲Finset.filter_singleton, Finset.insert_comm,
  ̵  ̵ ̵ ̵ ̵ ̵hab, hac, hbc, hab.symm, ha̵a̲c.symm,̵ ̵h̵b̵c̵.̵s̵y̵m̵m̵]

Note: This linter can be disabled with `set_option linter.unusedSimpArgs false`
/Users/ashtonsperry/VerityOS/experiments/erdos-993-lower-region-compensation-dre-2026-09-25/runs/lean-2026-09-25-c3-first-shell-repair-2/EVIDENCE/axioms-probe-q51w9nqs.lean:922:51: warning: This simp argument is unused:
  hpabac

Hint: Omit it from the simp argument list.
  simp_all [SimpleGraph.isIndepSet_iff, Set.Pairwise, F.adj_comm,
  ̵  ̵ ̵ ̵Finset.filter_insert,
  ̲  ̲ ̲ ̲Finset.filter_singleton, hpaba̵c̵,̵ ̵h̵p̵a̵bb̵c, hpacbc,
  ̵  ̵ ̵ ̵hab, hac, hbc, hab.symm, hac.symm, hbc.symm]

Note: This linter can be disabled with `set_option linter.unusedSimpArgs false`
/Users/ashtonsperry/VerityOS/experiments/erdos-993-lower-region-compensation-dre-2026-09-25/runs/lean-2026-09-25-c3-first-shell-repair-2/EVIDENCE/axioms-probe-q51w9nqs.lean:922:59: warning: This simp argument is unused:
  hpabbc

Hint: Omit it from the simp argument list.
  simp_all [SimpleGraph.isIndepSet_iff, Set.Pairwise, F.adj_comm,
  ̵  ̵ ̵ ̵Finset.filter_insert,
  ̲  ̲ ̲ ̲Finset.filter_singleton, hpabac, hpab̵b̵c,̵ ̵h̵p̵a̵c̵bc,
  ̵  ̵ ̵ ̵hab, hac, hbc, hab.symm, hac.symm, hbc.symm]

Note: This linter can be disabled with `set_option linter.unusedSimpArgs false`
/Users/ashtonsperry/VerityOS/experiments/erdos-993-lower-region-compensation-dre-2026-09-25/runs/lean-2026-09-25-c3-first-shell-repair-2/EVIDENCE/axioms-probe-q51w9nqs.lean:922:67: warning: This simp argument is unused:
  hpacbc

Hint: Omit it from the simp argument list.
  simp_all [SimpleGraph.isIndepSet_iff, Set.Pairwise, F.adj_comm,
  ̵  ̵ ̵ ̵Finset.filter_insert,
  ̲  ̲ ̲ ̲Finset.filter_singleton, hpabac, hpabbc, hp̵ac̵bc̵,
  ̵  ̵ ̵ ̵hab̵,̵ ̵h̵a̵c, hbc, hab.symm, hac.symm, hbc.symm]

Note: This linter can be disabled with `set_option linter.unusedSimpArgs false`
/Users/ashtonsperry/VerityOS/experiments/erdos-993-lower-region-compensation-dre-2026-09-25/runs/lean-2026-09-25-c3-first-shell-repair-2/EVIDENCE/axioms-probe-q51w9nqs.lean:923:4: warning: This simp argument is unused:
  hab

Hint: Omit it from the simp argument list.
  simp_all [SimpleGraph.isIndepSet_iff, Set.Pairwise, F.adj_comm,
  ̵  ̵ ̵ ̵Finset.filter_insert,
  ̲  ̲ ̲ ̲Finset.filter_singleton, hpabac, hpabbc, hpacbc,
  ̵  ̵ ̵ ̵hab̵,̵ ̵h̵a̵c, hbc, hab.symm, hac.symm, hbc.symm]

Note: This linter can be disabled with `set_option linter.unusedSimpArgs false`
/Users/ashtonsperry/VerityOS/experiments/erdos-993-lower-region-compensation-dre-2026-09-25/runs/lean-2026-09-25-c3-first-shell-repair-2/EVIDENCE/axioms-probe-q51w9nqs.lean:923:9: warning: This simp argument is unused:
  hac

Hint: Omit it from the simp argument list.
  simp_all [SimpleGraph.isIndepSet_iff, Set.Pairwise, F.adj_comm,
  ̵  ̵ ̵ ̵Finset.filter_insert,
  ̲  ̲ ̲ ̲Finset.filter_singleton, hpabac, hpabbc, hpacbc,
  ̵  ̵ ̵ ̵hab, ha̵c̵,̵ ̵h̵bc, hab.symm, hac.symm, hbc.symm]

Note: This linter can be disabled with `set_option linter.unusedSimpArgs false`
/Users/ashtonsperry/VerityOS/experiments/erdos-993-lower-region-compensation-dre-2026-09-25/runs/lean-2026-09-25-c3-first-shell-repair-2/EVIDENCE/axioms-probe-q51w9nqs.lean:923:14: warning: This simp argument is unused:
  hbc

Hint: Omit it from the simp argument list.
  simp_all [SimpleGraph.isIndepSet_iff, Set.Pairwise, F.adj_comm,
  ̵  ̵ ̵ ̵Finset.filter_insert,
  ̲  ̲ ̲ ̲Finset.filter_singleton, hpabac, hpabbc, hpacbc,
  ̵  ̵ ̵ ̵hab, hac, hb̵c̵,̵ ̵h̵ab.symm, hac.symm, hbc.symm]

Note: This linter can be disabled with `set_option linter.unusedSimpArgs false`
/Users/ashtonsperry/VerityOS/experiments/erdos-993-lower-region-compensation-dre-2026-09-25/runs/lean-2026-09-25-c3-first-shell-repair-2/EVIDENCE/axioms-probe-q51w9nqs.lean:2652:28: warning: try 'simp' instead of 'simpa'

Note: This linter can be disabled with `set_option linter.unnecessarySimpa false`
/Users/ashtonsperry/VerityOS/experiments/erdos-993-lower-region-compensation-dre-2026-09-25/runs/lean-2026-09-25-c3-first-shell-repair-2/EVIDENCE/axioms-probe-q51w9nqs.lean:3530:12: warning: try 'simp' instead of 'simpa'

Note: This linter can be disabled with `set_option linter.unnecessarySimpa false`
/Users/ashtonsperry/VerityOS/experiments/erdos-993-lower-region-compensation-dre-2026-09-25/runs/lean-2026-09-25-c3-first-shell-repair-2/EVIDENCE/axioms-probe-q51w9nqs.lean:3811:22: warning: Used `tac1 <;> tac2` where `(tac1; tac2)` would suffice

Note: This linter can be disabled with `set_option linter.unnecessarySeqFocus false`
/Users/ashtonsperry/VerityOS/experiments/erdos-993-lower-region-compensation-dre-2026-09-25/runs/lean-2026-09-25-c3-first-shell-repair-2/EVIDENCE/axioms-probe-q51w9nqs.lean:3811:36: warning: Used `tac1 <;> tac2` where `(tac1; tac2)` would suffice

Note: This linter can be disabled with `set_option linter.unnecessarySeqFocus false`
/Users/ashtonsperry/VerityOS/experiments/erdos-993-lower-region-compensation-dre-2026-09-25/runs/lean-2026-09-25-c3-first-shell-repair-2/EVIDENCE/axioms-probe-q51w9nqs.lean:3921:54: warning: Used `tac1 <;> tac2` where `(tac1; tac2)` would suffice

Note: This linter can be disabled with `set_option linter.unnecessarySeqFocus false`
/Users/ashtonsperry/VerityOS/experiments/erdos-993-lower-region-compensation-dre-2026-09-25/runs/lean-2026-09-25-c3-first-shell-repair-2/EVIDENCE/axioms-probe-q51w9nqs.lean:4384:28: warning: try 'simp' instead of 'simpa'

Note: This linter can be disabled with `set_option linter.unnecessarySimpa false`
'E993FirstShell.firstShellPointwiseAndAggregate' depends on axioms: [propext, Classical.choice, Quot.sound]
stderr:
