/Users/ashtonsperry/VerityOS/experiments/erdos-993-first-interior-aggregate-dre-2026-09-24/runs/lean-2026-09-24-c2-primary-v2/STAGING/leaf/Check.lean:289:96: warning: Used `tac1 <;> tac2` where `(tac1; tac2)` would suffice

Note: This linter can be disabled with `set_option linter.unnecessarySeqFocus false`
/Users/ashtonsperry/VerityOS/experiments/erdos-993-first-interior-aggregate-dre-2026-09-24/runs/lean-2026-09-24-c2-primary-v2/STAGING/leaf/Check.lean:409:24: warning: This simp argument is unused:
  and_left_comm

Hint: Omit it from the simp argument list.
  simp [E, and_assoc, a̵n̵d̵_̵l̵e̵f̵t̵_̵c̵o̵m̵m̵,̵ ̵and_comm]

Note: This linter can be disabled with `set_option linter.unusedSimpArgs false`
/Users/ashtonsperry/VerityOS/experiments/erdos-993-first-interior-aggregate-dre-2026-09-24/runs/lean-2026-09-24-c2-primary-v2/STAGING/leaf/Check.lean:476:21: warning: This simp argument is unused:
  hab.symm

Hint: Omit it from the simp argument list.
  simp [Finset.powersetCard_eq_filter, Finset.powerset_insert,
  ̵  ̵ ̵ ̵ ̵ ̵hsingle, Finset.filter_insert,
  ̲  ̲ ̲ ̲ ̲ ̲Finset.filter_singleton, Finset.insert_comm,
  ̵  ̵ ̵ ̵ ̵ ̵hab, hac, hbc, hab̵.̵s̵y̵m̵m̵,̵ ̵h̵a̵c.symm, hbc.symm]

Note: This linter can be disabled with `set_option linter.unusedSimpArgs false`
/Users/ashtonsperry/VerityOS/experiments/erdos-993-first-interior-aggregate-dre-2026-09-24/runs/lean-2026-09-24-c2-primary-v2/STAGING/leaf/Check.lean:476:31: warning: This simp argument is unused:
  hac.symm

Hint: Omit it from the simp argument list.
  simp [Finset.powersetCard_eq_filter, Finset.powerset_insert,
  ̵  ̵ ̵ ̵ ̵ ̵hsingle, Finset.filter_insert,
  ̲  ̲ ̲ ̲ ̲ ̲Finset.filter_singleton, Finset.insert_comm,
  ̵  ̵ ̵ ̵ ̵ ̵hab, hac, hbc, hab.symm, ha̵c̵.̵s̵y̵m̵m̵,̵ ̵h̵bc.symm]

Note: This linter can be disabled with `set_option linter.unusedSimpArgs false`
/Users/ashtonsperry/VerityOS/experiments/erdos-993-first-interior-aggregate-dre-2026-09-24/runs/lean-2026-09-24-c2-primary-v2/STAGING/leaf/Check.lean:476:41: warning: This simp argument is unused:
  hbc.symm

Hint: Omit it from the simp argument list.
  simp [Finset.powersetCard_eq_filter, Finset.powerset_insert,
  ̵  ̵ ̵ ̵ ̵ ̵hsingle, Finset.filter_insert,
  ̲  ̲ ̲ ̲ ̲ ̲Finset.filter_singleton, Finset.insert_comm,
  ̵  ̵ ̵ ̵ ̵ ̵hab, hac, hbc, hab.symm, ha̵a̲c.symm,̵ ̵h̵b̵c̵.̵s̵y̵m̵m̵]

Note: This linter can be disabled with `set_option linter.unusedSimpArgs false`
/Users/ashtonsperry/VerityOS/experiments/erdos-993-first-interior-aggregate-dre-2026-09-24/runs/lean-2026-09-24-c2-primary-v2/STAGING/leaf/Check.lean:481:51: warning: This simp argument is unused:
  hpabac

Hint: Omit it from the simp argument list.
  simp_all [SimpleGraph.isIndepSet_iff, Set.Pairwise, F.adj_comm,
  ̵  ̵ ̵ ̵Finset.filter_insert,
  ̲  ̲ ̲ ̲Finset.filter_singleton, hpaba̵c̵,̵ ̵h̵p̵a̵bb̵c, hpacbc,
  ̵  ̵ ̵ ̵hab, hac, hbc, hab.symm, hac.symm, hbc.symm]

Note: This linter can be disabled with `set_option linter.unusedSimpArgs false`
/Users/ashtonsperry/VerityOS/experiments/erdos-993-first-interior-aggregate-dre-2026-09-24/runs/lean-2026-09-24-c2-primary-v2/STAGING/leaf/Check.lean:481:59: warning: This simp argument is unused:
  hpabbc

Hint: Omit it from the simp argument list.
  simp_all [SimpleGraph.isIndepSet_iff, Set.Pairwise, F.adj_comm,
  ̵  ̵ ̵ ̵Finset.filter_insert,
  ̲  ̲ ̲ ̲Finset.filter_singleton, hpabac, hpab̵b̵c,̵ ̵h̵p̵a̵c̵bc,
  ̵  ̵ ̵ ̵hab, hac, hbc, hab.symm, hac.symm, hbc.symm]

Note: This linter can be disabled with `set_option linter.unusedSimpArgs false`
/Users/ashtonsperry/VerityOS/experiments/erdos-993-first-interior-aggregate-dre-2026-09-24/runs/lean-2026-09-24-c2-primary-v2/STAGING/leaf/Check.lean:481:67: warning: This simp argument is unused:
  hpacbc

Hint: Omit it from the simp argument list.
  simp_all [SimpleGraph.isIndepSet_iff, Set.Pairwise, F.adj_comm,
  ̵  ̵ ̵ ̵Finset.filter_insert,
  ̲  ̲ ̲ ̲Finset.filter_singleton, hpabac, hpabbc, hp̵ac̵bc̵,
  ̵  ̵ ̵ ̵hab̵,̵ ̵h̵a̵c, hbc, hab.symm, hac.symm, hbc.symm]

Note: This linter can be disabled with `set_option linter.unusedSimpArgs false`
/Users/ashtonsperry/VerityOS/experiments/erdos-993-first-interior-aggregate-dre-2026-09-24/runs/lean-2026-09-24-c2-primary-v2/STAGING/leaf/Check.lean:482:4: warning: This simp argument is unused:
  hab

Hint: Omit it from the simp argument list.
  simp_all [SimpleGraph.isIndepSet_iff, Set.Pairwise, F.adj_comm,
  ̵  ̵ ̵ ̵Finset.filter_insert,
  ̲  ̲ ̲ ̲Finset.filter_singleton, hpabac, hpabbc, hpacbc,
  ̵  ̵ ̵ ̵hab̵,̵ ̵h̵a̵c, hbc, hab.symm, hac.symm, hbc.symm]

Note: This linter can be disabled with `set_option linter.unusedSimpArgs false`
/Users/ashtonsperry/VerityOS/experiments/erdos-993-first-interior-aggregate-dre-2026-09-24/runs/lean-2026-09-24-c2-primary-v2/STAGING/leaf/Check.lean:482:9: warning: This simp argument is unused:
  hac

Hint: Omit it from the simp argument list.
  simp_all [SimpleGraph.isIndepSet_iff, Set.Pairwise, F.adj_comm,
  ̵  ̵ ̵ ̵Finset.filter_insert,
  ̲  ̲ ̲ ̲Finset.filter_singleton, hpabac, hpabbc, hpacbc,
  ̵  ̵ ̵ ̵hab, ha̵c̵,̵ ̵h̵bc, hab.symm, hac.symm, hbc.symm]

Note: This linter can be disabled with `set_option linter.unusedSimpArgs false`
/Users/ashtonsperry/VerityOS/experiments/erdos-993-first-interior-aggregate-dre-2026-09-24/runs/lean-2026-09-24-c2-primary-v2/STAGING/leaf/Check.lean:482:14: warning: This simp argument is unused:
  hbc

Hint: Omit it from the simp argument list.
  simp_all [SimpleGraph.isIndepSet_iff, Set.Pairwise, F.adj_comm,
  ̵  ̵ ̵ ̵Finset.filter_insert,
  ̲  ̲ ̲ ̲Finset.filter_singleton, hpabac, hpabbc, hpacbc,
  ̵  ̵ ̵ ̵hab, hac, hb̵c̵,̵ ̵h̵ab.symm, hac.symm, hbc.symm]

Note: This linter can be disabled with `set_option linter.unusedSimpArgs false`
/Users/ashtonsperry/VerityOS/experiments/erdos-993-first-interior-aggregate-dre-2026-09-24/runs/lean-2026-09-24-c2-primary-v2/STAGING/leaf/Check.lean:762:4: warning: Try this: intro w hw hadj
